{
  "next" : "Legendary Decks II",
  "image" : "Cover YGLD-DeckEN.png",
  "sp-lat_release_date" : "November 13, 2015",
  "fr_database_id" : "38808001",
  "prefix" : "YGLD",
  "it_database_id" : "48808001",
  "de_database_id" : "28808001",
  "fr/de/it/sp_release_date" : "November 12, 2015",
  "oc_release_date" : "November 12, 2015",
  "fr_name" : "Decks Légendaires de Yugi",
  "type" : "Collector's Set",
  "en_database_id" : "18809001",
  "it_name" : "I Deck Leggendari di Yugi",
  "na_release_date" : "November 13, 2015",
  "pt_release_date" : "November 13, 2015",
  "size" : "133",
  "eu_release_date" : "November 12, 2015",
  "en_name" : "Yugi's Legendary Decks",
  "pt_database_id" : "18809001",
  "pt_name" : "Decks Lendários do Yugi",
  "es_name" : "Barajas Legendarias de Yugi",
  "es_database_id" : "58808001",
  "de_name" : "Yugi's Legendary Decks"
}
