{
  "next" : "Age of Overlord",
  "prefix" : "DUNE",
  "ja_database_id" : "1000009000000",
  "order_number" : "",
  "prev" : "Cyberstorm Access",
  "type" : "[[Booster pack]]",
  "romaji_name" : "Dyuerisuto Nekusasu",
  "sc_name" : "决斗者之绊",
  "it_name" : "Nexus dei Duellanti",
  "kr_release_date" : "June 24, 2023",
  "ko_name" : "듀얼리스트 넥서스",
  "sc_database_id" : "3000001272000",
  "ae_database_id" : "5000001301000",
  "en_name" : "Duelist Nexus",
  "ja_name" : "デュエリスト・ネクサス",
  "ko_database_id" : "1010001272000",
  "image" : "DUNE-BoosterEN.png",
  "ko_rr_name" : "Dyueolisteu Nekseoseu",
  "jp_release_date" : "April 22, 2023",
  "fr/de/it/sp_release_date" : "July 27, 2023",
  "oc_release_date" : "July 27, 2023",
  "fr_name" : "Nexus du Duelliste",
  "na_release_date" : "July 28, 2023",
  "pt_release_date" : "July 27, 2023",
  "size" : "* 81 (JP, KR)\n* 100 (''TCG'')\n* 121 (AE, SC)",
  "database_id" : "2000001272000",
  "eu_release_date" : "July 27, 2023",
  "series" : "Core Booster",
  "ae_release_date" : "December 16, 2023",
  "pt_name" : "Nexus Duelista",
  "es_name" : "Nexus Duelista",
  "cover_card" : "Cosmic Quasar Dragon",
  "sc_release_date" : "August 19, 2023",
  "de_name" : "Duelist Nexus"
}
