{
  "next" : "Rise of the Duelist",
  "prefix" : "ETCO",
  "ja_database_id" : "1122003",
  "order_number" : "",
  "prev" : "Ignition Assault",
  "type" : "[[Booster Pack]]",
  "romaji_name" : "Etāniti Kōdo",
  "it_name" : "Codice Eternità",
  "kr_release_date" : "April 14, 2020",
  "ko_name" : "이터니티 코드",
  "en_name" : "Eternity Code",
  "ja_name" : "エターニティ・コード",
  "ko_database_id" : "71118001",
  "image" : "ETCO-BoosterEN.png",
  "ko_rr_name" : "Iteoniti Kodeu",
  "jp_release_date" : "January 11, 2020",
  "fr/de/it/sp_release_date" : "April 30, 2020",
  "oc_release_date" : "April 30, 2020",
  "fr_name" : "Le Code de l'Éternité",
  "premiere" : "yes",
  "na_release_date" : "June 5, 2020",
  "pt_release_date" : "April 30, 2020",
  "size" : "* 80 (''OCG'')\n* 101 (''TCG'')",
  "database_id" : "11119003",
  "eu_release_date" : "April 30, 2020",
  "series" : "Core Booster",
  "pt_name" : "Código da Eternidade",
  "es_name" : "Código de Eternidad",
  "cover_card" : "Accesscode Talker",
  "de_name" : "Eternity Code"
}
