{
  "yugipediaPageId" : 4902,
  "type" : "booster pack",
  "series" : "core booster",
  "en" : {
    "name" : "Vol.1"
  },
  "de" : { },
  "es" : { },
  "fr" : { },
  "it" : { },
  "ja" : {
    "name" : "<ruby>Ｖｏｌ．<rt>ボリューム</rt></ruby>１",
    "konamiId" : 1101000
  },
  "ko" : { },
  "pt" : { },
  "zhHans" : { },
  "zhHant" : { }
}
