{
  "yugipediaPageId" : 663218,
  "type" : "booster pack",
  "series" : "core booster",
  "en" : {
    "name" : "Eternity Code",
    "setCode" : "ETCO"
  },
  "de" : {
    "name" : "Eternity Code"
  },
  "es" : {
    "name" : "Código de Eternidad"
  },
  "fr" : {
    "name" : "Le Code de l'Éternité"
  },
  "it" : {
    "name" : "Codice Eternità"
  },
  "ja" : {
    "name" : "エターニティ・コード",
    "konamiId" : 1122003
  },
  "ko" : {
    "name" : "이터니티 코드",
    "konamiId" : 71118001
  },
  "pt" : {
    "name" : "Código da Eternidade"
  },
  "zhHans" : { },
  "zhHant" : { }
}
