{
  "action" : "* Activates upon Fusion Summon\n* Sends from your field to your Graveyard",
  "archseries" : "Chimeratech",
  "atk" : "?",
  "attack" : "Can make multiple attacks on monsters",
  "attribute" : "DARK",
  "database_id" : "6734",
  "de_lore" : "„Cyber Drache“ + 1+ Maschine-Monster\nMuss als Fusionsbeschwörung beschworen werden. Falls diese Karte als Fusionsbeschwörung beschworen wird: Lege alle anderen Karten, die du kontrollierst, auf den Friedhof. Die Grund-ATK/DEF dieser Karte werden jeweils gleich der Anzahl des für ihre Fusionsbeschwörung verwendeten Fusionsmaterials x 800. Diese Karte kann die Monster deines Gegners in jeder Battle Phase bis zu so viele Male angreifen wie die Anzahl des für ihre Fusionsbeschwörung verwendeten Fusionsmaterials.",
  "de_name" : "Chimeratech-Überdrache",
  "de_sets" : "POTD-DE034; Power of the Duelist; Ultra Rare, Ultimate Rare\nDP04-DE013; Duelist Pack: Zane Truesdale; Rare\nGLD1-DE029; Gold Series; Gold Rare\nLCGX-DE183; Legendary Collection 2: The Duel Academy Years Mega Pack; Secret Rare\nRYMP-DE061; Ra Yellow Mega Pack; Rare\nSP14-DE043; Star Pack 2014; Common, Starfoil Rare\nPGLD-DE056; Premium Gold; Gold Rare\nLEDD-DEB27; Legendary Dragon Decks; Common\nSDCS-DE042; Structure Deck: Cyber Strike; Common\nSGX1-DEG22; Speed Duel GX: Duel Academy Box; Common",
  "def" : "?",
  "effect_types" : [
    "Summoning condition",
    "Trigger",
    "Continuous",
    "Continuous"
  ],
  "en_sets" : "POTD-EN034; Power of the Duelist; Ultra Rare, Ultimate Rare\nDP04-EN013; Duelist Pack: Zane Truesdale; Rare\nGLD1-EN029; Gold Series; Gold Rare\nLCGX-EN183; Legendary Collection 2: The Duel Academy Years Mega Pack; Secret Rare\nRYMP-EN061; Ra Yellow Mega Pack; Rare\nSP14-EN043; Star Pack 2014; Common, Starfoil Rare\nPGLD-EN056; Premium Gold; Gold Rare\nLEDD-ENB27; Legendary Dragon Decks; Common\nSDCS-EN042; Structure Deck: Cyber Strike; Common\nSGX1-ENG22; Speed Duel GX: Duel Academy Box; Common",
  "es_lore" : "\"Ciber Dragón\" + 1+ monstruos Máquina\nDebe ser Invocado por Fusión. Si esta carta es Invocada por Fusión: manda al Cementerio todas las demás cartas que controles. El ATK/DEF originales de esta carta se convierten, cada uno, en el número de Materiales de Fusión que utilizaste para su Invocación por Fusión x 800. Cada Battle Phase, esta carta puede atacar los monstruos de tu adversario hasta tantas veces como Materiales de Fusión usados para su Invocación por Fusión.",
  "es_name" : "Súper Dragón Chimeratech",
  "fr_lore" : "\"Cyber Dragon\" + 1+ monstre Machine\nUniquement Invocable par Fusion. Si cette carte est Invoquée par Fusion : envoyez toutes les autres cartes que vous contrôlez au Cimetière. L'ATK/DEF d'origine de cette carte deviennent chacune égales au nombre de Matériels Fusion utilisés pour son Invocation Fusion x 800. Chaque Battle Phase, cette carte peut attaquer les monstres de votre adversaire, un nombre de fois inférieur ou égal au nombre de Matériels Fusion utilisés pour son Invocation Fusion.",
  "fr_name" : "Chimeratech Over-Dragon",
  "fr_sets" : "POTD-FR034; Power of the Duelist; Ultra Rare, Ultimate Rare\nDP04-FR013; Duelist Pack: Zane Truesdale; Rare\nGLD1-FR029; Gold Series; Gold Rare\nRYMP-FR061; Ra Yellow Mega Pack; Rare\nSP14-FR043; Star Pack 2014; Common, Starfoil Rare\nPGLD-FR056; Premium Gold; Gold Rare\nLEDD-FRB27; Legendary Dragon Decks; Common\nSDCS-FR042; Structure Deck: Cyber Strike; Common\nSGX1-FRG22; Speed Duel GX: Duel Academy Box; Common",
  "fusion_material" : "* Cyber Dragon",
  "image" : "ChimeratechOverdragon-SGX1-EN-C-1E.png",
  "it_lore" : "\"Cyber Drago\" + 1+ mostri Macchina\nDeve essere Evocato tramite Fusione. Se questa carta viene Evocata tramite Fusione: manda tutte le altre carte che controlli al Cimitero. L'ATK/DEF originali di questa carta diventano ognuno pari al numero di Materiali da Fusione usati per la sua Evocazione tramite Fusione x 800. Questa carta può attaccare i mostri del tuo avversario un numero di volte ogni Battle Phase, fino al numero di Materiali da Fusione usati per la sua Evocazione tramite Fusione.",
  "it_name" : "Drago Supremo Chimeratech",
  "it_sets" : "POTD-IT034; Power of the Duelist; Ultra Rare, Ultimate Rare\nDP04-IT013; Duelist Pack: Zane Truesdale; Rare\nGLD1-IT029; Gold Series; Gold Rare\nLCGX-IT183; Legendary Collection 2: The Duel Academy Years Mega Pack; Secret Rare\nRYMP-IT061; Ra Yellow Mega Pack; Rare\nSP14-IT043; Star Pack 2014; Common, Starfoil Rare\nPGLD-IT056; Premium Gold; Gold Rare\nLEDD-ITB27; Legendary Dragon Decks; Common\nSDCS-IT042; Structure Deck: Cyber Strike; Common\nSGX1-ITG22; Speed Duel GX: Duel Academy Box; Common",
  "ja_lore" : "「サイバー・ドラゴン」＋機械族モンスター１体以上\nこのカードは融合召喚でしか特殊召喚できない。①：このカードが融合召喚に成功した場合に発動する。このカード以外の自分フィールドのカードを全て墓地へ送る。②：このカードの元々の攻撃力・守備力は、このカードの融合素材としたモンスターの数×８００になる。③：このカードは１度のバトルフェイズ中に、このカードの融合素材としたモンスターの数まで相手モンスターに攻撃できる。",
  "ja_name" : "キメラテック・オーバー・ドラゴン",
  "jp_sets" : "POTD-JP034; Power of the Duelist; Ultra Rare, Ultimate Rare\nDP04-JP013; Duelist Pack: Zane Truesdale; Rare\nDT13-JP032; Duel Terminal - Sacred Star Knights!!; Duel Terminal Rare Parallel Rare\nDE01-JP026; Duelist Edition Volume 1; Ultra Rare\nSD41-JP042; Structure Deck: Cyber Style's Successor; Normal Parallel Rare\nHC01-JP017; History Archive Collection; Normal Parallel Rare, Secret Rare, Ultimate Rare\n????-JP001; Yu-Gi-Oh! Quarter Century Summonscene Selection Blu-ray & DVD promotional card; Quarter Century Secret Rare",
  "ko_lore" : "\"사이버 드래곤\" ＋ 기계족 몬스터 1장 이상\n이 카드는 융합 소환으로밖에 특수 소환할 수 없다. ①: 이 카드가 융합 소환에 성공했을 경우에 발동한다. 이 카드 이외의 자신 필드의 카드를 전부 묘지로 보낸다. ②: 이 카드의 원래의 공격력 / 수비력은, 이 카드의 융합 소재로 한 몬스터의 수 × 800 이 된다. ③: 이 카드는 1번의 배틀 페이즈 중에, 이 카드의 융합 소재로 한 몬스터의 수까지 상대 몬스터에 공격할 수 있다.",
  "ko_name" : "키메라테크 오버 드래곤",
  "ko_rr_name" : "Kimeratekeu Obeo Deuraegon",
  "kr_sets" : "POTD-KR034; Power of the Duelist; Ultra Rare, Ultimate Rare\nDP04-KR013; Duelist Pack: Zane Truesdale; Rare\nPC01-KR027; Precious Pack Volume 1; Ultra Rare\nSD41-KR042; Structure Deck: Cyber Style's Successor; Normal Parallel Rare\nHC01-KR017; History Archive Collection; Normal Parallel Rare, Secret Rare, Ultimate Rare",
  "level" : "9",
  "lore" : "\"Cyber Dragon\" + 1+ Machine monsters\nMust be Fusion Summoned. If this card is Fusion Summoned: Send all other cards you control to the GY. The original ATK/DEF of this card each become equal to the number of Fusion Materials used for its Fusion Summon x 800. This card can attack your opponent's monsters a number of times each Battle Phase, up to the number of Fusion Materials used for its Fusion Summon.",
  "materials" : "\"Cyber Dragon\" + 1 or more Machine-Type monsters",
  "mentions" : "Cyber Dragon",
  "na_sets" : "DT07-EN032; Duel Terminal 7a; Duel Terminal Rare Parallel Rare",
  "password" : "64599569",
  "pt_lore" : "\"Dragão Cibernético\" + 1+ monstros Máquina\nDeve ser Invocado por Invocação-Fusão. Se este card for Invocado por Invocação-Fusão: envie todos os outros cards que você controla para o Cemitério. O ATK/DEF originais deste card se tornam iguais ao número de Matérias de Fusão usadas para sua Invocação-Fusão x 800. A cada Fase de Batalha, este card pode atacar os monstros do seu oponente um número de vezes até o número de Matérias de Fusão usadas para sua Invocação-Fusão.",
  "pt_name" : "Superdragão Quimeratech",
  "pt_sets" : "SP14-PT043; Star Pack 2014; Common, Starfoil Rare\nPGLD-PT056; Premium Gold; Gold Rare\nLEDD-PTB27; Legendary Dragon Decks; Common\nSDCS-PT042; Structure Deck: Cyber Strike; Common\nSGX1-PTG22; Speed Duel GX: Duel Academy Box; Common",
  "related_to_archseries" : "* Cyber Dragon (archetype)\n* Signature move",
  "romaji_name" : "Kimeratekku Ōbā Doragon",
  "sp_sets" : "POTD-SP034; Power of the Duelist; Ultra Rare, Ultimate Rare\nDP04-SP013; Duelist Pack: Zane Truesdale; Rare\nGLD1-SP029; Gold Series; Gold Rare\nRYMP-SP061; Ra Yellow Mega Pack; Rare\nSP14-SP043; Star Pack 2014; Common, Starfoil Rare\nPGLD-SP056; Premium Gold; Gold Rare\nLEDD-SPB27; Legendary Dragon Decks; Common\nSDCS-SP042; Structure Deck: Cyber Strike; Common\nSGX1-SPG22; Speed Duel GX: Duel Academy Box; Common",
  "stat_change" : "* Changes own ATK value\n* Changes own DEF value\n* Changes original ATK\n* Changes original DEF",
  "summoning" : "* 2+ Fusion Materials\n* Requires specific Effect Monsters as Fusion Materials\n* Requires Type specific Fusion Materials\n* Nomi",
  "supports" : "Machine",
  "tcg_speed_duel_status" : "Unlimited",
  "types" : "Machine / Fusion / Effect"
}
