{
  "id" : "a09bd474-03e1-3314-8e13-ad9e06d17eee",
  "cardId" : "a040ed69-8df0-3ab6-ad10-15c416785a25",
  "setId" : "e44cd828-48e0-30eb-b1fe-f77038269f5e",
  "setPrefix" : "PMPYLWRK",
  "printNumber" : "MEOZGBOQAY",
  "rarity" : "UFOJ",
  "language" : "it"
}