{
  "id" : "4f8b38c9-a4ae-351a-8e56-21c2a7258922",
  "name" : "AHJMYUWW",
  "nameAlt" : "RXNFMQGE",
  "setCode" : "BEOAPEZSDZ",
  "type" : "WMMPMPYLW",
  "series" : "KVMEOZG",
  "localizedData" : {
    "de" : {
      "name" : "RRCITAC",
      "nameAlt" : "EFYJKTXA",
      "setCode" : "WAXBDXLI"
    },
    "pt" : {
      "name" : "FFLOPREZ",
      "nameAlt" : "TUKWWH",
      "setCode" : "WXI"
    },
    "zh-Hans" : {
      "name" : "AYHUFOJC",
      "nameAlt" : "XGHP",
      "setCode" : "EQRGFN"
    },
    "zh-Hant" : {
      "name" : "JSJGG",
      "nameAlt" : "XHTNSKCWAJ",
      "setCode" : "WSNLZ"
    }
  }
}