{
  "type" : "object",
  "properties" : {
    "id" : {
      "type" : "string",
      "required" : true,
      "format" : "uuid"
    },
    "identifiers" : {
      "type" : "object",
      "properties" : {
        "konamiId" : {
          "type" : "integer"
        },
        "password" : {
          "type" : "integer"
        },
        "passwordAlt" : {
          "type" : "integer"
        },
        "yugipediaPageId" : {
          "type" : "integer"
        }
      }
    },
    "name" : {
      "type" : "string"
    },
    "cardType" : {
      "type" : "string",
      "enum" : [ "monster", "spell", "trap" ]
    },
    "property" : {
      "type" : "string",
      "pattern" : "[a-z]+"
    },
    "effectText" : {
      "type" : "string"
    },
    "monsterTypes" : {
      "type" : "array",
      "items" : {
        "type" : "string"
      }
    },
    "flavorText" : {
      "type" : "string"
    },
    "attribute" : {
      "type" : "string",
      "pattern" : "[a-z]+"
    },
    "atk" : {
      "type" : "integer"
    },
    "atkUndefined" : {
      "type" : "boolean"
    },
    "def" : {
      "type" : "integer"
    },
    "defUndefined" : {
      "type" : "boolean"
    },
    "level" : {
      "type" : "integer"
    },
    "materials" : {
      "type" : "string"
    },
    "pendulumEffect" : {
      "type" : "string"
    },
    "pendulumScale" : {
      "type" : "integer"
    },
    "linkRating" : {
      "type" : "integer"
    },
    "linkArrows" : {
      "type" : "array",
      "items" : {
        "type" : "string",
        "enum" : [ "top-left", "top-center", "top-right", "middle-left", "middle-right", "bottom-left", "bottom-center", "bottom-right" ]
      },
      "maxItems" : 8
    },
    "xyzRank" : {
      "type" : "integer"
    },
    "localizedData" : {
      "type" : "object",
      "properties" : {
        "de" : {
          "type" : "object",
          "properties" : {
            "name" : {
              "type" : "string"
            },
            "effectText" : {
              "type" : "string"
            },
            "flavorText" : {
              "type" : "string"
            },
            "materials" : {
              "type" : "string"
            },
            "pendulumEffect" : {
              "type" : "string"
            }
          }
        },
        "es" : {
          "type" : "object",
          "$ref" : "urn:jsonschema:io:github:ygojson:model:data:definitions:CardText"
        },
        "fr" : {
          "type" : "object",
          "$ref" : "urn:jsonschema:io:github:ygojson:model:data:definitions:CardText"
        },
        "it" : {
          "type" : "object",
          "$ref" : "urn:jsonschema:io:github:ygojson:model:data:definitions:CardText"
        },
        "ja" : {
          "type" : "object",
          "$ref" : "urn:jsonschema:io:github:ygojson:model:data:definitions:CardText"
        },
        "ko" : {
          "type" : "object",
          "$ref" : "urn:jsonschema:io:github:ygojson:model:data:definitions:CardText"
        },
        "pt" : {
          "type" : "object",
          "$ref" : "urn:jsonschema:io:github:ygojson:model:data:definitions:CardText"
        },
        "zh" : {
          "type" : "object",
          "$ref" : "urn:jsonschema:io:github:ygojson:model:data:definitions:CardText"
        }
      }
    }
  }
}