{
  "type" : "object",
  "properties" : {
    "id" : {
      "type" : "string",
      "required" : true,
      "format" : "uuid"
    },
    "name" : {
      "type" : "string"
    },
    "identifiers" : {
      "type" : "object",
      "properties" : {
        "konamiId" : {
          "type" : "integer"
        },
        "password" : {
          "type" : "integer"
        },
        "passwordAlt" : {
          "type" : "integer"
        },
        "yugipediaPageId" : {
          "type" : "integer"
        }
      }
    },
    "cardType" : {
      "type" : "string",
      "enum" : [ "monster", "spell", "trap" ]
    },
    "spellType" : {
      "type" : "string",
      "pattern" : "[a-z]+"
    },
    "trapType" : {
      "type" : "string",
      "pattern" : "[a-z]+"
    },
    "effectText" : {
      "type" : "string"
    },
    "monsterTypes" : {
      "type" : "array",
      "items" : {
        "type" : "string"
      }
    },
    "flavorText" : {
      "type" : "string"
    },
    "attribute" : {
      "type" : "string",
      "pattern" : "[a-z]+"
    },
    "atk" : {
      "type" : "integer"
    },
    "atkUndefined" : {
      "type" : "boolean"
    },
    "def" : {
      "type" : "integer"
    },
    "defUndefined" : {
      "type" : "boolean"
    },
    "level" : {
      "type" : "integer"
    },
    "pendulumEffect" : {
      "type" : "string"
    },
    "pendulumScale" : {
      "type" : "integer"
    },
    "materials" : {
      "type" : "string"
    },
    "linkRating" : {
      "type" : "integer"
    },
    "linkArrows" : {
      "type" : "array",
      "items" : {
        "type" : "string",
        "enum" : [ "top-left", "top-center", "top-right", "middle-left", "middle-right", "bottom-left", "bottom-center", "bottom-right" ]
      },
      "maxItems" : 8
    },
    "xyzRank" : {
      "type" : "integer"
    },
    "localizedData" : {
      "type" : "object",
      "additionalProperties" : {
        "type" : "object",
        "properties" : {
          "name" : {
            "type" : "string"
          },
          "effectText" : {
            "type" : "string"
          },
          "flavorText" : {
            "type" : "string"
          },
          "materials" : {
            "type" : "string"
          },
          "pendulumEffect" : {
            "type" : "string"
          }
        }
      }
    },
    "prints" : {
      "type" : "array",
      "items" : {
        "type" : "object",
        "properties" : {
          "id" : {
            "type" : "string",
            "required" : true,
            "format" : "uuid"
          },
          "cardId" : {
            "type" : "string",
            "required" : true,
            "format" : "uuid"
          },
          "setId" : {
            "type" : "string",
            "required" : true,
            "format" : "uuid"
          },
          "setPrefix" : {
            "type" : "string",
            "pattern" : "[a-zA-Z0-9]+-[a-zA-Z0-9]+"
          },
          "printNumber" : {
            "type" : "string",
            "pattern" : "[a-zA-Z0-9]+"
          },
          "rarity" : {
            "type" : "string"
          },
          "language" : {
            "type" : "string"
          }
        }
      }
    }
  }
}