{
  "2-pack_set" : "yes",
  "cover_card" : "Ancient Fairy Dragon",
  "de_database_id" : "21108003",
  "de_name" : "Ancient Prophecy",
  "en_database_id" : "11108003",
  "en_name" : "Ancient Prophecy",
  "es_database_id" : "51107003",
  "es_name" : "Profecía Antigua",
  "eu_release_date" : "",
  "fr/de/it/sp_release_date" : "August 27, 2009",
  "fr_database_id" : "31108003",
  "fr_name" : "Ancienne Prophétie",
  "image" : "ANPR-BoosterEN.jpg",
  "it_database_id" : "41108003",
  "it_name" : "Antica Profezia",
  "ja_database_id" : "1112000",
  "ja_name" : "エンシェント・プロフェシー",
  "jp_release_date" : "April 18, 2009",
  "ko_database_id" : "71107003",
  "ko_name" : "태고의 예언",
  "ko_rr_name" : "Taegoui Yeeon",
  "kr_release_date" : "September 23, 2009",
  "na_release_date" : "September 1, 2009",
  "next" : "Stardust Overdrive",
  "oc_release_date" : "",
  "order_number" : "605",
  "other_sets" : "Ancient Prophecy Plus",
  "page_id" : "62271",
  "prefix" : "ANPR",
  "prev" : "Raging Battle",
  "romaji_name" : "Enshento Purofeshī",
  "series" : "Core Booster",
  "size" : [
    "80 (OCG)",
    "100 (TCG)"
  ],
  "sneak_peek" : "yes",
  "special_edition" : "yes",
  "type" : "Booster Pack"
}