[ {
  "printCode" : "SR08-EN001",
  "setCode" : "SR08",
  "printNumber" : 1,
  "rarity" : "ultra rare",
  "language" : "en",
  "regionCode" : "EN"
}, {
  "printCode" : "SR08-DE001",
  "setCode" : "SR08",
  "printNumber" : 1,
  "rarity" : "ultra rare",
  "language" : "de",
  "regionCode" : "DE"
}, {
  "printCode" : "SR08-SP001",
  "setCode" : "SR08",
  "printNumber" : 1,
  "rarity" : "ultra rare",
  "language" : "es",
  "regionCode" : "SP"
}, {
  "printCode" : "SR08-FR001",
  "setCode" : "SR08",
  "printNumber" : 1,
  "rarity" : "ultra rare",
  "language" : "fr",
  "regionCode" : "FR"
}, {
  "printCode" : "SR08-IT001",
  "setCode" : "SR08",
  "printNumber" : 1,
  "rarity" : "ultra rare",
  "language" : "it",
  "regionCode" : "IT"
}, {
  "printCode" : "SR08-JP001",
  "setCode" : "SR08",
  "printNumber" : 1,
  "rarity" : "ultra rare",
  "language" : "ja",
  "regionCode" : "JP"
}, {
  "printCode" : "SR08-KR001",
  "setCode" : "SR08",
  "printNumber" : 1,
  "rarity" : "ultra rare",
  "language" : "ko",
  "regionCode" : "KR"
}, {
  "printCode" : "SR08-PT001",
  "setCode" : "SR08",
  "printNumber" : 1,
  "rarity" : "ultra rare",
  "language" : "pt",
  "regionCode" : "PT"
} ]