[ {
  "printCode" : "MRD-EN127",
  "rarity" : "ultra rare",
  "language" : "en"
}, {
  "printCode" : "DB2-EN073",
  "rarity" : "super rare",
  "language" : "en"
}, {
  "printCode" : "CP01-EN008",
  "rarity" : "rare",
  "language" : "en"
}, {
  "printCode" : "GLD2-EN044",
  "rarity" : "gold rare",
  "language" : "en"
}, {
  "printCode" : "SDLS-EN038",
  "rarity" : "common",
  "language" : "en"
}, {
  "printCode" : "BP01-EN047",
  "rarity" : "rare",
  "language" : "en"
}, {
  "printCode" : "BP01-EN047",
  "rarity" : "starfoil rare",
  "language" : "en"
}, {
  "printCode" : "GLD5-EN045",
  "rarity" : "ghost/gold rare",
  "language" : "en"
}, {
  "printCode" : "LCYW-EN152",
  "rarity" : "secret rare",
  "language" : "en"
}, {
  "printCode" : "LCJW-EN182",
  "rarity" : "secret rare",
  "language" : "en"
}, {
  "printCode" : "BLRR-EN100",
  "rarity" : "ultra rare",
  "language" : "en"
}, {
  "printCode" : "OP12-EN003",
  "rarity" : "ultimate rare",
  "language" : "en"
}, {
  "printCode" : "LART-EN014",
  "rarity" : "ultra rare",
  "language" : "en"
}, {
  "printCode" : "SESL-EN045",
  "rarity" : "super rare",
  "language" : "en"
}, {
  "printCode" : "MAGO-EN051",
  "rarity" : "premium gold rare",
  "language" : "en"
}, {
  "printCode" : "MAZE-EN063",
  "rarity" : "super rare",
  "language" : "en"
}, {
  "printCode" : "MAZE-EN063",
  "rarity" : "collector's rare",
  "language" : "en"
}, {
  "printCode" : "MRD-EN127",
  "rarity" : "ultra rare",
  "language" : "en"
}, {
  "printCode" : "SR14-EN038",
  "rarity" : "common",
  "language" : "en"
}, {
  "printCode" : "MRD-127",
  "rarity" : "ultra rare",
  "language" : "en"
}, {
  "printCode" : "DLG1-EN046",
  "rarity" : "super rare",
  "language" : "en"
}, {
  "printCode" : "MRD-E127",
  "rarity" : "ultra rare",
  "language" : "en"
}, {
  "printCode" : "RP01-EN045",
  "rarity" : "super rare",
  "language" : "en"
}, {
  "printCode" : "SDID-AE039",
  "rarity" : "common",
  "language" : "en"
}, {
  "printCode" : "MRD-G127",
  "rarity" : "ultra rare",
  "language" : "de"
}, {
  "printCode" : "DB2-DE073",
  "rarity" : "super rare",
  "language" : "de"
}, {
  "printCode" : "CP01-DE008",
  "rarity" : "rare",
  "language" : "de"
}, {
  "printCode" : "RP01-DE045",
  "rarity" : "super rare",
  "language" : "de"
}, {
  "printCode" : "GLD2-DE044",
  "rarity" : "gold rare",
  "language" : "de"
}, {
  "printCode" : "SDLS-DE038",
  "rarity" : "common",
  "language" : "de"
}, {
  "printCode" : "BP01-DE047",
  "rarity" : "rare",
  "language" : "de"
}, {
  "printCode" : "BP01-DE047",
  "rarity" : "starfoil rare",
  "language" : "de"
}, {
  "printCode" : "GLD5-DE045",
  "rarity" : "ghost/gold rare",
  "language" : "de"
}, {
  "printCode" : "LCYW-DE152",
  "rarity" : "secret rare",
  "language" : "de"
}, {
  "printCode" : "LCJW-DE182",
  "rarity" : "secret rare",
  "language" : "de"
}, {
  "printCode" : "BLRR-DE100",
  "rarity" : "ultra rare",
  "language" : "de"
}, {
  "printCode" : "OP12-DE003",
  "rarity" : "ultimate rare",
  "language" : "de"
}, {
  "printCode" : "LART-DE014",
  "rarity" : "ultra rare",
  "language" : "de"
}, {
  "printCode" : "SESL-DE045",
  "rarity" : "super rare",
  "language" : "de"
}, {
  "printCode" : "MAGO-DE051",
  "rarity" : "premium gold rare",
  "language" : "de"
}, {
  "printCode" : "MAZE-DE063",
  "rarity" : "super rare",
  "language" : "de"
}, {
  "printCode" : "MAZE-DE063",
  "rarity" : "collector's rare",
  "language" : "de"
}, {
  "printCode" : "MRD-DE127",
  "rarity" : "ultra rare",
  "language" : "de"
}, {
  "printCode" : "SR14-DE038",
  "rarity" : "common",
  "language" : "de"
}, {
  "printCode" : "PMT-S127",
  "rarity" : "ultra rare",
  "language" : "es"
}, {
  "printCode" : "DB2-SP073",
  "rarity" : "super rare",
  "language" : "es"
}, {
  "printCode" : "GLD2-SP044",
  "rarity" : "gold rare",
  "language" : "es"
}, {
  "printCode" : "SDLS-SP038",
  "rarity" : "common",
  "language" : "es"
}, {
  "printCode" : "BP01-SP047",
  "rarity" : "rare",
  "language" : "es"
}, {
  "printCode" : "BP01-SP047",
  "rarity" : "starfoil rare",
  "language" : "es"
}, {
  "printCode" : "GLD5-SP045",
  "rarity" : "ghost/gold rare",
  "language" : "es"
}, {
  "printCode" : "LCYW-SP152",
  "rarity" : "secret rare",
  "language" : "es"
}, {
  "printCode" : "LCJW-SP182",
  "rarity" : "secret rare",
  "language" : "es"
}, {
  "printCode" : "BLRR-SP100",
  "rarity" : "ultra rare",
  "language" : "es"
}, {
  "printCode" : "OP12-SP003",
  "rarity" : "ultimate rare",
  "language" : "es"
}, {
  "printCode" : "LART-SP014",
  "rarity" : "ultra rare",
  "language" : "es"
}, {
  "printCode" : "SESL-SP045",
  "rarity" : "super rare",
  "language" : "es"
}, {
  "printCode" : "MAGO-SP051",
  "rarity" : "premium gold rare",
  "language" : "es"
}, {
  "printCode" : "MAZE-SP063",
  "rarity" : "super rare",
  "language" : "es"
}, {
  "printCode" : "MAZE-SP063",
  "rarity" : "collector's rare",
  "language" : "es"
}, {
  "printCode" : "MRD-SP127",
  "rarity" : "ultra rare",
  "language" : "es"
}, {
  "printCode" : "SR14-SP038",
  "rarity" : "common",
  "language" : "es"
}, {
  "printCode" : "MRD-F127",
  "rarity" : "ultra rare",
  "language" : "fr"
}, {
  "printCode" : "DB2-FR073",
  "rarity" : "super rare",
  "language" : "fr"
}, {
  "printCode" : "CP01-FR008",
  "rarity" : "rare",
  "language" : "fr"
}, {
  "printCode" : "RP01-FR045",
  "rarity" : "super rare",
  "language" : "fr"
}, {
  "printCode" : "GLD2-FR044",
  "rarity" : "gold rare",
  "language" : "fr"
}, {
  "printCode" : "SDLS-FR038",
  "rarity" : "common",
  "language" : "fr"
}, {
  "printCode" : "BP01-FR047",
  "rarity" : "rare",
  "language" : "fr"
}, {
  "printCode" : "BP01-FR047",
  "rarity" : "starfoil rare",
  "language" : "fr"
}, {
  "printCode" : "GLD5-FR045",
  "rarity" : "ghost/gold rare",
  "language" : "fr"
}, {
  "printCode" : "LCYW-FR152",
  "rarity" : "secret rare",
  "language" : "fr"
}, {
  "printCode" : "LCJW-FR182",
  "rarity" : "secret rare",
  "language" : "fr"
}, {
  "printCode" : "BLRR-FR100",
  "rarity" : "ultra rare",
  "language" : "fr"
}, {
  "printCode" : "OP12-FR003",
  "rarity" : "ultimate rare",
  "language" : "fr"
}, {
  "printCode" : "LART-FR014",
  "rarity" : "ultra rare",
  "language" : "fr"
}, {
  "printCode" : "SESL-FR045",
  "rarity" : "super rare",
  "language" : "fr"
}, {
  "printCode" : "MAGO-FR051",
  "rarity" : "premium gold rare",
  "language" : "fr"
}, {
  "printCode" : "MAZE-FR063",
  "rarity" : "super rare",
  "language" : "fr"
}, {
  "printCode" : "MAZE-FR063",
  "rarity" : "collector's rare",
  "language" : "fr"
}, {
  "printCode" : "MRD-FR127",
  "rarity" : "ultra rare",
  "language" : "fr"
}, {
  "printCode" : "SR14-FR038",
  "rarity" : "common",
  "language" : "fr"
}, {
  "printCode" : "PMT-I127",
  "rarity" : "ultra rare",
  "language" : "it"
}, {
  "printCode" : "DB2-IT073",
  "rarity" : "super rare",
  "language" : "it"
}, {
  "printCode" : "CP01-IT008",
  "rarity" : "rare",
  "language" : "it"
}, {
  "printCode" : "RP01-IT045",
  "rarity" : "super rare",
  "language" : "it"
}, {
  "printCode" : "GLD2-IT044",
  "rarity" : "gold rare",
  "language" : "it"
}, {
  "printCode" : "SDLS-IT038",
  "rarity" : "common",
  "language" : "it"
}, {
  "printCode" : "BP01-IT047",
  "rarity" : "rare",
  "language" : "it"
}, {
  "printCode" : "BP01-IT047",
  "rarity" : "starfoil rare",
  "language" : "it"
}, {
  "printCode" : "GLD5-IT045",
  "rarity" : "ghost/gold rare",
  "language" : "it"
}, {
  "printCode" : "LCYW-IT152",
  "rarity" : "secret rare",
  "language" : "it"
}, {
  "printCode" : "LCJW-IT182",
  "rarity" : "secret rare",
  "language" : "it"
}, {
  "printCode" : "BLRR-IT100",
  "rarity" : "ultra rare",
  "language" : "it"
}, {
  "printCode" : "OP12-IT003",
  "rarity" : "ultimate rare",
  "language" : "it"
}, {
  "printCode" : "LART-IT014",
  "rarity" : "ultra rare",
  "language" : "it"
}, {
  "printCode" : "SESL-IT045",
  "rarity" : "super rare",
  "language" : "it"
}, {
  "printCode" : "MAGO-IT051",
  "rarity" : "premium gold rare",
  "language" : "it"
}, {
  "printCode" : "MAZE-IT063",
  "rarity" : "super rare",
  "language" : "it"
}, {
  "printCode" : "MAZE-IT063",
  "rarity" : "collector's rare",
  "language" : "it"
}, {
  "printCode" : "MRD-IT127",
  "rarity" : "ultra rare",
  "language" : "it"
}, {
  "printCode" : "SR14-IT038",
  "rarity" : "common",
  "language" : "it"
}, {
  "setCode" : "Vol.6",
  "rarity" : "ultra rare",
  "language" : "ja"
}, {
  "printCode" : "ME-66",
  "rarity" : "super rare",
  "language" : "ja"
}, {
  "printCode" : "DL4-056",
  "rarity" : "super rare",
  "language" : "ja"
}, {
  "printCode" : "BE2-JP073",
  "rarity" : "super rare",
  "language" : "ja"
}, {
  "printCode" : "SD11-JP032",
  "rarity" : "common",
  "language" : "ja"
}, {
  "printCode" : "SD14-JP034",
  "rarity" : "common",
  "language" : "ja"
}, {
  "printCode" : "GS02-JP018",
  "rarity" : "common",
  "language" : "ja"
}, {
  "printCode" : "GS02-JP018",
  "rarity" : "gold rare",
  "language" : "ja"
}, {
  "printCode" : "SD20-JP038",
  "rarity" : "common",
  "language" : "ja"
}, {
  "printCode" : "BE02-JP057",
  "rarity" : "ultra rare",
  "language" : "ja"
}, {
  "printCode" : "GDB1-JP038",
  "rarity" : "gold rare",
  "language" : "ja"
}, {
  "printCode" : "SD28-JP039",
  "rarity" : "common",
  "language" : "ja"
}, {
  "printCode" : "GP16-JP019",
  "rarity" : "gold rare",
  "language" : "ja"
}, {
  "printCode" : "GP16-JP019",
  "rarity" : "gold secret rare",
  "language" : "ja"
}, {
  "printCode" : "SR05-JP037",
  "rarity" : "common",
  "language" : "ja"
}, {
  "printCode" : "20TH-JPC95",
  "rarity" : "super parallel rare",
  "language" : "ja"
}, {
  "printCode" : "20TH-JPC95",
  "rarity" : "secret rare",
  "language" : "ja"
}, {
  "printCode" : "DBSS-JP045",
  "rarity" : "common",
  "language" : "ja"
}, {
  "printCode" : "DBSS-JP045",
  "rarity" : "normal parallel rare",
  "language" : "ja"
}, {
  "printCode" : "MRD-K127",
  "rarity" : "ultra rare",
  "language" : "ko"
}, {
  "printCode" : "BP2-KR073",
  "rarity" : "super rare",
  "language" : "ko"
}, {
  "printCode" : "SD14-KR034",
  "rarity" : "common",
  "language" : "ko"
}, {
  "printCode" : "GS02-KR018",
  "rarity" : "common",
  "language" : "ko"
}, {
  "printCode" : "GS02-KR018",
  "rarity" : "gold rare",
  "language" : "ko"
}, {
  "printCode" : "SD20-KR038",
  "rarity" : "common",
  "language" : "ko"
}, {
  "printCode" : "AE01-KR004",
  "rarity" : "secret rare",
  "language" : "ko"
}, {
  "printCode" : "SD28-KR039",
  "rarity" : "common",
  "language" : "ko"
}, {
  "printCode" : "SR05-KR037",
  "rarity" : "common",
  "language" : "ko"
}, {
  "printCode" : "LEC1-KR095",
  "rarity" : "super parallel rare",
  "language" : "ko"
}, {
  "printCode" : "LEC1-KR095",
  "rarity" : "secret rare",
  "language" : "ko"
}, {
  "printCode" : "DBSS-KR045",
  "rarity" : "common",
  "language" : "ko"
}, {
  "printCode" : "DBSS-KR045",
  "rarity" : "normal parallel rare",
  "language" : "ko"
}, {
  "printCode" : "LART-KR014",
  "rarity" : "ultra rare",
  "language" : "ko"
}, {
  "printCode" : "PMT-P127",
  "rarity" : "ultra rare",
  "language" : "pt"
}, {
  "printCode" : "LCJW-PT182",
  "rarity" : "secret rare",
  "language" : "pt"
}, {
  "printCode" : "BLRR-PT100",
  "rarity" : "ultra rare",
  "language" : "pt"
}, {
  "printCode" : "OP12-PT003",
  "rarity" : "ultimate rare",
  "language" : "pt"
}, {
  "printCode" : "LART-PT014",
  "rarity" : "ultra rare",
  "language" : "pt"
}, {
  "printCode" : "SESL-PT045",
  "rarity" : "super rare",
  "language" : "pt"
}, {
  "printCode" : "MAGO-PT051",
  "rarity" : "premium gold rare",
  "language" : "pt"
}, {
  "printCode" : "MAZE-PT063",
  "rarity" : "super rare",
  "language" : "pt"
}, {
  "printCode" : "MAZE-PT063",
  "rarity" : "collector's rare",
  "language" : "pt"
}, {
  "printCode" : "MRD-PT127",
  "rarity" : "ultra rare",
  "language" : "pt"
}, {
  "printCode" : "SR14-PT038",
  "rarity" : "common",
  "language" : "pt"
}, {
  "printCode" : "ST20-SC031",
  "rarity" : "common",
  "language" : "zh-Hans"
}, {
  "printCode" : "DBSS-SC045",
  "rarity" : "common",
  "language" : "zh-Hans"
}, {
  "printCode" : "DBSS-SC045",
  "rarity" : "normal parallel rare",
  "language" : "zh-Hans"
}, {
  "printCode" : "SD28-SC040",
  "rarity" : "common",
  "language" : "zh-Hans"
}, {
  "printCode" : "23RC-SC071",
  "rarity" : "ultra rare",
  "language" : "zh-Hans"
}, {
  "printCode" : "23RC-SC071",
  "rarity" : "ultimate rare",
  "language" : "zh-Hans"
}, {
  "printCode" : "23RC-SC071",
  "rarity" : "collector's rare",
  "language" : "zh-Hans"
}, {
  "printCode" : "23RC-SC071",
  "rarity" : "secret rare",
  "language" : "zh-Hans"
}, {
  "printCode" : "23RC-SC071",
  "rarity" : "extra secret rare",
  "language" : "zh-Hans"
}, {
  "printCode" : "23RC-SC071",
  "rarity" : "quarter century secret rare",
  "language" : "zh-Hans"
}, {
  "printCode" : "SP01-TC060",
  "rarity" : "super rare",
  "language" : "zh-Hant"
} ]