[ {
  "printCode" : "FLOD-EN047",
  "setCode" : "FLOD",
  "printNumber" : 47,
  "rarity" : "secret rare",
  "language" : "en",
  "regionCode" : "EN"
}, {
  "printCode" : "MP19-EN028",
  "setCode" : "MP19",
  "printNumber" : 28,
  "rarity" : "ultra rare",
  "language" : "en",
  "regionCode" : "EN"
}, {
  "printCode" : "GEIM-EN050",
  "setCode" : "GEIM",
  "printNumber" : 50,
  "rarity" : "rare",
  "language" : "en",
  "regionCode" : "EN"
}, {
  "printCode" : "GEIM-EN050",
  "setCode" : "GEIM",
  "printNumber" : 50,
  "rarity" : "collector's rare",
  "language" : "en",
  "regionCode" : "EN"
}, {
  "printCode" : "MGED-EN034",
  "setCode" : "MGED",
  "printNumber" : 34,
  "rarity" : "premium gold rare",
  "language" : "en",
  "regionCode" : "EN"
}, {
  "printCode" : "RA01-EN043",
  "setCode" : "RA01",
  "printNumber" : 43,
  "rarity" : "super rare",
  "language" : "en",
  "regionCode" : "EN"
}, {
  "printCode" : "RA01-EN043",
  "setCode" : "RA01",
  "printNumber" : 43,
  "rarity" : "ultra rare",
  "language" : "en",
  "regionCode" : "EN"
}, {
  "printCode" : "RA01-EN043",
  "setCode" : "RA01",
  "printNumber" : 43,
  "rarity" : "secret rare",
  "language" : "en",
  "regionCode" : "EN"
}, {
  "printCode" : "RA01-EN043",
  "setCode" : "RA01",
  "printNumber" : 43,
  "rarity" : "platinum secret rare",
  "language" : "en",
  "regionCode" : "EN"
}, {
  "printCode" : "RA01-EN043",
  "setCode" : "RA01",
  "printNumber" : 43,
  "rarity" : "quarter century secret rare",
  "language" : "en",
  "regionCode" : "EN"
}, {
  "printCode" : "RA01-EN043",
  "setCode" : "RA01",
  "printNumber" : 43,
  "rarity" : "ultimate rare",
  "language" : "en",
  "regionCode" : "EN"
}, {
  "printCode" : "RA01-EN043",
  "setCode" : "RA01",
  "printNumber" : 43,
  "rarity" : "collector's rare",
  "language" : "en",
  "regionCode" : "EN"
}, {
  "printCode" : "FLOD-DE047",
  "setCode" : "FLOD",
  "printNumber" : 47,
  "rarity" : "secret rare",
  "language" : "de",
  "regionCode" : "DE"
}, {
  "printCode" : "MP19-DE028",
  "setCode" : "MP19",
  "printNumber" : 28,
  "rarity" : "ultra rare",
  "language" : "de",
  "regionCode" : "DE"
}, {
  "printCode" : "GEIM-DE050",
  "setCode" : "GEIM",
  "printNumber" : 50,
  "rarity" : "rare",
  "language" : "de",
  "regionCode" : "DE"
}, {
  "printCode" : "GEIM-DE050",
  "setCode" : "GEIM",
  "printNumber" : 50,
  "rarity" : "collector's rare",
  "language" : "de",
  "regionCode" : "DE"
}, {
  "printCode" : "MGED-DE034",
  "setCode" : "MGED",
  "printNumber" : 34,
  "rarity" : "premium gold rare",
  "language" : "de",
  "regionCode" : "DE"
}, {
  "printCode" : "RA01-DE043",
  "setCode" : "RA01",
  "printNumber" : 43,
  "rarity" : "super rare",
  "language" : "de",
  "regionCode" : "DE"
}, {
  "printCode" : "RA01-DE043",
  "setCode" : "RA01",
  "printNumber" : 43,
  "rarity" : "ultra rare",
  "language" : "de",
  "regionCode" : "DE"
}, {
  "printCode" : "RA01-DE043",
  "setCode" : "RA01",
  "printNumber" : 43,
  "rarity" : "secret rare",
  "language" : "de",
  "regionCode" : "DE"
}, {
  "printCode" : "RA01-DE043",
  "setCode" : "RA01",
  "printNumber" : 43,
  "rarity" : "platinum secret rare",
  "language" : "de",
  "regionCode" : "DE"
}, {
  "printCode" : "RA01-DE043",
  "setCode" : "RA01",
  "printNumber" : 43,
  "rarity" : "quarter century secret rare",
  "language" : "de",
  "regionCode" : "DE"
}, {
  "printCode" : "RA01-DE043",
  "setCode" : "RA01",
  "printNumber" : 43,
  "rarity" : "ultimate rare",
  "language" : "de",
  "regionCode" : "DE"
}, {
  "printCode" : "RA01-DE043",
  "setCode" : "RA01",
  "printNumber" : 43,
  "rarity" : "collector's rare",
  "language" : "de",
  "regionCode" : "DE"
}, {
  "printCode" : "FLOD-SP047",
  "setCode" : "FLOD",
  "printNumber" : 47,
  "rarity" : "secret rare",
  "language" : "es",
  "regionCode" : "SP"
}, {
  "printCode" : "MP19-SP028",
  "setCode" : "MP19",
  "printNumber" : 28,
  "rarity" : "ultra rare",
  "language" : "es",
  "regionCode" : "SP"
}, {
  "printCode" : "GEIM-SP050",
  "setCode" : "GEIM",
  "printNumber" : 50,
  "rarity" : "rare",
  "language" : "es",
  "regionCode" : "SP"
}, {
  "printCode" : "GEIM-SP050",
  "setCode" : "GEIM",
  "printNumber" : 50,
  "rarity" : "collector's rare",
  "language" : "es",
  "regionCode" : "SP"
}, {
  "printCode" : "MGED-SP034",
  "setCode" : "MGED",
  "printNumber" : 34,
  "rarity" : "premium gold rare",
  "language" : "es",
  "regionCode" : "SP"
}, {
  "printCode" : "RA01-SP043",
  "setCode" : "RA01",
  "printNumber" : 43,
  "rarity" : "super rare",
  "language" : "es",
  "regionCode" : "SP"
}, {
  "printCode" : "RA01-SP043",
  "setCode" : "RA01",
  "printNumber" : 43,
  "rarity" : "ultra rare",
  "language" : "es",
  "regionCode" : "SP"
}, {
  "printCode" : "RA01-SP043",
  "setCode" : "RA01",
  "printNumber" : 43,
  "rarity" : "secret rare",
  "language" : "es",
  "regionCode" : "SP"
}, {
  "printCode" : "RA01-SP043",
  "setCode" : "RA01",
  "printNumber" : 43,
  "rarity" : "platinum secret rare",
  "language" : "es",
  "regionCode" : "SP"
}, {
  "printCode" : "RA01-SP043",
  "setCode" : "RA01",
  "printNumber" : 43,
  "rarity" : "quarter century secret rare",
  "language" : "es",
  "regionCode" : "SP"
}, {
  "printCode" : "RA01-SP043",
  "setCode" : "RA01",
  "printNumber" : 43,
  "rarity" : "ultimate rare",
  "language" : "es",
  "regionCode" : "SP"
}, {
  "printCode" : "RA01-SP043",
  "setCode" : "RA01",
  "printNumber" : 43,
  "rarity" : "collector's rare",
  "language" : "es",
  "regionCode" : "SP"
}, {
  "printCode" : "FLOD-FR047",
  "setCode" : "FLOD",
  "printNumber" : 47,
  "rarity" : "secret rare",
  "language" : "fr",
  "regionCode" : "FR"
}, {
  "printCode" : "MP19-FR028",
  "setCode" : "MP19",
  "printNumber" : 28,
  "rarity" : "ultra rare",
  "language" : "fr",
  "regionCode" : "FR"
}, {
  "printCode" : "GEIM-FR050",
  "setCode" : "GEIM",
  "printNumber" : 50,
  "rarity" : "rare",
  "language" : "fr",
  "regionCode" : "FR"
}, {
  "printCode" : "GEIM-FR050",
  "setCode" : "GEIM",
  "printNumber" : 50,
  "rarity" : "collector's rare",
  "language" : "fr",
  "regionCode" : "FR"
}, {
  "printCode" : "MGED-FR034",
  "setCode" : "MGED",
  "printNumber" : 34,
  "rarity" : "premium gold rare",
  "language" : "fr",
  "regionCode" : "FR"
}, {
  "printCode" : "RA01-FR043",
  "setCode" : "RA01",
  "printNumber" : 43,
  "rarity" : "super rare",
  "language" : "fr",
  "regionCode" : "FR"
}, {
  "printCode" : "RA01-FR043",
  "setCode" : "RA01",
  "printNumber" : 43,
  "rarity" : "ultra rare",
  "language" : "fr",
  "regionCode" : "FR"
}, {
  "printCode" : "RA01-FR043",
  "setCode" : "RA01",
  "printNumber" : 43,
  "rarity" : "secret rare",
  "language" : "fr",
  "regionCode" : "FR"
}, {
  "printCode" : "RA01-FR043",
  "setCode" : "RA01",
  "printNumber" : 43,
  "rarity" : "platinum secret rare",
  "language" : "fr",
  "regionCode" : "FR"
}, {
  "printCode" : "RA01-FR043",
  "setCode" : "RA01",
  "printNumber" : 43,
  "rarity" : "quarter century secret rare",
  "language" : "fr",
  "regionCode" : "FR"
}, {
  "printCode" : "RA01-FR043",
  "setCode" : "RA01",
  "printNumber" : 43,
  "rarity" : "ultimate rare",
  "language" : "fr",
  "regionCode" : "FR"
}, {
  "printCode" : "RA01-FR043",
  "setCode" : "RA01",
  "printNumber" : 43,
  "rarity" : "collector's rare",
  "language" : "fr",
  "regionCode" : "FR"
}, {
  "printCode" : "FLOD-IT047",
  "setCode" : "FLOD",
  "printNumber" : 47,
  "rarity" : "secret rare",
  "language" : "it",
  "regionCode" : "IT"
}, {
  "printCode" : "MP19-IT028",
  "setCode" : "MP19",
  "printNumber" : 28,
  "rarity" : "ultra rare",
  "language" : "it",
  "regionCode" : "IT"
}, {
  "printCode" : "GEIM-IT050",
  "setCode" : "GEIM",
  "printNumber" : 50,
  "rarity" : "rare",
  "language" : "it",
  "regionCode" : "IT"
}, {
  "printCode" : "GEIM-IT050",
  "setCode" : "GEIM",
  "printNumber" : 50,
  "rarity" : "collector's rare",
  "language" : "it",
  "regionCode" : "IT"
}, {
  "printCode" : "MGED-IT034",
  "setCode" : "MGED",
  "printNumber" : 34,
  "rarity" : "premium gold rare",
  "language" : "it",
  "regionCode" : "IT"
}, {
  "printCode" : "RA01-IT043",
  "setCode" : "RA01",
  "printNumber" : 43,
  "rarity" : "super rare",
  "language" : "it",
  "regionCode" : "IT"
}, {
  "printCode" : "RA01-IT043",
  "setCode" : "RA01",
  "printNumber" : 43,
  "rarity" : "ultra rare",
  "language" : "it",
  "regionCode" : "IT"
}, {
  "printCode" : "RA01-IT043",
  "setCode" : "RA01",
  "printNumber" : 43,
  "rarity" : "secret rare",
  "language" : "it",
  "regionCode" : "IT"
}, {
  "printCode" : "RA01-IT043",
  "setCode" : "RA01",
  "printNumber" : 43,
  "rarity" : "platinum secret rare",
  "language" : "it",
  "regionCode" : "IT"
}, {
  "printCode" : "RA01-IT043",
  "setCode" : "RA01",
  "printNumber" : 43,
  "rarity" : "quarter century secret rare",
  "language" : "it",
  "regionCode" : "IT"
}, {
  "printCode" : "RA01-IT043",
  "setCode" : "RA01",
  "printNumber" : 43,
  "rarity" : "ultimate rare",
  "language" : "it",
  "regionCode" : "IT"
}, {
  "printCode" : "RA01-IT043",
  "setCode" : "RA01",
  "printNumber" : 43,
  "rarity" : "collector's rare",
  "language" : "it",
  "regionCode" : "IT"
}, {
  "printCode" : "FLOD-JP047",
  "setCode" : "FLOD",
  "printNumber" : 47,
  "rarity" : "super rare",
  "language" : "ja",
  "regionCode" : "JP"
}, {
  "printCode" : "FLOD-JP047",
  "setCode" : "FLOD",
  "printNumber" : 47,
  "rarity" : "secret rare",
  "language" : "ja",
  "regionCode" : "JP"
}, {
  "printCode" : "RC04-JP044",
  "setCode" : "RC04",
  "printNumber" : 44,
  "rarity" : "ultra rare",
  "language" : "ja",
  "regionCode" : "JP"
}, {
  "printCode" : "RC04-JP044",
  "setCode" : "RC04",
  "printNumber" : 44,
  "rarity" : "ultimate rare",
  "language" : "ja",
  "regionCode" : "JP"
}, {
  "printCode" : "RC04-JP044",
  "setCode" : "RC04",
  "printNumber" : 44,
  "rarity" : "collector's rare",
  "language" : "ja",
  "regionCode" : "JP"
}, {
  "printCode" : "RC04-JP044",
  "setCode" : "RC04",
  "printNumber" : 44,
  "rarity" : "secret rare",
  "language" : "ja",
  "regionCode" : "JP"
}, {
  "printCode" : "RC04-JP044",
  "setCode" : "RC04",
  "printNumber" : 44,
  "rarity" : "extra secret rare",
  "language" : "ja",
  "regionCode" : "JP"
}, {
  "printCode" : "RC04-JP044",
  "setCode" : "RC04",
  "printNumber" : 44,
  "rarity" : "quarter century secret rare",
  "language" : "ja",
  "regionCode" : "JP"
}, {
  "printCode" : "FLOD-KR047",
  "setCode" : "FLOD",
  "printNumber" : 47,
  "rarity" : "super rare",
  "language" : "ko",
  "regionCode" : "KR"
}, {
  "printCode" : "FLOD-KR047",
  "setCode" : "FLOD",
  "printNumber" : 47,
  "rarity" : "secret rare",
  "language" : "ko",
  "regionCode" : "KR"
}, {
  "printCode" : "RC04-KR044",
  "setCode" : "RC04",
  "printNumber" : 44,
  "rarity" : "ultra rare",
  "language" : "ko",
  "regionCode" : "KR"
}, {
  "printCode" : "RC04-KR044",
  "setCode" : "RC04",
  "printNumber" : 44,
  "rarity" : "ultimate rare",
  "language" : "ko",
  "regionCode" : "KR"
}, {
  "printCode" : "RC04-KR044",
  "setCode" : "RC04",
  "printNumber" : 44,
  "rarity" : "collector's rare",
  "language" : "ko",
  "regionCode" : "KR"
}, {
  "printCode" : "RC04-KR044",
  "setCode" : "RC04",
  "printNumber" : 44,
  "rarity" : "secret rare",
  "language" : "ko",
  "regionCode" : "KR"
}, {
  "printCode" : "RC04-KR044",
  "setCode" : "RC04",
  "printNumber" : 44,
  "rarity" : "extra secret rare",
  "language" : "ko",
  "regionCode" : "KR"
}, {
  "printCode" : "RC04-KR044",
  "setCode" : "RC04",
  "printNumber" : 44,
  "rarity" : "quarter century secret rare",
  "language" : "ko",
  "regionCode" : "KR"
}, {
  "printCode" : "FLOD-PT047",
  "setCode" : "FLOD",
  "printNumber" : 47,
  "rarity" : "secret rare",
  "language" : "pt",
  "regionCode" : "PT"
}, {
  "printCode" : "MP19-PT028",
  "setCode" : "MP19",
  "printNumber" : 28,
  "rarity" : "ultra rare",
  "language" : "pt",
  "regionCode" : "PT"
}, {
  "printCode" : "GEIM-PT050",
  "setCode" : "GEIM",
  "printNumber" : 50,
  "rarity" : "rare",
  "language" : "pt",
  "regionCode" : "PT"
}, {
  "printCode" : "GEIM-PT050",
  "setCode" : "GEIM",
  "printNumber" : 50,
  "rarity" : "collector's rare",
  "language" : "pt",
  "regionCode" : "PT"
}, {
  "printCode" : "MGED-PT034",
  "setCode" : "MGED",
  "printNumber" : 34,
  "rarity" : "premium gold rare",
  "language" : "pt",
  "regionCode" : "PT"
}, {
  "printCode" : "RA01-PT043",
  "setCode" : "RA01",
  "printNumber" : 43,
  "rarity" : "super rare",
  "language" : "pt",
  "regionCode" : "PT"
}, {
  "printCode" : "RA01-PT043",
  "setCode" : "RA01",
  "printNumber" : 43,
  "rarity" : "ultra rare",
  "language" : "pt",
  "regionCode" : "PT"
}, {
  "printCode" : "RA01-PT043",
  "setCode" : "RA01",
  "printNumber" : 43,
  "rarity" : "secret rare",
  "language" : "pt",
  "regionCode" : "PT"
}, {
  "printCode" : "RA01-PT043",
  "setCode" : "RA01",
  "printNumber" : 43,
  "rarity" : "platinum secret rare",
  "language" : "pt",
  "regionCode" : "PT"
}, {
  "printCode" : "RA01-PT043",
  "setCode" : "RA01",
  "printNumber" : 43,
  "rarity" : "quarter century secret rare",
  "language" : "pt",
  "regionCode" : "PT"
}, {
  "printCode" : "RA01-PT043",
  "setCode" : "RA01",
  "printNumber" : 43,
  "rarity" : "ultimate rare",
  "language" : "pt",
  "regionCode" : "PT"
}, {
  "printCode" : "RA01-PT043",
  "setCode" : "RA01",
  "printNumber" : 43,
  "rarity" : "collector's rare",
  "language" : "pt",
  "regionCode" : "PT"
}, {
  "printCode" : "MGP2-SC029",
  "setCode" : "MGP2",
  "printNumber" : 29,
  "rarity" : "ultra rare",
  "language" : "zh-Hans",
  "regionCode" : "SC"
}, {
  "printCode" : "MGP2-SC029",
  "setCode" : "MGP2",
  "printNumber" : 29,
  "rarity" : "secret rare",
  "language" : "zh-Hans",
  "regionCode" : "SC"
}, {
  "printCode" : "23RC-SC046",
  "setCode" : "23RC",
  "printNumber" : 46,
  "rarity" : "super rare",
  "language" : "zh-Hans",
  "regionCode" : "SC"
}, {
  "printCode" : "23RC-SC046",
  "setCode" : "23RC",
  "printNumber" : 46,
  "rarity" : "ultimate rare",
  "language" : "zh-Hans",
  "regionCode" : "SC"
}, {
  "printCode" : "23RC-SC046",
  "setCode" : "23RC",
  "printNumber" : 46,
  "rarity" : "collector's rare",
  "language" : "zh-Hans",
  "regionCode" : "SC"
}, {
  "printCode" : "23RC-SC046",
  "setCode" : "23RC",
  "printNumber" : 46,
  "rarity" : "secret rare",
  "language" : "zh-Hans",
  "regionCode" : "SC"
}, {
  "printCode" : "23RC-SC046",
  "setCode" : "23RC",
  "printNumber" : 46,
  "rarity" : "extra secret rare",
  "language" : "zh-Hans",
  "regionCode" : "SC"
}, {
  "printCode" : "23RC-SC046",
  "setCode" : "23RC",
  "printNumber" : 46,
  "rarity" : "quarter century secret rare",
  "language" : "zh-Hans",
  "regionCode" : "SC"
} ]