[ {
  "printCode" : "SYE-001",
  "rarity" : "super rare",
  "language" : "en"
}, {
  "printCode" : "DB1-EN102",
  "rarity" : "ultra rare",
  "language" : "en"
}, {
  "printCode" : "LOB-EN005",
  "rarity" : "ultra rare",
  "language" : "en"
}, {
  "printCode" : "FL1-EN002",
  "rarity" : "secret rare",
  "language" : "en"
}, {
  "printCode" : "SD6-EN003",
  "rarity" : "common",
  "language" : "en"
}, {
  "printCode" : "DPYG-EN001",
  "rarity" : "rare",
  "language" : "en"
}, {
  "printCode" : "LC01-EN005",
  "rarity" : "ultra rare",
  "language" : "en"
}, {
  "printCode" : "DL11-EN001",
  "rarity" : "rare",
  "language" : "en"
}, {
  "printCode" : "LCYW-EN001",
  "rarity" : "secret rare",
  "language" : "en"
}, {
  "printCode" : "LC01-EN005",
  "rarity" : "ultra rare",
  "language" : "en"
}, {
  "printCode" : "YSYR-EN001",
  "rarity" : "common",
  "language" : "en"
}, {
  "printCode" : "YSYR-EN001",
  "rarity" : "ultimate rare",
  "language" : "en"
}, {
  "printCode" : "DPBC-EN008",
  "rarity" : "super rare",
  "language" : "en"
}, {
  "printCode" : "YGLD-ENA03",
  "rarity" : "common",
  "language" : "en"
}, {
  "printCode" : "YGLD-ENC09",
  "rarity" : "ultra rare",
  "language" : "en"
}, {
  "printCode" : "MVP1-EN054",
  "rarity" : "ultra rare",
  "language" : "en"
}, {
  "printCode" : "CT13-EN003",
  "rarity" : "ultra rare",
  "language" : "en"
}, {
  "printCode" : "LDK2-ENY10",
  "rarity" : "common",
  "language" : "en"
}, {
  "printCode" : "SDMY-EN010",
  "rarity" : "common",
  "language" : "en"
}, {
  "printCode" : "MVP1-ENGV3",
  "rarity" : "gold secret rare",
  "language" : "en"
}, {
  "printCode" : "MVP1-ENG54",
  "rarity" : "gold rare",
  "language" : "en"
}, {
  "printCode" : "DUSA-EN100",
  "rarity" : "ultra rare",
  "language" : "en"
}, {
  "printCode" : "CT14-EN001",
  "rarity" : "secret rare",
  "language" : "en"
}, {
  "printCode" : "LEDD-ENA01",
  "rarity" : "common",
  "language" : "en"
}, {
  "printCode" : "SS01-ENA01",
  "rarity" : "common",
  "language" : "en"
}, {
  "printCode" : "DUPO-EN101",
  "rarity" : "ultra rare",
  "language" : "en"
}, {
  "printCode" : "STP1-EN001",
  "rarity" : "ultra rare",
  "language" : "en"
}, {
  "printCode" : "MVP1-ENSV3",
  "rarity" : "ultra rare",
  "language" : "en"
}, {
  "printCode" : "MVP1-ENS54",
  "rarity" : "secret rare",
  "language" : "en"
}, {
  "printCode" : "SS04-ENA01",
  "rarity" : "common",
  "language" : "en"
}, {
  "printCode" : "MAGO-EN002",
  "rarity" : "premium gold rare",
  "language" : "en"
}, {
  "printCode" : "SBCB-EN001",
  "rarity" : "common",
  "language" : "en"
}, {
  "printCode" : "SBCB-EN001",
  "rarity" : "secret rare",
  "language" : "en"
}, {
  "printCode" : "GFTP-EN128",
  "rarity" : "ghost rare",
  "language" : "en"
}, {
  "printCode" : "2021-EN001",
  "rarity" : "extra secret rare",
  "language" : "en"
}, {
  "printCode" : "MGED-EN002",
  "rarity" : "premium gold rare",
  "language" : "en"
}, {
  "printCode" : "25TH-EN001",
  "rarity" : "ultra rare",
  "language" : "en"
}, {
  "printCode" : "HAC1-EN002",
  "rarity" : "duel terminal ultra parallel rare",
  "language" : "en"
}, {
  "printCode" : "ADC1-EN001",
  "rarity" : "secret rare",
  "language" : "en"
}, {
  "printCode" : "LC01-EN005",
  "rarity" : "ultra rare",
  "language" : "en"
}, {
  "printCode" : "LC01-EN005",
  "rarity" : "quarter century secret rare",
  "language" : "en"
}, {
  "printCode" : "LOB-EN005",
  "rarity" : "ultra rare",
  "language" : "en"
}, {
  "printCode" : "SBC1-ENA01",
  "rarity" : "common",
  "language" : "en"
}, {
  "printCode" : "SBC1-ENA01",
  "rarity" : "secret rare",
  "language" : "en"
}, {
  "printCode" : "TN23-EN001",
  "rarity" : "quarter century secret rare",
  "language" : "en"
}, {
  "printCode" : "LOB-005",
  "rarity" : "ultra rare",
  "language" : "en"
}, {
  "printCode" : "DDS-002",
  "rarity" : "prismatic secret rare",
  "language" : "en"
}, {
  "printCode" : "SDY-006",
  "rarity" : "ultra rare",
  "language" : "en"
}, {
  "printCode" : "BPT-001",
  "rarity" : "secret rare",
  "language" : "en"
}, {
  "printCode" : "BPT-007",
  "rarity" : "secret rare",
  "language" : "en"
}, {
  "printCode" : "PCY-004",
  "rarity" : "prismatic secret rare",
  "language" : "en"
}, {
  "printCode" : "JUMP-EN049",
  "rarity" : "ultra rare",
  "language" : "en"
}, {
  "printCode" : "DTP1-EN002",
  "rarity" : "duel terminal rare parallel rare",
  "language" : "en"
}, {
  "printCode" : "DLG1-EN004",
  "rarity" : "rare",
  "language" : "en"
}, {
  "printCode" : "DTP1-EN002",
  "rarity" : "duel terminal rare parallel rare",
  "language" : "en"
}, {
  "printCode" : "DT01-EN002",
  "rarity" : "duel terminal rare parallel rare",
  "language" : "en"
}, {
  "printCode" : "JMPS-EN003",
  "rarity" : "ultra rare",
  "language" : "en"
}, {
  "printCode" : "YUCB-EN001",
  "rarity" : "ultra rare",
  "language" : "en"
}, {
  "printCode" : "MVP1-ENSE3",
  "rarity" : "ultra rare",
  "language" : "en"
}, {
  "printCode" : "LOB-E003",
  "rarity" : "ultra rare",
  "language" : "en"
}, {
  "printCode" : "SDY-E005",
  "rarity" : "ultra rare",
  "language" : "en"
}, {
  "printCode" : "PCY-E004",
  "rarity" : "prismatic secret rare",
  "language" : "en"
}, {
  "printCode" : "RP01-EN003",
  "rarity" : "ultra rare",
  "language" : "en"
}, {
  "printCode" : "YUCB-EN001",
  "rarity" : "ultra rare",
  "language" : "en"
}, {
  "printCode" : "LOB-A005",
  "rarity" : "ultra rare",
  "language" : "en"
}, {
  "printCode" : "SDY-A006",
  "rarity" : "ultra rare",
  "language" : "en"
}, {
  "firstSeriesSet" : "Oversized Gift for 7000 People",
  "rarity" : "ultra rare",
  "language" : "en"
}, {
  "printCode" : "LOB-005",
  "rarity" : "ultra rare",
  "language" : "en"
}, {
  "printCode" : "SDY-006",
  "rarity" : "ultra rare",
  "language" : "en"
}, {
  "printCode" : "2015-JPP02",
  "rarity" : "millennium rare",
  "language" : "en"
}, {
  "printCode" : "SDID-AE001",
  "rarity" : "ultra rare",
  "language" : "en"
}, {
  "printCode" : "SDY-G005",
  "rarity" : "ultra rare",
  "language" : "de"
}, {
  "printCode" : "LOB-G003",
  "rarity" : "ultra rare",
  "language" : "de"
}, {
  "printCode" : "PCY-G004",
  "rarity" : "prismatic secret rare",
  "language" : "de"
}, {
  "printCode" : "SYE-DE001",
  "rarity" : "super rare",
  "language" : "de"
}, {
  "printCode" : "DB1-DE102",
  "rarity" : "ultra rare",
  "language" : "de"
}, {
  "printCode" : "SD6-DE003",
  "rarity" : "common",
  "language" : "de"
}, {
  "printCode" : "RP01-DE003",
  "rarity" : "ultra rare",
  "language" : "de"
}, {
  "printCode" : "DPYG-DE001",
  "rarity" : "rare",
  "language" : "de"
}, {
  "printCode" : "LC01-DE005",
  "rarity" : "ultra rare",
  "language" : "de"
}, {
  "printCode" : "DL11-DE001",
  "rarity" : "rare",
  "language" : "de"
}, {
  "printCode" : "LCYW-DE001",
  "rarity" : "secret rare",
  "language" : "de"
}, {
  "printCode" : "YSYR-DE001",
  "rarity" : "common",
  "language" : "de"
}, {
  "printCode" : "YSYR-DE001",
  "rarity" : "ultimate rare",
  "language" : "de"
}, {
  "printCode" : "YGLD-DEA03",
  "rarity" : "common",
  "language" : "de"
}, {
  "printCode" : "YGLD-DEC09",
  "rarity" : "ultra rare",
  "language" : "de"
}, {
  "printCode" : "DPBC-DE008",
  "rarity" : "super rare",
  "language" : "de"
}, {
  "printCode" : "MVP1-DE054",
  "rarity" : "ultra rare",
  "language" : "de"
}, {
  "printCode" : "CT13-DE003",
  "rarity" : "ultra rare",
  "language" : "de"
}, {
  "printCode" : "LDK2-DEY10",
  "rarity" : "common",
  "language" : "de"
}, {
  "printCode" : "SDMY-DE010",
  "rarity" : "common",
  "language" : "de"
}, {
  "printCode" : "MVP1-DEGV3",
  "rarity" : "gold secret rare",
  "language" : "de"
}, {
  "printCode" : "MVP1-DEG54",
  "rarity" : "gold rare",
  "language" : "de"
}, {
  "printCode" : "DUSA-DE100",
  "rarity" : "ultra rare",
  "language" : "de"
}, {
  "printCode" : "CT14-DE001",
  "rarity" : "secret rare",
  "language" : "de"
}, {
  "printCode" : "LEDD-DEA01",
  "rarity" : "common",
  "language" : "de"
}, {
  "printCode" : "YUCB-DE001",
  "rarity" : "ultra rare",
  "language" : "de"
}, {
  "printCode" : "LC01-DE005",
  "rarity" : "ultra rare",
  "language" : "de"
}, {
  "printCode" : "SS01-DEA01",
  "rarity" : "common",
  "language" : "de"
}, {
  "printCode" : "DUPO-DE101",
  "rarity" : "ultra rare",
  "language" : "de"
}, {
  "printCode" : "STP1-DE001",
  "rarity" : "ultra rare",
  "language" : "de"
}, {
  "printCode" : "MVP1-DESV3",
  "rarity" : "ultra rare",
  "language" : "de"
}, {
  "printCode" : "MVP1-DES54",
  "rarity" : "secret rare",
  "language" : "de"
}, {
  "printCode" : "SS04-DEA01",
  "rarity" : "common",
  "language" : "de"
}, {
  "printCode" : "MAGO-DE002",
  "rarity" : "premium gold rare",
  "language" : "de"
}, {
  "printCode" : "SBCB-DE001",
  "rarity" : "common",
  "language" : "de"
}, {
  "printCode" : "SBCB-DE001",
  "rarity" : "secret rare",
  "language" : "de"
}, {
  "printCode" : "GFTP-DE128",
  "rarity" : "ghost rare",
  "language" : "de"
}, {
  "printCode" : "MGED-DE002",
  "rarity" : "premium gold rare",
  "language" : "de"
}, {
  "printCode" : "25TH-DE001",
  "rarity" : "ultra rare",
  "language" : "de"
}, {
  "printCode" : "HAC1-DE002",
  "rarity" : "duel terminal ultra parallel rare",
  "language" : "de"
}, {
  "printCode" : "LC01-DE005",
  "rarity" : "ultra rare",
  "language" : "de"
}, {
  "printCode" : "LC01-DE005",
  "rarity" : "quarter century secret rare",
  "language" : "de"
}, {
  "printCode" : "LOB-DE005",
  "rarity" : "ultra rare",
  "language" : "de"
}, {
  "printCode" : "SBC1-DEA01",
  "rarity" : "common",
  "language" : "de"
}, {
  "printCode" : "SBC1-DEA01",
  "rarity" : "secret",
  "language" : "de"
}, {
  "printCode" : "TN23-DE001",
  "rarity" : "quarter century secret rare",
  "language" : "de"
}, {
  "printCode" : "BIY-S006",
  "rarity" : "ultra rare",
  "language" : "es"
}, {
  "printCode" : "LDD-S005",
  "rarity" : "ultra rare",
  "language" : "es"
}, {
  "printCode" : "DL1-S002",
  "rarity" : "super rare",
  "language" : "es"
}, {
  "printCode" : "DOR-S002",
  "rarity" : "prismatic secret rare",
  "language" : "es"
}, {
  "printCode" : "PCY-S004",
  "rarity" : "prismatic secret rare",
  "language" : "es"
}, {
  "printCode" : "SYE-SP001",
  "rarity" : "super rare",
  "language" : "es"
}, {
  "printCode" : "DB1-SP102",
  "rarity" : "ultra rare",
  "language" : "es"
}, {
  "printCode" : "DPYG-SP001",
  "rarity" : "rare",
  "language" : "es"
}, {
  "printCode" : "DL11-SP001",
  "rarity" : "rare",
  "language" : "es"
}, {
  "printCode" : "LCYW-SP001",
  "rarity" : "secret rare",
  "language" : "es"
}, {
  "printCode" : "YSYR-SP001",
  "rarity" : "common",
  "language" : "es"
}, {
  "printCode" : "YSYR-SP001",
  "rarity" : "ultimate rare",
  "language" : "es"
}, {
  "printCode" : "YGLD-SPA03",
  "rarity" : "common",
  "language" : "es"
}, {
  "printCode" : "YGLD-SPC09",
  "rarity" : "ultra rare",
  "language" : "es"
}, {
  "printCode" : "DPBC-SP008",
  "rarity" : "super rare",
  "language" : "es"
}, {
  "printCode" : "MVP1-SP054",
  "rarity" : "ultra rare",
  "language" : "es"
}, {
  "printCode" : "CT13-SP003",
  "rarity" : "ultra rare",
  "language" : "es"
}, {
  "printCode" : "LDK2-SPY10",
  "rarity" : "common",
  "language" : "es"
}, {
  "printCode" : "SDMY-SP010",
  "rarity" : "common",
  "language" : "es"
}, {
  "printCode" : "MVP1-SPGV3",
  "rarity" : "gold secret rare",
  "language" : "es"
}, {
  "printCode" : "MVP1-SPG54",
  "rarity" : "gold rare",
  "language" : "es"
}, {
  "printCode" : "DUSA-SP100",
  "rarity" : "ultra rare",
  "language" : "es"
}, {
  "printCode" : "CT14-SP001",
  "rarity" : "secret rare",
  "language" : "es"
}, {
  "printCode" : "LEDD-SPA01",
  "rarity" : "common",
  "language" : "es"
}, {
  "printCode" : "SS01-SPA01",
  "rarity" : "common",
  "language" : "es"
}, {
  "printCode" : "DUPO-SP101",
  "rarity" : "ultra rare",
  "language" : "es"
}, {
  "printCode" : "STP1-SP001",
  "rarity" : "ultra rare",
  "language" : "es"
}, {
  "printCode" : "MVP1-SPSV3",
  "rarity" : "ultra rare",
  "language" : "es"
}, {
  "printCode" : "MVP1-SPS54",
  "rarity" : "secret rare",
  "language" : "es"
}, {
  "printCode" : "SS04-SPA01",
  "rarity" : "common",
  "language" : "es"
}, {
  "printCode" : "MAGO-SP002",
  "rarity" : "premium gold rare",
  "language" : "es"
}, {
  "printCode" : "SBCB-SP001",
  "rarity" : "common",
  "language" : "es"
}, {
  "printCode" : "SBCB-SP001",
  "rarity" : "secret rare",
  "language" : "es"
}, {
  "printCode" : "GFTP-SP128",
  "rarity" : "ghost rare",
  "language" : "es"
}, {
  "printCode" : "MGED-SP002",
  "rarity" : "premium gold rare",
  "language" : "es"
}, {
  "printCode" : "25TH-SP001",
  "rarity" : "ultra rare",
  "language" : "es"
}, {
  "printCode" : "HAC1-SP002",
  "rarity" : "duel terminal ultra parallel rare",
  "language" : "es"
}, {
  "printCode" : "LC01-SP005",
  "rarity" : "ultra rare",
  "language" : "es"
}, {
  "printCode" : "LC01-SP005",
  "rarity" : "quarter century secret rare",
  "language" : "es"
}, {
  "printCode" : "LOB-SP005",
  "rarity" : "ultra rare",
  "language" : "es"
}, {
  "printCode" : "SBC1-SPA01",
  "rarity" : "common",
  "language" : "es"
}, {
  "printCode" : "SBC1-SPA01",
  "rarity" : "secret rare",
  "language" : "es"
}, {
  "printCode" : "TN23-SP001",
  "rarity" : "quarter century secret rare",
  "language" : "es"
}, {
  "printCode" : "DDY-F005",
  "rarity" : "ultra rare",
  "language" : "fr"
}, {
  "printCode" : "LDD-F003",
  "rarity" : "ultra rare",
  "language" : "fr"
}, {
  "printCode" : "PCY-F004",
  "rarity" : "prismatic secret rare",
  "language" : "fr"
}, {
  "printCode" : "SYE-FR001",
  "rarity" : "super rare",
  "language" : "fr"
}, {
  "printCode" : "SD6-FR003",
  "rarity" : "common",
  "language" : "fr"
}, {
  "printCode" : "RP01-FR003",
  "rarity" : "ultra rare",
  "language" : "fr"
}, {
  "printCode" : "DPYG-FR001",
  "rarity" : "rare",
  "language" : "fr"
}, {
  "printCode" : "DL11-FR001",
  "rarity" : "rare",
  "language" : "fr"
}, {
  "printCode" : "LCYW-FR001",
  "rarity" : "secret rare",
  "language" : "fr"
}, {
  "printCode" : "YSYR-FR001",
  "rarity" : "common",
  "language" : "fr"
}, {
  "printCode" : "YSYR-FR001",
  "rarity" : "ultimate rare",
  "language" : "fr"
}, {
  "printCode" : "YGLD-FRA03",
  "rarity" : "common",
  "language" : "fr"
}, {
  "printCode" : "YGLD-FRC09",
  "rarity" : "ultra rare",
  "language" : "fr"
}, {
  "printCode" : "DPBC-FR008",
  "rarity" : "super rare",
  "language" : "fr"
}, {
  "printCode" : "MVP1-FR054",
  "rarity" : "ultra rare",
  "language" : "fr"
}, {
  "printCode" : "CT13-FR003",
  "rarity" : "ultra rare",
  "language" : "fr"
}, {
  "printCode" : "LDK2-FRY10",
  "rarity" : "common",
  "language" : "fr"
}, {
  "printCode" : "SDMY-FR010",
  "rarity" : "common",
  "language" : "fr"
}, {
  "printCode" : "MVP1-FRGV3",
  "rarity" : "gold secret rare",
  "language" : "fr"
}, {
  "printCode" : "MVP1-FRG54",
  "rarity" : "gold rare",
  "language" : "fr"
}, {
  "printCode" : "DUSA-FR100",
  "rarity" : "ultra rare",
  "language" : "fr"
}, {
  "printCode" : "CT14-FR001",
  "rarity" : "secret rare",
  "language" : "fr"
}, {
  "printCode" : "LEDD-FRA01",
  "rarity" : "common",
  "language" : "fr"
}, {
  "printCode" : "YUCB-FR001",
  "rarity" : "ultra rare",
  "language" : "fr"
}, {
  "printCode" : "SS01-FRA01",
  "rarity" : "common",
  "language" : "fr"
}, {
  "printCode" : "DUPO-FR101",
  "rarity" : "ultra rare",
  "language" : "fr"
}, {
  "printCode" : "STP1-FR001",
  "rarity" : "ultra rare",
  "language" : "fr"
}, {
  "printCode" : "MVP1-FRSV3",
  "rarity" : "ultra rare",
  "language" : "fr"
}, {
  "printCode" : "MVP1-FRS54",
  "rarity" : "secret rare",
  "language" : "fr"
}, {
  "printCode" : "SS04-FRA01",
  "rarity" : "common",
  "language" : "fr"
}, {
  "printCode" : "MAGO-FR002",
  "rarity" : "premium gold rare",
  "language" : "fr"
}, {
  "printCode" : "SBCB-FR001",
  "rarity" : "common",
  "language" : "fr"
}, {
  "printCode" : "SBCB-FR001",
  "rarity" : "secret rare",
  "language" : "fr"
}, {
  "printCode" : "GFTP-FR128",
  "rarity" : "ghost rare",
  "language" : "fr"
}, {
  "printCode" : "MGED-FR002",
  "rarity" : "premium gold rare",
  "language" : "fr"
}, {
  "printCode" : "25TH-FR001",
  "rarity" : "ultra rare",
  "language" : "fr"
}, {
  "printCode" : "HAC1-FR002",
  "rarity" : "duel terminal ultra parallel rare",
  "language" : "fr"
}, {
  "printCode" : "LC01-FR005",
  "rarity" : "ultra rare",
  "language" : "fr"
}, {
  "printCode" : "LC01-FR005",
  "rarity" : "quarter century secret rare",
  "language" : "fr"
}, {
  "printCode" : "LOB-FR005",
  "rarity" : "ultra rare",
  "language" : "fr"
}, {
  "printCode" : "SBC1-FRA01",
  "rarity" : "common",
  "language" : "fr"
}, {
  "printCode" : "SBC1-FRA01",
  "rarity" : "secret rare",
  "language" : "fr"
}, {
  "printCode" : "TN23-FR001",
  "rarity" : "quarter century secret rare",
  "language" : "fr"
}, {
  "printCode" : "LDD-C005",
  "rarity" : "ultra rare",
  "language" : "fr"
}, {
  "printCode" : "DDY-C006",
  "rarity" : "ultra rare",
  "language" : "fr"
}, {
  "printCode" : "DL1-C002",
  "rarity" : "ultra rare",
  "language" : "fr"
}, {
  "printCode" : "MIY-I005",
  "rarity" : "ultra rare",
  "language" : "it"
}, {
  "printCode" : "LDD-I003",
  "rarity" : "ultra rare",
  "language" : "it"
}, {
  "printCode" : "PCY-I004",
  "rarity" : "prismatic secret rare",
  "language" : "it"
}, {
  "printCode" : "SYE-IT001",
  "rarity" : "super rare",
  "language" : "it"
}, {
  "printCode" : "SD6-IT003",
  "rarity" : "common",
  "language" : "it"
}, {
  "printCode" : "RP01-IT003",
  "rarity" : "ultra rare",
  "language" : "it"
}, {
  "printCode" : "DPYG-IT001",
  "rarity" : "rare",
  "language" : "it"
}, {
  "printCode" : "LC01-IT005",
  "rarity" : "ultra rare",
  "language" : "it"
}, {
  "printCode" : "DL11-IT001",
  "rarity" : "rare",
  "language" : "it"
}, {
  "printCode" : "LCYW-IT001",
  "rarity" : "secret rare",
  "language" : "it"
}, {
  "printCode" : "YSYR-IT001",
  "rarity" : "common",
  "language" : "it"
}, {
  "printCode" : "YSYR-IT001",
  "rarity" : "ultimate rare",
  "language" : "it"
}, {
  "printCode" : "YGLD-ITA03",
  "rarity" : "common",
  "language" : "it"
}, {
  "printCode" : "YGLD-ITC09",
  "rarity" : "ultra rare",
  "language" : "it"
}, {
  "printCode" : "DPBC-IT008",
  "rarity" : "super rare",
  "language" : "it"
}, {
  "printCode" : "MVP1-IT054",
  "rarity" : "ultra rare",
  "language" : "it"
}, {
  "printCode" : "CT13-IT003",
  "rarity" : "ultra rare",
  "language" : "it"
}, {
  "printCode" : "LDK2-ITY10",
  "rarity" : "common",
  "language" : "it"
}, {
  "printCode" : "SDMY-IT010",
  "rarity" : "common",
  "language" : "it"
}, {
  "printCode" : "MVP1-ITGV3",
  "rarity" : "gold secret rare",
  "language" : "it"
}, {
  "printCode" : "MVP1-ITG54",
  "rarity" : "gold rare",
  "language" : "it"
}, {
  "printCode" : "DUSA-IT100",
  "rarity" : "ultra rare",
  "language" : "it"
}, {
  "printCode" : "CT14-IT001",
  "rarity" : "secret rare",
  "language" : "it"
}, {
  "printCode" : "LEDD-ITA01",
  "rarity" : "common",
  "language" : "it"
}, {
  "printCode" : "YUCB-IT001",
  "rarity" : "ultra rare",
  "language" : "it"
}, {
  "printCode" : "SS01-ITA01",
  "rarity" : "common",
  "language" : "it"
}, {
  "printCode" : "DUPO-IT101",
  "rarity" : "ultra rare",
  "language" : "it"
}, {
  "printCode" : "STP1-IT001",
  "rarity" : "ultra rare",
  "language" : "it"
}, {
  "printCode" : "MVP1-ITSV3",
  "rarity" : "ultra rare",
  "language" : "it"
}, {
  "printCode" : "MVP1-ITS54",
  "rarity" : "secret rare",
  "language" : "it"
}, {
  "printCode" : "SS04-ITA01",
  "rarity" : "common",
  "language" : "it"
}, {
  "printCode" : "MAGO-IT002",
  "rarity" : "premium gold rare",
  "language" : "it"
}, {
  "printCode" : "SBCB-IT001",
  "rarity" : "common",
  "language" : "it"
}, {
  "printCode" : "SBCB-IT001",
  "rarity" : "secret rare",
  "language" : "it"
}, {
  "printCode" : "GFTP-IT128",
  "rarity" : "ghost rare",
  "language" : "it"
}, {
  "printCode" : "MGED-IT002",
  "rarity" : "premium gold rare",
  "language" : "it"
}, {
  "printCode" : "25TH-IT001",
  "rarity" : "ultra rare",
  "language" : "it"
}, {
  "printCode" : "HAC1-IT002",
  "rarity" : "duel terminal ultra parallel rare",
  "language" : "it"
}, {
  "printCode" : "LC01-IT005",
  "rarity" : "ultra rare",
  "language" : "it"
}, {
  "printCode" : "LC01-IT005",
  "rarity" : "quarter century secret rare",
  "language" : "it"
}, {
  "printCode" : "LOB-IT005",
  "rarity" : "ultra rare",
  "language" : "it"
}, {
  "printCode" : "SBC1-ITA01",
  "rarity" : "common",
  "language" : "it"
}, {
  "printCode" : "SBC1-ITA01",
  "rarity" : "secret",
  "language" : "it"
}, {
  "printCode" : "TN23-IT001",
  "rarity" : "quarter century secret rare",
  "language" : "it"
}, {
  "firstSeriesSet" : "Vol.1",
  "rarity" : "ultra rare",
  "language" : "ja"
}, {
  "firstSeriesSet" : "EX Starter Box",
  "rarity" : "ultra rare",
  "language" : "ja"
}, {
  "printCode" : "LB-05",
  "rarity" : "ultra rare",
  "language" : "ja"
}, {
  "printCode" : "EX-06",
  "rarity" : "ultra rare",
  "language" : "ja"
}, {
  "printCode" : "YU-15",
  "rarity" : "common",
  "language" : "ja"
}, {
  "printCode" : "LN-53",
  "rarity" : "ultimate rare",
  "language" : "ja"
}, {
  "printCode" : "DL2-005",
  "rarity" : "ultra rare",
  "language" : "ja"
}, {
  "printCode" : "DL2-005",
  "rarity" : "ultra parallel rare",
  "language" : "ja"
}, {
  "printCode" : "SY2-002",
  "rarity" : "common",
  "language" : "ja"
}, {
  "printCode" : "BE1-JP102",
  "rarity" : "ultra rare",
  "language" : "ja"
}, {
  "printCode" : "SD6-JP003",
  "rarity" : "common",
  "language" : "ja"
}, {
  "printCode" : "DT01-JP002",
  "rarity" : "duel terminal rare parallel rare",
  "language" : "ja"
}, {
  "printCode" : "WJMP-JP012",
  "rarity" : "ultra rare",
  "language" : "ja"
}, {
  "printCode" : "BE01-JP092",
  "rarity" : "ultra rare",
  "language" : "ja"
}, {
  "printCode" : "15AY-JPA03",
  "rarity" : "ultra rare",
  "language" : "ja"
}, {
  "printCode" : "15AY-JPC09",
  "rarity" : "ultra rare",
  "language" : "ja"
}, {
  "printCode" : "TRC1-JP001",
  "rarity" : "extra secret rare",
  "language" : "ja"
}, {
  "printCode" : "15AX-JPY01",
  "rarity" : "secret rare",
  "language" : "ja"
}, {
  "printCode" : "15AX-JPY01",
  "rarity" : "millennium rare",
  "language" : "ja"
}, {
  "printCode" : "SJMP-JP002",
  "rarity" : "ultra rare",
  "language" : "ja"
}, {
  "printCode" : "DP16-JP008",
  "rarity" : "super rare",
  "language" : "ja"
}, {
  "printCode" : "MB01-JP010",
  "rarity" : "millennium rare",
  "language" : "ja"
}, {
  "printCode" : "MVPI-JP001",
  "rarity" : "kaiba corporation common",
  "language" : "ja"
}, {
  "printCode" : "SDMY-JP010",
  "rarity" : "normal parallel rare",
  "language" : "ja"
}, {
  "printCode" : "20AP-JP101",
  "rarity" : "holographic parallel rare",
  "language" : "ja"
}, {
  "printCode" : "LG01-JP001",
  "rarity" : "normal parallel rare",
  "language" : "ja"
}, {
  "printCode" : "2018-JPP02",
  "rarity" : "20th secret rare",
  "language" : "ja"
}, {
  "printCode" : "YCPC-JP004",
  "rarity" : "common",
  "language" : "ja"
}, {
  "printCode" : "YCPC-JP004",
  "rarity" : "millennium rare",
  "language" : "ja"
}, {
  "firstSeriesSet" : "20th Anniversary Duelist Box",
  "rarity" : "ultra rare",
  "language" : "ja"
}, {
  "printCode" : "20TH-JPBS1",
  "rarity" : "20th secret rare",
  "language" : "ja"
}, {
  "printCode" : "20TH-JPC57",
  "rarity" : "ultra parallel rare",
  "language" : "ja"
}, {
  "printCode" : "20TH-JPC57",
  "rarity" : "secret rare",
  "language" : "ja"
}, {
  "printCode" : "20CP-JPS01",
  "rarity" : "20th secret rare",
  "language" : "ja"
}, {
  "printCode" : "LGB1-JPS01",
  "rarity" : "premium gold rare",
  "language" : "ja"
}, {
  "printCode" : "PSEC-JP002",
  "rarity" : "prismatic secret rare",
  "language" : "ja"
}, {
  "printCode" : "PGB1-JP011",
  "rarity" : "millennium ultra rare",
  "language" : "ja"
}, {
  "printCode" : "PGB1-JP011",
  "rarity" : "ultimate rare",
  "language" : "ja"
}, {
  "printCode" : "PAC1-JP004",
  "rarity" : "normal parallel rare",
  "language" : "ja"
}, {
  "printCode" : "PAC1-JP004",
  "rarity" : "secret rare",
  "language" : "ja"
}, {
  "printCode" : "PAC1-JP004",
  "rarity" : "prismatic secret rare",
  "language" : "ja"
}, {
  "printCode" : "DR01-JPA01",
  "rarity" : "common",
  "language" : "ja"
}, {
  "printCode" : "DR01-JPA01",
  "rarity" : "ultra rare",
  "language" : "ja"
}, {
  "printCode" : "PPC1-JP001",
  "rarity" : "common",
  "language" : "ja"
}, {
  "printCode" : "PPC1-JP001",
  "rarity" : "normal parallel rare",
  "language" : "ja"
}, {
  "printCode" : "25TH-JP001",
  "rarity" : "ultra rare",
  "language" : "ja"
}, {
  "firstSeriesSet" : "\"Dark Magician\" Special Card",
  "rarity" : "ultra rare",
  "language" : "ja"
}, {
  "printCode" : "CCC1-JP001",
  "rarity" : "normal parallel rare",
  "language" : "ja"
}, {
  "printCode" : "711C-JP001",
  "rarity" : "normal parallel rare",
  "language" : "ja"
}, {
  "printCode" : "LOB-K005",
  "rarity" : "ultra rare",
  "language" : "ko"
}, {
  "printCode" : "SDY-K006",
  "rarity" : "ultra rare",
  "language" : "ko"
}, {
  "printCode" : "BP1-KR102",
  "rarity" : "ultra rare",
  "language" : "ko"
}, {
  "printCode" : "SYE-KR001",
  "rarity" : "super rare",
  "language" : "ko"
}, {
  "printCode" : "SD6-KR003",
  "rarity" : "common",
  "language" : "ko"
}, {
  "printCode" : "PP01-KR017",
  "rarity" : "ultra rare",
  "language" : "ko"
}, {
  "printCode" : "DP00-KR001",
  "rarity" : "super rare",
  "language" : "ko"
}, {
  "printCode" : "MOV-KR005",
  "rarity" : "ultra rare",
  "language" : "ko"
}, {
  "printCode" : "MB01-KR010",
  "rarity" : "millennium rare",
  "language" : "ko"
}, {
  "printCode" : "MVPC-KR005",
  "rarity" : "ultra rare",
  "language" : "ko"
}, {
  "printCode" : "DP16-KR008",
  "rarity" : "super rare",
  "language" : "ko"
}, {
  "printCode" : "SDMY-KR010",
  "rarity" : "normal parallel rare",
  "language" : "ko"
}, {
  "printCode" : "20AP-KR101",
  "rarity" : "extra secret parallel rare",
  "language" : "ko"
}, {
  "printCode" : "15AY-KRA03",
  "rarity" : "ultra rare",
  "language" : "ko"
}, {
  "printCode" : "TRC1-KR001",
  "rarity" : "extra secret rare",
  "language" : "ko"
}, {
  "printCode" : "15AY-KRC09",
  "rarity" : "ultra rare",
  "language" : "ko"
}, {
  "printCode" : "15AY-KRA03",
  "rarity" : "ultra rare",
  "language" : "ko"
}, {
  "printCode" : "CHBI-KRBS1",
  "rarity" : "extra secret rare",
  "language" : "ko"
}, {
  "printCode" : "LEC1-KR057",
  "rarity" : "ultra parallel rare",
  "language" : "ko"
}, {
  "printCode" : "LEC1-KR057",
  "rarity" : "secret rare",
  "language" : "ko"
}, {
  "printCode" : "15AX-KRY01",
  "rarity" : "secret rare",
  "language" : "ko"
}, {
  "printCode" : "15AX-KRY01",
  "rarity" : "millennium rare",
  "language" : "ko"
}, {
  "printCode" : "LGB1-KRS01",
  "rarity" : "premium gold rare",
  "language" : "ko"
}, {
  "printCode" : "LGB1-KRGE1",
  "rarity" : "premium gold rare",
  "language" : "ko"
}, {
  "printCode" : "PAC1-KR004",
  "rarity" : "normal parallel rare",
  "language" : "ko"
}, {
  "printCode" : "PAC1-KR004",
  "rarity" : "secret rare",
  "language" : "ko"
}, {
  "printCode" : "PAC1-KR004",
  "rarity" : "prismatic secret rare",
  "language" : "ko"
}, {
  "printCode" : "25TH-KR001",
  "rarity" : "ultra rare",
  "language" : "ko"
}, {
  "printCode" : "GPC1-KR001",
  "rarity" : "normal parallel rare",
  "language" : "ko"
}, {
  "printCode" : "DIY-P006",
  "rarity" : "ultra rare",
  "language" : "pt"
}, {
  "printCode" : "LDB-P005",
  "rarity" : "ultra rare",
  "language" : "pt"
}, {
  "printCode" : "SYE-PT001",
  "rarity" : "super rare",
  "language" : "pt"
}, {
  "printCode" : "YSYR-PT001",
  "rarity" : "common",
  "language" : "pt"
}, {
  "printCode" : "YSYR-PT001",
  "rarity" : "ultimate rare",
  "language" : "pt"
}, {
  "printCode" : "YGLD-PTA03",
  "rarity" : "common",
  "language" : "pt"
}, {
  "printCode" : "YGLD-PTC09",
  "rarity" : "ultra rare",
  "language" : "pt"
}, {
  "printCode" : "DPBC-PT008",
  "rarity" : "super rare",
  "language" : "pt"
}, {
  "printCode" : "MVP1-PT054",
  "rarity" : "ultra rare",
  "language" : "pt"
}, {
  "printCode" : "CT13-PT003",
  "rarity" : "ultra rare",
  "language" : "pt"
}, {
  "printCode" : "LDK2-PTY10",
  "rarity" : "common",
  "language" : "pt"
}, {
  "printCode" : "SDMY-PT010",
  "rarity" : "common",
  "language" : "pt"
}, {
  "printCode" : "MVP1-PTGV3",
  "rarity" : "gold secret rare",
  "language" : "pt"
}, {
  "printCode" : "MVP1-PTG54",
  "rarity" : "gold rare",
  "language" : "pt"
}, {
  "printCode" : "DUSA-PT100",
  "rarity" : "ultra rare",
  "language" : "pt"
}, {
  "printCode" : "CT14-PT001",
  "rarity" : "secret rare",
  "language" : "pt"
}, {
  "printCode" : "LEDD-PTA01",
  "rarity" : "common",
  "language" : "pt"
}, {
  "printCode" : "SS01-PTA01",
  "rarity" : "common",
  "language" : "pt"
}, {
  "printCode" : "DUPO-PT101",
  "rarity" : "ultra rare",
  "language" : "pt"
}, {
  "printCode" : "STP1-PT001",
  "rarity" : "ultra rare",
  "language" : "pt"
}, {
  "printCode" : "MVP1-PTSV3",
  "rarity" : "ultra rare",
  "language" : "pt"
}, {
  "printCode" : "MVP1-PTS54",
  "rarity" : "secret rare",
  "language" : "pt"
}, {
  "printCode" : "SS04-PTA01",
  "rarity" : "common",
  "language" : "pt"
}, {
  "printCode" : "MAGO-PT002",
  "rarity" : "premium gold rare",
  "language" : "pt"
}, {
  "printCode" : "GFTP-PT128",
  "rarity" : "ghost rare",
  "language" : "pt"
}, {
  "printCode" : "MGED-PT002",
  "rarity" : "premium gold rare",
  "language" : "pt"
}, {
  "printCode" : "25TH-PT001",
  "rarity" : "ultra rare",
  "language" : "pt"
}, {
  "printCode" : "HAC1-PT002",
  "rarity" : "duel terminal ultra parallel rare",
  "language" : "pt"
}, {
  "printCode" : "LC01-PT005",
  "rarity" : "ultra rare",
  "language" : "pt"
}, {
  "printCode" : "LC01-PT005",
  "rarity" : "quarter century secret rare",
  "language" : "pt"
}, {
  "printCode" : "LOB-PT005",
  "rarity" : "ultra rare",
  "language" : "pt"
}, {
  "printCode" : "SBC1-PTA01",
  "rarity" : "common",
  "language" : "pt"
}, {
  "printCode" : "SBC1-PTA01",
  "rarity" : "secret rare",
  "language" : "pt"
}, {
  "printCode" : "TN23-PT001",
  "rarity" : "quarter century secret rare",
  "language" : "pt"
}, {
  "printCode" : "TRC1-SC001",
  "rarity" : "extra secret rare",
  "language" : "zh-Hans"
}, {
  "printCode" : "CL01-SC001",
  "rarity" : "ultra rare",
  "language" : "zh-Hans"
}, {
  "printCode" : "CL01-SC001",
  "rarity" : "secret rare",
  "language" : "zh-Hans"
}, {
  "printCode" : "PSEC-SC002",
  "rarity" : "prismatic secret rare",
  "language" : "zh-Hans"
}, {
  "firstSeriesSet" : "\"Dark Magician\" Giveaway for 1000 People!",
  "rarity" : "ultra rare",
  "language" : "zh-Hant"
} ]