[ {
  "printCode" : "NECH-EN021",
  "setCode" : "NECH",
  "printNumber" : 21,
  "rarity" : "ultra rare",
  "language" : "en",
  "regionCode" : "EN"
}, {
  "printCode" : "MP15-EN144",
  "setCode" : "MP15",
  "printNumber" : 144,
  "rarity" : "ultra rare",
  "language" : "en",
  "regionCode" : "EN"
}, {
  "printCode" : "PEVO-EN057",
  "setCode" : "PEVO",
  "printNumber" : 57,
  "rarity" : "super rare",
  "language" : "en",
  "regionCode" : "EN"
}, {
  "printCode" : "NECH-DE021",
  "setCode" : "NECH",
  "printNumber" : 21,
  "rarity" : "ultra rare",
  "language" : "de",
  "regionCode" : "DE"
}, {
  "printCode" : "MP15-DE144",
  "setCode" : "MP15",
  "printNumber" : 144,
  "rarity" : "ultra rare",
  "language" : "de",
  "regionCode" : "DE"
}, {
  "printCode" : "PEVO-DE057",
  "setCode" : "PEVO",
  "printNumber" : 57,
  "rarity" : "super rare",
  "language" : "de",
  "regionCode" : "DE"
}, {
  "printCode" : "NECH-SP021",
  "setCode" : "NECH",
  "printNumber" : 21,
  "rarity" : "ultra rare",
  "language" : "es",
  "regionCode" : "SP"
}, {
  "printCode" : "MP15-SP144",
  "setCode" : "MP15",
  "printNumber" : 144,
  "rarity" : "ultra rare",
  "language" : "es",
  "regionCode" : "SP"
}, {
  "printCode" : "PEVO-SP057",
  "setCode" : "PEVO",
  "printNumber" : 57,
  "rarity" : "super rare",
  "language" : "es",
  "regionCode" : "SP"
}, {
  "printCode" : "NECH-FR021",
  "setCode" : "NECH",
  "printNumber" : 21,
  "rarity" : "ultra rare",
  "language" : "fr",
  "regionCode" : "FR"
}, {
  "printCode" : "MP15-FR144",
  "setCode" : "MP15",
  "printNumber" : 144,
  "rarity" : "ultra rare",
  "language" : "fr",
  "regionCode" : "FR"
}, {
  "printCode" : "PEVO-FR057",
  "setCode" : "PEVO",
  "printNumber" : 57,
  "rarity" : "super rare",
  "language" : "fr",
  "regionCode" : "FR"
}, {
  "printCode" : "NECH-IT021",
  "setCode" : "NECH",
  "printNumber" : 21,
  "rarity" : "ultra rare",
  "language" : "it",
  "regionCode" : "IT"
}, {
  "printCode" : "MP15-IT144",
  "setCode" : "MP15",
  "printNumber" : 144,
  "rarity" : "ultra rare",
  "language" : "it",
  "regionCode" : "IT"
}, {
  "printCode" : "PEVO-IT057",
  "setCode" : "PEVO",
  "printNumber" : 57,
  "rarity" : "super rare",
  "language" : "it",
  "regionCode" : "IT"
}, {
  "printCode" : "NECH-JP021",
  "setCode" : "NECH",
  "printNumber" : 21,
  "rarity" : "rare",
  "language" : "ja",
  "regionCode" : "JP"
}, {
  "printCode" : "20AP-JP098",
  "setCode" : "20AP",
  "printNumber" : 98,
  "rarity" : "normal parallel rare",
  "language" : "ja",
  "regionCode" : "JP"
}, {
  "printCode" : "LVP1-JP062",
  "setCode" : "LVP1",
  "printNumber" : 62,
  "rarity" : "common",
  "language" : "ja",
  "regionCode" : "JP"
}, {
  "printCode" : "NECH-KR021",
  "setCode" : "NECH",
  "printNumber" : 21,
  "rarity" : "rare",
  "language" : "ko",
  "regionCode" : "KR"
}, {
  "printCode" : "20AP-KR098",
  "setCode" : "20AP",
  "printNumber" : 98,
  "rarity" : "normal parallel rare",
  "language" : "ko",
  "regionCode" : "KR"
}, {
  "printCode" : "LVP1-KR062",
  "setCode" : "LVP1",
  "printNumber" : 62,
  "rarity" : "common",
  "language" : "ko",
  "regionCode" : "KR"
}, {
  "printCode" : "NECH-PT021",
  "setCode" : "NECH",
  "printNumber" : 21,
  "rarity" : "ultra rare",
  "language" : "pt",
  "regionCode" : "PT"
}, {
  "printCode" : "MP15-PT144",
  "setCode" : "MP15",
  "printNumber" : 144,
  "rarity" : "ultra rare",
  "language" : "pt",
  "regionCode" : "PT"
}, {
  "printCode" : "PEVO-PT057",
  "setCode" : "PEVO",
  "printNumber" : 57,
  "rarity" : "super rare",
  "language" : "pt",
  "regionCode" : "PT"
} ]