[ {
  "printCode" : "SYE-026",
  "rarity" : "common",
  "language" : "en"
}, {
  "printCode" : "DB1-EN113",
  "rarity" : "super rare",
  "language" : "en"
}, {
  "printCode" : "LOB-EN052",
  "rarity" : "super rare",
  "language" : "en"
}, {
  "printCode" : "TU04-EN017",
  "rarity" : "common",
  "language" : "en"
}, {
  "printCode" : "TU05-EN001",
  "rarity" : "ultra rare",
  "language" : "en"
}, {
  "printCode" : "GLD5-EN037",
  "rarity" : "gold rare",
  "language" : "en"
}, {
  "printCode" : "SDWA-EN023",
  "rarity" : "common",
  "language" : "en"
}, {
  "printCode" : "LCYW-EN053",
  "rarity" : "secret rare",
  "language" : "en"
}, {
  "printCode" : "SDRE-EN031",
  "rarity" : "common",
  "language" : "en"
}, {
  "printCode" : "LCJW-EN283",
  "rarity" : "secret rare",
  "language" : "en"
}, {
  "printCode" : "YSKR-EN028",
  "rarity" : "common",
  "language" : "en"
}, {
  "printCode" : "YSYR-EN025",
  "rarity" : "common",
  "language" : "en"
}, {
  "printCode" : "YS14-ENA10",
  "rarity" : "ultra rare",
  "language" : "en"
}, {
  "printCode" : "NKRT-EN024",
  "rarity" : "platinum rare",
  "language" : "en"
}, {
  "printCode" : "PGL2-EN089",
  "rarity" : "gold rare",
  "language" : "en"
}, {
  "printCode" : "DESO-EN042",
  "rarity" : "super rare",
  "language" : "en"
}, {
  "printCode" : "YS17-EN023",
  "rarity" : "common",
  "language" : "en"
}, {
  "printCode" : "YS18-EN025",
  "rarity" : "common",
  "language" : "en"
}, {
  "printCode" : "LEHD-ENB21",
  "rarity" : "ultra rare",
  "language" : "en"
}, {
  "printCode" : "LEHD-ENC15",
  "rarity" : "common",
  "language" : "en"
}, {
  "printCode" : "OP12-EN022",
  "rarity" : "common",
  "language" : "en"
}, {
  "printCode" : "LOB-EN052",
  "rarity" : "super rare",
  "language" : "en"
}, {
  "printCode" : "BLMR-EN086",
  "rarity" : "secret rare",
  "language" : "en"
}, {
  "printCode" : "BLMR-EN086",
  "rarity" : "quarter century secret rare",
  "language" : "en"
}, {
  "printCode" : "OP23-EN023",
  "rarity" : "common",
  "language" : "en"
}, {
  "printCode" : "SR14-EN030",
  "rarity" : "common",
  "language" : "en"
}, {
  "printCode" : "LOB-052",
  "rarity" : "super rare",
  "language" : "en"
}, {
  "printCode" : "SDY-022",
  "rarity" : "common",
  "language" : "en"
}, {
  "printCode" : "SDK-022",
  "rarity" : "common",
  "language" : "en"
}, {
  "printCode" : "SDJ-026",
  "rarity" : "common",
  "language" : "en"
}, {
  "printCode" : "SDP-026",
  "rarity" : "common",
  "language" : "en"
}, {
  "printCode" : "YS15-ENF13",
  "rarity" : "shatterfoil rare",
  "language" : "en"
}, {
  "printCode" : "YS15-ENL14",
  "rarity" : "shatterfoil rare",
  "language" : "en"
}, {
  "printCode" : "LOB-E041",
  "rarity" : "super rare",
  "language" : "en"
}, {
  "printCode" : "SDY-E020",
  "rarity" : "common",
  "language" : "en"
}, {
  "printCode" : "SDK-E021",
  "rarity" : "common",
  "language" : "en"
}, {
  "printCode" : "YS15-ENY12",
  "rarity" : "super rare",
  "language" : "en"
}, {
  "printCode" : "DEM3-EN012",
  "rarity" : "common",
  "language" : "en"
}, {
  "printCode" : "LOB-A052",
  "rarity" : "super rare",
  "language" : "en"
}, {
  "printCode" : "SDY-A022",
  "rarity" : "common",
  "language" : "en"
}, {
  "printCode" : "SDK-A022",
  "rarity" : "common",
  "language" : "en"
}, {
  "printCode" : "LOB-052",
  "rarity" : "super rare",
  "language" : "en"
}, {
  "printCode" : "SDY-022",
  "rarity" : "common",
  "language" : "en"
}, {
  "printCode" : "SDK-022",
  "rarity" : "common",
  "language" : "en"
}, {
  "printCode" : "LOB-G041",
  "rarity" : "super rare",
  "language" : "de"
}, {
  "printCode" : "SDY-G020",
  "rarity" : "common",
  "language" : "de"
}, {
  "printCode" : "SDK-G021",
  "rarity" : "common",
  "language" : "de"
}, {
  "printCode" : "SDJ-G026",
  "rarity" : "common",
  "language" : "de"
}, {
  "printCode" : "SDP-G026",
  "rarity" : "common",
  "language" : "de"
}, {
  "printCode" : "DB1-DE113",
  "rarity" : "super rare",
  "language" : "de"
}, {
  "printCode" : "SYE-DE026",
  "rarity" : "common",
  "language" : "de"
}, {
  "printCode" : "TU04-DE017",
  "rarity" : "common",
  "language" : "de"
}, {
  "printCode" : "TU05-DE001",
  "rarity" : "ultra rare",
  "language" : "de"
}, {
  "printCode" : "GLD5-DE037",
  "rarity" : "gold rare",
  "language" : "de"
}, {
  "printCode" : "SDWA-DE023",
  "rarity" : "common",
  "language" : "de"
}, {
  "printCode" : "LCYW-DE053",
  "rarity" : "secret rare",
  "language" : "de"
}, {
  "printCode" : "SDRE-DE031",
  "rarity" : "common",
  "language" : "de"
}, {
  "printCode" : "LCJW-DE283",
  "rarity" : "secret rare",
  "language" : "de"
}, {
  "printCode" : "YSKR-DE028",
  "rarity" : "common",
  "language" : "de"
}, {
  "printCode" : "YSYR-DE025",
  "rarity" : "common",
  "language" : "de"
}, {
  "printCode" : "YS14-DEA10",
  "rarity" : "ultra rare",
  "language" : "de"
}, {
  "printCode" : "NKRT-DE024",
  "rarity" : "platinum rare",
  "language" : "de"
}, {
  "printCode" : "PGL2-DE089",
  "rarity" : "gold rare",
  "language" : "de"
}, {
  "printCode" : "YS15-DEY12",
  "rarity" : "super rare",
  "language" : "de"
}, {
  "printCode" : "DEM3-DE012",
  "rarity" : "common",
  "language" : "de"
}, {
  "printCode" : "DESO-DE042",
  "rarity" : "super rare",
  "language" : "de"
}, {
  "printCode" : "YS17-DE023",
  "rarity" : "common",
  "language" : "de"
}, {
  "printCode" : "YS18-DE025",
  "rarity" : "common",
  "language" : "de"
}, {
  "printCode" : "LEHD-DEB21",
  "rarity" : "ultra rare",
  "language" : "de"
}, {
  "printCode" : "LEHD-DEC15",
  "rarity" : "common",
  "language" : "de"
}, {
  "printCode" : "OP12-DE022",
  "rarity" : "common",
  "language" : "de"
}, {
  "printCode" : "LOB-DE052",
  "rarity" : "super rare",
  "language" : "de"
}, {
  "printCode" : "BLMR-DE086",
  "rarity" : "secret rare",
  "language" : "de"
}, {
  "printCode" : "BLMR-DE086",
  "rarity" : "quarter century secret rare",
  "language" : "de"
}, {
  "printCode" : "OP23-DE023",
  "rarity" : "common",
  "language" : "de"
}, {
  "printCode" : "SR14-DE030",
  "rarity" : "common",
  "language" : "de"
}, {
  "printCode" : "LDD-S052",
  "rarity" : "super rare",
  "language" : "es"
}, {
  "printCode" : "BIY-S022",
  "rarity" : "common",
  "language" : "es"
}, {
  "printCode" : "BIK-S022",
  "rarity" : "common",
  "language" : "es"
}, {
  "printCode" : "BIJ-S026",
  "rarity" : "common",
  "language" : "es"
}, {
  "printCode" : "BIP-S026",
  "rarity" : "common",
  "language" : "es"
}, {
  "printCode" : "DB1-SP113",
  "rarity" : "super rare",
  "language" : "es"
}, {
  "printCode" : "SYE-SP026",
  "rarity" : "common",
  "language" : "es"
}, {
  "printCode" : "TU04-SP017",
  "rarity" : "common",
  "language" : "es"
}, {
  "printCode" : "TU05-SP001",
  "rarity" : "ultra rare",
  "language" : "es"
}, {
  "printCode" : "GLD5-SP037",
  "rarity" : "gold rare",
  "language" : "es"
}, {
  "printCode" : "SDWA-SP023",
  "rarity" : "common",
  "language" : "es"
}, {
  "printCode" : "LCYW-SP053",
  "rarity" : "secret rare",
  "language" : "es"
}, {
  "printCode" : "SDRE-SP031",
  "rarity" : "common",
  "language" : "es"
}, {
  "printCode" : "LCJW-SP283",
  "rarity" : "secret rare",
  "language" : "es"
}, {
  "printCode" : "YSKR-SP028",
  "rarity" : "common",
  "language" : "es"
}, {
  "printCode" : "YSYR-SP025",
  "rarity" : "common",
  "language" : "es"
}, {
  "printCode" : "YS14-SPA10",
  "rarity" : "ultra rare",
  "language" : "es"
}, {
  "printCode" : "NKRT-SP024",
  "rarity" : "platinum rare",
  "language" : "es"
}, {
  "printCode" : "PGL2-SP089",
  "rarity" : "gold rare",
  "language" : "es"
}, {
  "printCode" : "YS15-SPY12",
  "rarity" : "super rare",
  "language" : "es"
}, {
  "printCode" : "DESO-SP042",
  "rarity" : "super rare",
  "language" : "es"
}, {
  "printCode" : "YS17-SP023",
  "rarity" : "common",
  "language" : "es"
}, {
  "printCode" : "YS18-SP025",
  "rarity" : "common",
  "language" : "es"
}, {
  "printCode" : "LEHD-SPB21",
  "rarity" : "ultra rare",
  "language" : "es"
}, {
  "printCode" : "LEHD-SPC15",
  "rarity" : "common",
  "language" : "es"
}, {
  "printCode" : "OP12-SP022",
  "rarity" : "common",
  "language" : "es"
}, {
  "printCode" : "LOB-SP052",
  "rarity" : "super rare",
  "language" : "es"
}, {
  "printCode" : "BLMR-SP086",
  "rarity" : "secret rare",
  "language" : "es"
}, {
  "printCode" : "BLMR-SP086",
  "rarity" : "quarter century secret rare",
  "language" : "es"
}, {
  "printCode" : "OP23-SP023",
  "rarity" : "common",
  "language" : "es"
}, {
  "printCode" : "SR14-SP030",
  "rarity" : "common",
  "language" : "es"
}, {
  "printCode" : "LDD-F041",
  "rarity" : "super rare",
  "language" : "fr"
}, {
  "printCode" : "DDY-F020",
  "rarity" : "common",
  "language" : "fr"
}, {
  "printCode" : "DDK-F021",
  "rarity" : "common",
  "language" : "fr"
}, {
  "printCode" : "DDJ-F026",
  "rarity" : "common",
  "language" : "fr"
}, {
  "printCode" : "DDP-F026",
  "rarity" : "common",
  "language" : "fr"
}, {
  "printCode" : "SYE-FR026",
  "rarity" : "common",
  "language" : "fr"
}, {
  "printCode" : "TU04-FR017",
  "rarity" : "common",
  "language" : "fr"
}, {
  "printCode" : "TU05-FR001",
  "rarity" : "ultra rare",
  "language" : "fr"
}, {
  "printCode" : "GLD5-FR037",
  "rarity" : "gold rare",
  "language" : "fr"
}, {
  "printCode" : "SDWA-FR023",
  "rarity" : "common",
  "language" : "fr"
}, {
  "printCode" : "LCYW-FR053",
  "rarity" : "secret rare",
  "language" : "fr"
}, {
  "printCode" : "SDRE-FR031",
  "rarity" : "common",
  "language" : "fr"
}, {
  "printCode" : "LCJW-FR283",
  "rarity" : "secret rare",
  "language" : "fr"
}, {
  "printCode" : "YSKR-FR028",
  "rarity" : "common",
  "language" : "fr"
}, {
  "printCode" : "YSYR-FR025",
  "rarity" : "common",
  "language" : "fr"
}, {
  "printCode" : "YS14-FRA10",
  "rarity" : "ultra rare",
  "language" : "fr"
}, {
  "printCode" : "NKRT-FR024",
  "rarity" : "platinum rare",
  "language" : "fr"
}, {
  "printCode" : "PGL2-FR089",
  "rarity" : "gold rare",
  "language" : "fr"
}, {
  "printCode" : "YS15-FRY12",
  "rarity" : "super rare",
  "language" : "fr"
}, {
  "printCode" : "DEM3-FR012",
  "rarity" : "common",
  "language" : "fr"
}, {
  "printCode" : "DESO-FR042",
  "rarity" : "super rare",
  "language" : "fr"
}, {
  "printCode" : "YS17-FR023",
  "rarity" : "common",
  "language" : "fr"
}, {
  "printCode" : "YS18-FR025",
  "rarity" : "common",
  "language" : "fr"
}, {
  "printCode" : "LEHD-FRB21",
  "rarity" : "ultra rare",
  "language" : "fr"
}, {
  "printCode" : "LEHD-FRC15",
  "rarity" : "common",
  "language" : "fr"
}, {
  "printCode" : "OP12-FR022",
  "rarity" : "common",
  "language" : "fr"
}, {
  "printCode" : "LOB-FR052",
  "rarity" : "super rare",
  "language" : "fr"
}, {
  "printCode" : "BLMR-FR086",
  "rarity" : "secret rare",
  "language" : "fr"
}, {
  "printCode" : "BLMR-FR086",
  "rarity" : "quarter century secret rare",
  "language" : "fr"
}, {
  "printCode" : "OP23-FR023",
  "rarity" : "common",
  "language" : "fr"
}, {
  "printCode" : "SR14-FR030",
  "rarity" : "common",
  "language" : "fr"
}, {
  "printCode" : "LDD-C052",
  "rarity" : "super rare",
  "language" : "fr"
}, {
  "printCode" : "DDY-C022",
  "rarity" : "common",
  "language" : "fr"
}, {
  "printCode" : "DDK-C022",
  "rarity" : "common",
  "language" : "fr"
}, {
  "printCode" : "LDD-I041",
  "rarity" : "super rare",
  "language" : "it"
}, {
  "printCode" : "MIY-I020",
  "rarity" : "common",
  "language" : "it"
}, {
  "printCode" : "MIK-I021",
  "rarity" : "common",
  "language" : "it"
}, {
  "printCode" : "MIJ-I026",
  "rarity" : "common",
  "language" : "it"
}, {
  "printCode" : "MIP-I026",
  "rarity" : "common",
  "language" : "it"
}, {
  "printCode" : "SYE-IT026",
  "rarity" : "common",
  "language" : "it"
}, {
  "printCode" : "TU04-IT017",
  "rarity" : "common",
  "language" : "it"
}, {
  "printCode" : "TU05-IT001",
  "rarity" : "ultra rare",
  "language" : "it"
}, {
  "printCode" : "GLD5-IT037",
  "rarity" : "gold rare",
  "language" : "it"
}, {
  "printCode" : "SDWA-IT023",
  "rarity" : "common",
  "language" : "it"
}, {
  "printCode" : "LCYW-IT053",
  "rarity" : "secret rare",
  "language" : "it"
}, {
  "printCode" : "SDRE-IT031",
  "rarity" : "common",
  "language" : "it"
}, {
  "printCode" : "LCJW-IT283",
  "rarity" : "secret rare",
  "language" : "it"
}, {
  "printCode" : "YSKR-IT028",
  "rarity" : "common",
  "language" : "it"
}, {
  "printCode" : "YSYR-IT025",
  "rarity" : "common",
  "language" : "it"
}, {
  "printCode" : "YS14-ITA10",
  "rarity" : "ultra rare",
  "language" : "it"
}, {
  "printCode" : "NKRT-IT024",
  "rarity" : "platinum rare",
  "language" : "it"
}, {
  "printCode" : "PGL2-IT089",
  "rarity" : "gold rare",
  "language" : "it"
}, {
  "printCode" : "YS15-ITY12",
  "rarity" : "super rare",
  "language" : "it"
}, {
  "printCode" : "DEM3-IT012",
  "rarity" : "common",
  "language" : "it"
}, {
  "printCode" : "DESO-IT042",
  "rarity" : "super rare",
  "language" : "it"
}, {
  "printCode" : "YS17-IT023",
  "rarity" : "common",
  "language" : "it"
}, {
  "printCode" : "YS18-IT025",
  "rarity" : "common",
  "language" : "it"
}, {
  "printCode" : "LEHD-ITB21",
  "rarity" : "ultra rare",
  "language" : "it"
}, {
  "printCode" : "LEHD-ITC15",
  "rarity" : "common",
  "language" : "it"
}, {
  "printCode" : "OP12-IT022",
  "rarity" : "common",
  "language" : "it"
}, {
  "printCode" : "LOB-IT052",
  "rarity" : "super rare",
  "language" : "it"
}, {
  "printCode" : "BLMR-IT086",
  "rarity" : "secret rare",
  "language" : "it"
}, {
  "printCode" : "BLMR-IT086",
  "rarity" : "quarter century secret rare",
  "language" : "it"
}, {
  "printCode" : "OP23-IT023",
  "rarity" : "common",
  "language" : "it"
}, {
  "printCode" : "SR14-IT030",
  "rarity" : "common",
  "language" : "it"
}, {
  "setCode" : "Vol.1",
  "rarity" : "super rare",
  "language" : "ja"
}, {
  "setCode" : "EX Starter Box",
  "rarity" : "common",
  "language" : "ja"
}, {
  "printCode" : "LB-51",
  "rarity" : "super rare",
  "language" : "ja"
}, {
  "printCode" : "EX-22",
  "rarity" : "common",
  "language" : "ja"
}, {
  "printCode" : "YU-28",
  "rarity" : "common",
  "language" : "ja"
}, {
  "printCode" : "JY-27",
  "rarity" : "common",
  "language" : "ja"
}, {
  "printCode" : "KA-29",
  "rarity" : "common",
  "language" : "ja"
}, {
  "printCode" : "DL2-033",
  "rarity" : "super rare",
  "language" : "ja"
}, {
  "printCode" : "BE1-JP113",
  "rarity" : "super rare",
  "language" : "ja"
}, {
  "printCode" : "GS03-JP012",
  "rarity" : "common",
  "language" : "ja"
}, {
  "printCode" : "GS03-JP012",
  "rarity" : "gold rare",
  "language" : "ja"
}, {
  "printCode" : "BE01-JP098",
  "rarity" : "ultra rare",
  "language" : "ja"
}, {
  "printCode" : "SD23-JP030",
  "rarity" : "common",
  "language" : "ja"
}, {
  "printCode" : "GDB1-JP052",
  "rarity" : "gold rare",
  "language" : "ja"
}, {
  "printCode" : "ST12-JPP02",
  "rarity" : "normal parallel rare",
  "language" : "ja"
}, {
  "printCode" : "DS13-JPD30",
  "rarity" : "common",
  "language" : "ja"
}, {
  "printCode" : "ST14-JPA06",
  "rarity" : "common",
  "language" : "ja"
}, {
  "printCode" : "VS15-JPS14",
  "rarity" : "normal parallel rare",
  "language" : "ja"
}, {
  "printCode" : "VS15-JPD15",
  "rarity" : "normal parallel rare",
  "language" : "ja"
}, {
  "printCode" : "SPDS-JP042",
  "rarity" : "common",
  "language" : "ja"
}, {
  "printCode" : "SPDS-JP042",
  "rarity" : "normal parallel rare",
  "language" : "ja"
}, {
  "printCode" : "ST17-JP023",
  "rarity" : "common",
  "language" : "ja"
}, {
  "printCode" : "ST18-JP024",
  "rarity" : "normal parallel rare",
  "language" : "ja"
}, {
  "printCode" : "WP01-JP003",
  "rarity" : "secret rare",
  "language" : "ja"
}, {
  "printCode" : "SR14-JP030",
  "rarity" : "normal parallel rare",
  "language" : "ja"
}, {
  "printCode" : "LOB-K052",
  "rarity" : "super rare",
  "language" : "ko"
}, {
  "printCode" : "SDY-K022",
  "rarity" : "common",
  "language" : "ko"
}, {
  "printCode" : "SDK-K022",
  "rarity" : "common",
  "language" : "ko"
}, {
  "printCode" : "BP1-KR113",
  "rarity" : "super rare",
  "language" : "ko"
}, {
  "printCode" : "SDJ-KR026",
  "rarity" : "common",
  "language" : "ko"
}, {
  "printCode" : "SDP-KR026",
  "rarity" : "common",
  "language" : "ko"
}, {
  "printCode" : "SYE-KR026",
  "rarity" : "common",
  "language" : "ko"
}, {
  "printCode" : "GS03-KR012",
  "rarity" : "common",
  "language" : "ko"
}, {
  "printCode" : "GS03-KR012",
  "rarity" : "gold rare",
  "language" : "ko"
}, {
  "printCode" : "SD23-KR030",
  "rarity" : "common",
  "language" : "ko"
}, {
  "printCode" : "DS13-KRD30",
  "rarity" : "common",
  "language" : "ko"
}, {
  "printCode" : "AE03-KR001",
  "rarity" : "secret rare",
  "language" : "ko"
}, {
  "printCode" : "ST14-KRA06",
  "rarity" : "common",
  "language" : "ko"
}, {
  "printCode" : "VS15-KRS14",
  "rarity" : "normal parallel rare",
  "language" : "ko"
}, {
  "printCode" : "VS15-KRD15",
  "rarity" : "normal parallel rare",
  "language" : "ko"
}, {
  "printCode" : "SPDS-KR042",
  "rarity" : "common",
  "language" : "ko"
}, {
  "printCode" : "SPDS-KR042",
  "rarity" : "normal parallel rare",
  "language" : "ko"
}, {
  "printCode" : "ST17-KR023",
  "rarity" : "common",
  "language" : "ko"
}, {
  "printCode" : "ST18-KR024",
  "rarity" : "normal parallel rare",
  "language" : "ko"
}, {
  "printCode" : "LDB-P052",
  "rarity" : "super rare",
  "language" : "pt"
}, {
  "printCode" : "DIY-P022",
  "rarity" : "common",
  "language" : "pt"
}, {
  "printCode" : "DIK-P022",
  "rarity" : "common",
  "language" : "pt"
}, {
  "printCode" : "DIJ-P026",
  "rarity" : "common",
  "language" : "pt"
}, {
  "printCode" : "DIP-P026",
  "rarity" : "common",
  "language" : "pt"
}, {
  "printCode" : "SYE-PT026",
  "rarity" : "common",
  "language" : "pt"
}, {
  "printCode" : "LCJW-PT283",
  "rarity" : "secret rare",
  "language" : "pt"
}, {
  "printCode" : "YSKR-PT028",
  "rarity" : "common",
  "language" : "pt"
}, {
  "printCode" : "YSYR-PT025",
  "rarity" : "common",
  "language" : "pt"
}, {
  "printCode" : "YS14-PTA10",
  "rarity" : "ultra rare",
  "language" : "pt"
}, {
  "printCode" : "NKRT-PT024",
  "rarity" : "platinum rare",
  "language" : "pt"
}, {
  "printCode" : "PGL2-PT089",
  "rarity" : "gold rare",
  "language" : "pt"
}, {
  "printCode" : "YS15-PTY12",
  "rarity" : "super rare",
  "language" : "pt"
}, {
  "printCode" : "DESO-PT042",
  "rarity" : "super rare",
  "language" : "pt"
}, {
  "printCode" : "YS17-PT023",
  "rarity" : "common",
  "language" : "pt"
}, {
  "printCode" : "YS18-PT025",
  "rarity" : "common",
  "language" : "pt"
}, {
  "printCode" : "LEHD-PTB21",
  "rarity" : "ultra rare",
  "language" : "pt"
}, {
  "printCode" : "LEHD-PTC15",
  "rarity" : "common",
  "language" : "pt"
}, {
  "printCode" : "OP12-PT022",
  "rarity" : "common",
  "language" : "pt"
}, {
  "printCode" : "LOB-PT052",
  "rarity" : "super rare",
  "language" : "pt"
}, {
  "printCode" : "BLMR-PT086",
  "rarity" : "secret rare",
  "language" : "pt"
}, {
  "printCode" : "BLMR-PT086",
  "rarity" : "quarter century secret rare",
  "language" : "pt"
}, {
  "printCode" : "OP23-PT023",
  "rarity" : "common",
  "language" : "pt"
}, {
  "printCode" : "SR14-PT030",
  "rarity" : "common",
  "language" : "pt"
}, {
  "printCode" : "ST20-SC022",
  "rarity" : "common",
  "language" : "zh-Hans"
}, {
  "printCode" : "23RC-SC048",
  "rarity" : "super rare",
  "language" : "zh-Hans"
}, {
  "printCode" : "23RC-SC048",
  "rarity" : "ultimate rare",
  "language" : "zh-Hans"
}, {
  "printCode" : "23RC-SC048",
  "rarity" : "collector's rare",
  "language" : "zh-Hans"
}, {
  "printCode" : "23RC-SC048",
  "rarity" : "secret rare",
  "language" : "zh-Hans"
}, {
  "printCode" : "23RC-SC048",
  "rarity" : "extra secret rare",
  "language" : "zh-Hans"
}, {
  "printCode" : "23RC-SC048",
  "rarity" : "quarter century secret rare",
  "language" : "zh-Hans"
}, {
  "printCode" : "SP02-TC037",
  "rarity" : "ultra rare",
  "language" : "zh-Hant"
} ]