[ {
  "id" : null,
  "cardId" : null,
  "setId" : null,
  "printCode" : "CT05-EN001",
  "rarity" : "secret rare",
  "language" : "en"
}, {
  "id" : null,
  "cardId" : null,
  "setId" : null,
  "printCode" : "TDGS-EN040",
  "rarity" : "ultra rare",
  "language" : "en"
}, {
  "id" : null,
  "cardId" : null,
  "setId" : null,
  "printCode" : "TDGS-EN040",
  "rarity" : "ultimate rare",
  "language" : "en"
}, {
  "id" : null,
  "cardId" : null,
  "setId" : null,
  "printCode" : "TDGS-EN040",
  "rarity" : "ghost rare",
  "language" : "en"
}, {
  "id" : null,
  "cardId" : null,
  "setId" : null,
  "printCode" : "DP08-EN014",
  "rarity" : "super rare",
  "language" : "en"
}, {
  "id" : null,
  "cardId" : null,
  "setId" : null,
  "printCode" : "GLD3-EN037",
  "rarity" : "gold rare",
  "language" : "en"
}, {
  "id" : null,
  "cardId" : null,
  "setId" : null,
  "printCode" : "CT07-EN021",
  "rarity" : "super rare",
  "language" : "en"
}, {
  "id" : null,
  "cardId" : null,
  "setId" : null,
  "printCode" : "TU06-EN007",
  "rarity" : "rare",
  "language" : "en"
}, {
  "id" : null,
  "cardId" : null,
  "setId" : null,
  "printCode" : "SHSP-ENSE1",
  "rarity" : "super rare",
  "language" : "en"
}, {
  "id" : null,
  "cardId" : null,
  "setId" : null,
  "printCode" : "PGLD-EN076",
  "rarity" : "gold rare",
  "language" : "en"
}, {
  "id" : null,
  "cardId" : null,
  "setId" : null,
  "printCode" : "LC5D-EN031",
  "rarity" : "common",
  "language" : "en"
}, {
  "id" : null,
  "cardId" : null,
  "setId" : null,
  "printCode" : "LC5D-EN031",
  "rarity" : "ultra rare",
  "language" : "en"
}, {
  "id" : null,
  "cardId" : null,
  "setId" : null,
  "printCode" : "DUPO-EN103",
  "rarity" : "ultra rare",
  "language" : "en"
}, {
  "id" : null,
  "cardId" : null,
  "setId" : null,
  "printCode" : "TOCH-EN050",
  "rarity" : "rare",
  "language" : "en"
}, {
  "id" : null,
  "cardId" : null,
  "setId" : null,
  "printCode" : "TOCH-EN050",
  "rarity" : "collector's rare",
  "language" : "en"
}, {
  "id" : null,
  "cardId" : null,
  "setId" : null,
  "printCode" : "DAMA-EN100",
  "rarity" : "starlight rare",
  "language" : "en"
}, {
  "id" : null,
  "cardId" : null,
  "setId" : null,
  "printCode" : "TN23-EN016",
  "rarity" : "quarter century secret rare",
  "language" : "en"
}, {
  "id" : null,
  "cardId" : null,
  "setId" : null,
  "printCode" : "CR01-AE012",
  "rarity" : "ultra rare",
  "language" : "en"
}, {
  "id" : null,
  "cardId" : null,
  "setId" : null,
  "printCode" : "CR01-AE012",
  "rarity" : "secret rare",
  "language" : "en"
}, {
  "id" : null,
  "cardId" : null,
  "setId" : null,
  "printCode" : "CR01-AES03",
  "rarity" : "ultra rare",
  "language" : "en"
}, {
  "id" : null,
  "cardId" : null,
  "setId" : null,
  "printCode" : "CR01-AES03",
  "rarity" : "quarter century secret rare",
  "language" : "en"
}, {
  "id" : null,
  "cardId" : null,
  "setId" : null,
  "printCode" : "CT05-DE001",
  "rarity" : "secret rare",
  "language" : "de"
}, {
  "id" : null,
  "cardId" : null,
  "setId" : null,
  "printCode" : "TDGS-DE040",
  "rarity" : "ultra rare",
  "language" : "de"
}, {
  "id" : null,
  "cardId" : null,
  "setId" : null,
  "printCode" : "TDGS-DE040",
  "rarity" : "ultimate rare",
  "language" : "de"
}, {
  "id" : null,
  "cardId" : null,
  "setId" : null,
  "printCode" : "TDGS-DE040",
  "rarity" : "ghost rare",
  "language" : "de"
}, {
  "id" : null,
  "cardId" : null,
  "setId" : null,
  "printCode" : "DP08-DE014",
  "rarity" : "super rare",
  "language" : "de"
}, {
  "id" : null,
  "cardId" : null,
  "setId" : null,
  "printCode" : "GLD3-DE037",
  "rarity" : "gold rare",
  "language" : "de"
}, {
  "id" : null,
  "cardId" : null,
  "setId" : null,
  "printCode" : "CT07-DE021",
  "rarity" : "super rare",
  "language" : "de"
}, {
  "id" : null,
  "cardId" : null,
  "setId" : null,
  "printCode" : "TU06-DE007",
  "rarity" : "rare",
  "language" : "de"
}, {
  "id" : null,
  "cardId" : null,
  "setId" : null,
  "printCode" : "AC11-DE024",
  "rarity" : "secret rare",
  "language" : "de"
}, {
  "id" : null,
  "cardId" : null,
  "setId" : null,
  "printCode" : "SHSP-DESE1",
  "rarity" : "super rare",
  "language" : "de"
}, {
  "id" : null,
  "cardId" : null,
  "setId" : null,
  "printCode" : "PGLD-DE076",
  "rarity" : "gold rare",
  "language" : "de"
}, {
  "id" : null,
  "cardId" : null,
  "setId" : null,
  "printCode" : "LC5D-DE031",
  "rarity" : "common",
  "language" : "de"
}, {
  "id" : null,
  "cardId" : null,
  "setId" : null,
  "printCode" : "LC5D-DE031",
  "rarity" : "ultra rare",
  "language" : "de"
}, {
  "id" : null,
  "cardId" : null,
  "setId" : null,
  "printCode" : "DUPO-DE103",
  "rarity" : "ultra rare",
  "language" : "de"
}, {
  "id" : null,
  "cardId" : null,
  "setId" : null,
  "printCode" : "TOCH-DE050",
  "rarity" : "rare",
  "language" : "de"
}, {
  "id" : null,
  "cardId" : null,
  "setId" : null,
  "printCode" : "TOCH-DE050",
  "rarity" : "collector's rare",
  "language" : "de"
}, {
  "id" : null,
  "cardId" : null,
  "setId" : null,
  "printCode" : "DAMA-DE100",
  "rarity" : "starlight rare",
  "language" : "de"
}, {
  "id" : null,
  "cardId" : null,
  "setId" : null,
  "printCode" : "TN23-DE016",
  "rarity" : "quarter century secret rare",
  "language" : "de"
}, {
  "id" : null,
  "cardId" : null,
  "setId" : null,
  "printCode" : "CT05-SP001",
  "rarity" : "secret rare",
  "language" : "es"
}, {
  "id" : null,
  "cardId" : null,
  "setId" : null,
  "printCode" : "TDGS-SP040",
  "rarity" : "ultra rare",
  "language" : "es"
}, {
  "id" : null,
  "cardId" : null,
  "setId" : null,
  "printCode" : "TDGS-SP040",
  "rarity" : "ultimate rare",
  "language" : "es"
}, {
  "id" : null,
  "cardId" : null,
  "setId" : null,
  "printCode" : "TDGS-SP040",
  "rarity" : "ghost rare",
  "language" : "es"
}, {
  "id" : null,
  "cardId" : null,
  "setId" : null,
  "printCode" : "DP08-SP014",
  "rarity" : "super rare",
  "language" : "es"
}, {
  "id" : null,
  "cardId" : null,
  "setId" : null,
  "printCode" : "GLD3-SP037",
  "rarity" : "gold rare",
  "language" : "es"
}, {
  "id" : null,
  "cardId" : null,
  "setId" : null,
  "printCode" : "CT07-SP021",
  "rarity" : "super rare",
  "language" : "es"
}, {
  "id" : null,
  "cardId" : null,
  "setId" : null,
  "printCode" : "TU06-SP007",
  "rarity" : "rare",
  "language" : "es"
}, {
  "id" : null,
  "cardId" : null,
  "setId" : null,
  "printCode" : "SHSP-SPSE1",
  "rarity" : "super rare",
  "language" : "es"
}, {
  "id" : null,
  "cardId" : null,
  "setId" : null,
  "printCode" : "PGLD-SP076",
  "rarity" : "gold rare",
  "language" : "es"
}, {
  "id" : null,
  "cardId" : null,
  "setId" : null,
  "printCode" : "LC5D-SP031",
  "rarity" : "common",
  "language" : "es"
}, {
  "id" : null,
  "cardId" : null,
  "setId" : null,
  "printCode" : "LC5D-SP031",
  "rarity" : "ultra rare",
  "language" : "es"
}, {
  "id" : null,
  "cardId" : null,
  "setId" : null,
  "printCode" : "DUPO-SP103",
  "rarity" : "ultra rare",
  "language" : "es"
}, {
  "id" : null,
  "cardId" : null,
  "setId" : null,
  "printCode" : "TOCH-SP050",
  "rarity" : "rare",
  "language" : "es"
}, {
  "id" : null,
  "cardId" : null,
  "setId" : null,
  "printCode" : "TOCH-SP050",
  "rarity" : "collector's rare",
  "language" : "es"
}, {
  "id" : null,
  "cardId" : null,
  "setId" : null,
  "printCode" : "DAMA-SP100",
  "rarity" : "starlight rare",
  "language" : "es"
}, {
  "id" : null,
  "cardId" : null,
  "setId" : null,
  "printCode" : "TN23-SP016",
  "rarity" : "quarter century secret rare",
  "language" : "es"
}, {
  "id" : null,
  "cardId" : null,
  "setId" : null,
  "printCode" : "CT05-FR001",
  "rarity" : "secret rare",
  "language" : "fr"
}, {
  "id" : null,
  "cardId" : null,
  "setId" : null,
  "printCode" : "TDGS-FR040",
  "rarity" : "ultra rare",
  "language" : "fr"
}, {
  "id" : null,
  "cardId" : null,
  "setId" : null,
  "printCode" : "TDGS-FR040",
  "rarity" : "ultimate rare",
  "language" : "fr"
}, {
  "id" : null,
  "cardId" : null,
  "setId" : null,
  "printCode" : "TDGS-FR040",
  "rarity" : "ghost rare",
  "language" : "fr"
}, {
  "id" : null,
  "cardId" : null,
  "setId" : null,
  "printCode" : "DP08-FR014",
  "rarity" : "super rare",
  "language" : "fr"
}, {
  "id" : null,
  "cardId" : null,
  "setId" : null,
  "printCode" : "GLD3-FR037",
  "rarity" : "gold rare",
  "language" : "fr"
}, {
  "id" : null,
  "cardId" : null,
  "setId" : null,
  "printCode" : "CT07-FR021",
  "rarity" : "super rare",
  "language" : "fr"
}, {
  "id" : null,
  "cardId" : null,
  "setId" : null,
  "printCode" : "TU06-FR007",
  "rarity" : "rare",
  "language" : "fr"
}, {
  "id" : null,
  "cardId" : null,
  "setId" : null,
  "printCode" : "SHSP-FRSE1",
  "rarity" : "super rare",
  "language" : "fr"
}, {
  "id" : null,
  "cardId" : null,
  "setId" : null,
  "printCode" : "PGLD-FR076",
  "rarity" : "gold rare",
  "language" : "fr"
}, {
  "id" : null,
  "cardId" : null,
  "setId" : null,
  "printCode" : "LC5D-FR031",
  "rarity" : "common",
  "language" : "fr"
}, {
  "id" : null,
  "cardId" : null,
  "setId" : null,
  "printCode" : "LC5D-FR031",
  "rarity" : "ultra rare",
  "language" : "fr"
}, {
  "id" : null,
  "cardId" : null,
  "setId" : null,
  "printCode" : "DUPO-FR103",
  "rarity" : "ultra rare",
  "language" : "fr"
}, {
  "id" : null,
  "cardId" : null,
  "setId" : null,
  "printCode" : "TOCH-FR050",
  "rarity" : "rare",
  "language" : "fr"
}, {
  "id" : null,
  "cardId" : null,
  "setId" : null,
  "printCode" : "TOCH-FR050",
  "rarity" : "collector's rare",
  "language" : "fr"
}, {
  "id" : null,
  "cardId" : null,
  "setId" : null,
  "printCode" : "DAMA-FR100",
  "rarity" : "starlight rare",
  "language" : "fr"
}, {
  "id" : null,
  "cardId" : null,
  "setId" : null,
  "printCode" : "TN23-FR016",
  "rarity" : "quarter century secret rare",
  "language" : "fr"
}, {
  "id" : null,
  "cardId" : null,
  "setId" : null,
  "printCode" : "CT05-IT001",
  "rarity" : "secret rare",
  "language" : "it"
}, {
  "id" : null,
  "cardId" : null,
  "setId" : null,
  "printCode" : "TDGS-IT040",
  "rarity" : "ultra rare",
  "language" : "it"
}, {
  "id" : null,
  "cardId" : null,
  "setId" : null,
  "printCode" : "TDGS-IT040",
  "rarity" : "ultimate rare",
  "language" : "it"
}, {
  "id" : null,
  "cardId" : null,
  "setId" : null,
  "printCode" : "TDGS-IT040",
  "rarity" : "ghost rare",
  "language" : "it"
}, {
  "id" : null,
  "cardId" : null,
  "setId" : null,
  "printCode" : "DP08-IT014",
  "rarity" : "super rare",
  "language" : "it"
}, {
  "id" : null,
  "cardId" : null,
  "setId" : null,
  "printCode" : "GLD3-IT037",
  "rarity" : "gold rare",
  "language" : "it"
}, {
  "id" : null,
  "cardId" : null,
  "setId" : null,
  "printCode" : "CT07-IT021",
  "rarity" : "super rare",
  "language" : "it"
}, {
  "id" : null,
  "cardId" : null,
  "setId" : null,
  "printCode" : "TU06-IT007",
  "rarity" : "rare",
  "language" : "it"
}, {
  "id" : null,
  "cardId" : null,
  "setId" : null,
  "printCode" : "SHSP-ITSE1",
  "rarity" : "super rare",
  "language" : "it"
}, {
  "id" : null,
  "cardId" : null,
  "setId" : null,
  "printCode" : "PGLD-IT076",
  "rarity" : "gold rare",
  "language" : "it"
}, {
  "id" : null,
  "cardId" : null,
  "setId" : null,
  "printCode" : "LC5D-IT031",
  "rarity" : "common",
  "language" : "it"
}, {
  "id" : null,
  "cardId" : null,
  "setId" : null,
  "printCode" : "LC5D-IT031",
  "rarity" : "ultra rare",
  "language" : "it"
}, {
  "id" : null,
  "cardId" : null,
  "setId" : null,
  "printCode" : "DUPO-IT103",
  "rarity" : "ultra rare",
  "language" : "it"
}, {
  "id" : null,
  "cardId" : null,
  "setId" : null,
  "printCode" : "TOCH-IT050",
  "rarity" : "rare",
  "language" : "it"
}, {
  "id" : null,
  "cardId" : null,
  "setId" : null,
  "printCode" : "TOCH-IT050",
  "rarity" : "collector's rare",
  "language" : "it"
}, {
  "id" : null,
  "cardId" : null,
  "setId" : null,
  "printCode" : "DAMA-IT100",
  "rarity" : "starlight rare",
  "language" : "it"
}, {
  "id" : null,
  "cardId" : null,
  "setId" : null,
  "printCode" : "TN23-IT016",
  "rarity" : "quarter century secret rare",
  "language" : "it"
}, {
  "id" : null,
  "cardId" : null,
  "setId" : null,
  "printCode" : "TDGS-JP040",
  "rarity" : "ultra rare",
  "language" : "ja"
}, {
  "id" : null,
  "cardId" : null,
  "setId" : null,
  "printCode" : "TDGS-JP040",
  "rarity" : "ultimate rare",
  "language" : "ja"
}, {
  "id" : null,
  "cardId" : null,
  "setId" : null,
  "printCode" : "TDGS-JP040",
  "rarity" : "holographic rare",
  "language" : "ja"
}, {
  "id" : null,
  "cardId" : null,
  "setId" : null,
  "printCode" : "DP08-JP014",
  "rarity" : "super rare",
  "language" : "ja"
}, {
  "id" : null,
  "cardId" : null,
  "setId" : null,
  "printCode" : "MFC1-JP001",
  "rarity" : "duel terminal normal parallel rare",
  "language" : "ja"
}, {
  "id" : null,
  "cardId" : null,
  "setId" : null,
  "printCode" : "GS04-JP009",
  "rarity" : "common",
  "language" : "ja"
}, {
  "id" : null,
  "cardId" : null,
  "setId" : null,
  "printCode" : "GS04-JP009",
  "rarity" : "gold rare",
  "language" : "ja"
}, {
  "id" : null,
  "cardId" : null,
  "setId" : null,
  "printCode" : "DE03-JP015",
  "rarity" : "ultra rare",
  "language" : "ja"
}, {
  "id" : null,
  "cardId" : null,
  "setId" : null,
  "printCode" : "GDB1-JP069",
  "rarity" : "gold rare",
  "language" : "ja"
}, {
  "id" : null,
  "cardId" : null,
  "setId" : null,
  "printCode" : "TRC1-JP005",
  "rarity" : "extra secret rare",
  "language" : "ja"
}, {
  "id" : null,
  "cardId" : null,
  "setId" : null,
  "printCode" : "GP16-JP009",
  "rarity" : "gold rare",
  "language" : "ja"
}, {
  "id" : null,
  "cardId" : null,
  "setId" : null,
  "printCode" : "GP16-JP009",
  "rarity" : "gold secret rare",
  "language" : "ja"
}, {
  "id" : null,
  "cardId" : null,
  "setId" : null,
  "printCode" : "20TH-JPBS3",
  "rarity" : "20th secret rare",
  "language" : "ja"
}, {
  "id" : null,
  "cardId" : null,
  "setId" : null,
  "printCode" : "20CP-JPT06",
  "rarity" : "secret rare",
  "language" : "ja"
}, {
  "id" : null,
  "cardId" : null,
  "setId" : null,
  "printCode" : "20CP-JPT06",
  "rarity" : "20th secret rare",
  "language" : "ja"
}, {
  "id" : null,
  "cardId" : null,
  "setId" : null,
  "printCode" : "PAC1-JP006",
  "rarity" : "normal parallel rare",
  "language" : "ja"
}, {
  "id" : null,
  "cardId" : null,
  "setId" : null,
  "printCode" : "PAC1-JP006",
  "rarity" : "secret rare",
  "language" : "ja"
}, {
  "id" : null,
  "cardId" : null,
  "setId" : null,
  "printCode" : "PAC1-JP006",
  "rarity" : "prismatic secret rare",
  "language" : "ja"
}, {
  "id" : null,
  "cardId" : null,
  "setId" : null,
  "printCode" : "CCC1-JP003",
  "rarity" : "normal parallel rare",
  "language" : "ja"
}, {
  "id" : null,
  "cardId" : null,
  "setId" : null,
  "printCode" : "TDGS-KR040",
  "rarity" : "ultra rare",
  "language" : "ko"
}, {
  "id" : null,
  "cardId" : null,
  "setId" : null,
  "printCode" : "TDGS-KR040",
  "rarity" : "ultimate rare",
  "language" : "ko"
}, {
  "id" : null,
  "cardId" : null,
  "setId" : null,
  "printCode" : "TDGS-KR040",
  "rarity" : "holographic rare",
  "language" : "ko"
}, {
  "id" : null,
  "cardId" : null,
  "setId" : null,
  "printCode" : "DP08-KR014",
  "rarity" : "super rare",
  "language" : "ko"
}, {
  "id" : null,
  "cardId" : null,
  "setId" : null,
  "printCode" : "DP00-KRSE1",
  "rarity" : "secret rare",
  "language" : "ko"
}, {
  "id" : null,
  "cardId" : null,
  "setId" : null,
  "printCode" : "GS04-KR009",
  "rarity" : "common",
  "language" : "ko"
}, {
  "id" : null,
  "cardId" : null,
  "setId" : null,
  "printCode" : "GS04-KR009",
  "rarity" : "gold rare",
  "language" : "ko"
}, {
  "id" : null,
  "cardId" : null,
  "setId" : null,
  "printCode" : "TRC1-KR005",
  "rarity" : "extra secret rare",
  "language" : "ko"
}, {
  "id" : null,
  "cardId" : null,
  "setId" : null,
  "printCode" : "CHBI-KRBS3",
  "rarity" : "extra secret rare",
  "language" : "ko"
}, {
  "id" : null,
  "cardId" : null,
  "setId" : null,
  "printCode" : "SP19-KR026",
  "rarity" : "secret rare",
  "language" : "ko"
}, {
  "id" : null,
  "cardId" : null,
  "setId" : null,
  "printCode" : "SP19-KR026",
  "rarity" : "extra secret rare",
  "language" : "ko"
}, {
  "id" : null,
  "cardId" : null,
  "setId" : null,
  "printCode" : "PAC1-KR006",
  "rarity" : "normal parallel rare",
  "language" : "ko"
}, {
  "id" : null,
  "cardId" : null,
  "setId" : null,
  "printCode" : "PAC1-KR006",
  "rarity" : "secret rare",
  "language" : "ko"
}, {
  "id" : null,
  "cardId" : null,
  "setId" : null,
  "printCode" : "PAC1-KR006",
  "rarity" : "prismatic secret rare",
  "language" : "ko"
}, {
  "id" : null,
  "cardId" : null,
  "setId" : null,
  "printCode" : "SYP1-KR106",
  "rarity" : "common",
  "language" : "ko"
}, {
  "id" : null,
  "cardId" : null,
  "setId" : null,
  "printCode" : "SYP1-KR106",
  "rarity" : "secret rare",
  "language" : "ko"
}, {
  "id" : null,
  "cardId" : null,
  "setId" : null,
  "printCode" : "SYP1-KR106",
  "rarity" : "quarter century secret rare",
  "language" : "ko"
}, {
  "id" : null,
  "cardId" : null,
  "setId" : null,
  "printCode" : "GPC1-KR004",
  "rarity" : "normal parallel rare",
  "language" : "ko"
}, {
  "id" : null,
  "cardId" : null,
  "setId" : null,
  "printCode" : "SHSP-PTSE1",
  "rarity" : "super rare",
  "language" : "pt"
}, {
  "id" : null,
  "cardId" : null,
  "setId" : null,
  "printCode" : "PGLD-PT076",
  "rarity" : "gold rare",
  "language" : "pt"
}, {
  "id" : null,
  "cardId" : null,
  "setId" : null,
  "printCode" : "LC5D-PT031",
  "rarity" : "common",
  "language" : "pt"
}, {
  "id" : null,
  "cardId" : null,
  "setId" : null,
  "printCode" : "LC5D-PT031",
  "rarity" : "ultra rare",
  "language" : "pt"
}, {
  "id" : null,
  "cardId" : null,
  "setId" : null,
  "printCode" : "DUPO-PT103",
  "rarity" : "ultra rare",
  "language" : "pt"
}, {
  "id" : null,
  "cardId" : null,
  "setId" : null,
  "printCode" : "TOCH-PT050",
  "rarity" : "rare",
  "language" : "pt"
}, {
  "id" : null,
  "cardId" : null,
  "setId" : null,
  "printCode" : "TOCH-PT050",
  "rarity" : "collector's rare",
  "language" : "pt"
}, {
  "id" : null,
  "cardId" : null,
  "setId" : null,
  "printCode" : "DAMA-PT100",
  "rarity" : "starlight rare",
  "language" : "pt"
}, {
  "id" : null,
  "cardId" : null,
  "setId" : null,
  "printCode" : "TN23-PT016",
  "rarity" : "quarter century secret rare",
  "language" : "pt"
}, {
  "id" : null,
  "cardId" : null,
  "setId" : null,
  "printCode" : "TRC1-SC005",
  "rarity" : "extra secret rare",
  "language" : "zh-Hans"
}, {
  "id" : null,
  "cardId" : null,
  "setId" : null,
  "printCode" : "SD28-SC044",
  "rarity" : "common",
  "language" : "zh-Hans"
} ]