{
  "fr_name" : "Fissure Dimensionnelle",
  "de_name" : "Dimensionsriss",
  "it_name" : "Spaccatura Dimensionale",
  "es_name" : "Fisura Dimensional",
  "ja_name" : "{{Ruby|次|じ}}{{Ruby|元|げん}}の{{Ruby|裂|さ}}け{{Ruby|目|め}}",
  "romaji_name" : "Jigen no Sakeme",
  "ko_name" : "차원의 틈",
  "image" : "DimensionalFissure-BLMR-EN-UR-1E.png",
  "card_type" : "Spell",
  "property" : "Continuous",
  "password" : "81674782",
  "effect_types" : "Continuous-like",
  "lore" : "Any [[Monster Card|monster]] [[sent]] to the [[GY]] is [[banish]]ed instead.",
  "fr_lore" : "Les monstres envoyés au Cimetière sont bannis à la place.",
  "de_lore" : "Jedes Monster, das auf den Friedhof gelegt wird, wird stattdessen verbannt.",
  "it_lore" : "Qualsiasi mostro mandato al Cimitero viene invece bandito.",
  "pt_lore" : "Qualquer monstro enviado para o Cemitério, em vez disso, é banido.",
  "es_lore" : "Cualquier monstruo mandado al Cementerio es desterrado en su lugar.",
  "ja_lore" : "①：このカードが魔法＆罠ゾーンに存在する限り、お互いの墓地へ送られるモンスターは墓地へは行かず除外される。",
  "ko_lore" : "①: 이 카드가 마법 & 함정 존에 존재하는 한, 서로의 묘지로 보내지는 몬스터는 묘지로는 가지 않고 제외된다.",
  "database_id" : "6707",
  "en_sets" : "\nEOJ-EN047; Enemy of Justice; Common\nSDDE-EN028; The Dark Emperor Structure Deck; Common\nCP08-EN004; Champion Pack: Game Eight; Super Rare\nLCGX-EN215; Legendary Collection 2: The Duel Academy Years Mega Pack; Secret Rare\nRYMP-EN081; Ra Yellow Mega Pack; Secret Rare\nDUSA-EN060; Duelist Saga; Ultra Rare\nBLMR-EN088; Battles of Legend: Monstrous Revenge; Ultra Rare",
  "na_sets" : "\nDR04-EN227; Dark Revelation Volume 4; Rare",
  "fr_sets" : "\nEOJ-FR047; Enemy of Justice; Common\nSDDE-FR028; The Dark Emperor Structure Deck; Common\nCP08-FR004; Champion Pack: Game Eight; Super Rare\nRYMP-FR081; Ra Yellow Mega Pack; Secret Rare\nDUSA-FR060; Duelist Saga; Ultra Rare\nBLMR-FR088; Battles of Legend: Monstrous Revenge; Ultra Rare",
  "de_sets" : "\nEOJ-DE047; Enemy of Justice; Common\nSDDE-DE028; The Dark Emperor Structure Deck; Common\nCP08-DE004; Champion Pack: Game Eight; Super Rare\nLCGX-DE215; Legendary Collection 2: The Duel Academy Years Mega Pack; Secret Rare\nRYMP-DE081; Ra Yellow Mega Pack; Secret Rare\nDUSA-DE060; Duelist Saga; Ultra Rare\nBLMR-DE088; Battles of Legend: Monstrous Revenge; Ultra Rare",
  "it_sets" : "\nEOJ-IT047; Enemy of Justice; Common\nSDDE-IT028; The Dark Emperor Structure Deck; Common\nCP08-IT004; Champion Pack: Game Eight; Super Rare\nLCGX-IT215; Legendary Collection 2: The Duel Academy Years Mega Pack; Secret Rare\nRYMP-IT081; Ra Yellow Mega Pack; Secret Rare\nDUSA-IT060; Duelist Saga; Ultra Rare\nBLMR-IT088; Battles of Legend: Monstrous Revenge; Ultra Rare",
  "pt_sets" : "\nDUSA-PT060; Duelist Saga; Ultra Rare\nBLMR-PT088; Battles of Legend: Monstrous Revenge; Ultra Rare",
  "sp_sets" : "\nEOJ-SP047; Enemy of Justice; Common\nSDDE-SP028; The Dark Emperor Structure Deck; Common\nRYMP-SP081; Ra Yellow Mega Pack; Secret Rare\nDUSA-SP060; Duelist Saga; Ultra Rare\nBLMR-SP088; Battles of Legend: Monstrous Revenge; Ultra Rare",
  "jp_sets" : "\nEOJ-JP047; Enemy of Justice; Common\nEE04-JP227; Expert Edition Volume 4; Rare\nSD14-JP028; Structure Deck: Advent of the Emperor; Common\n20AP-JP035; 20th Anniversary Pack 1st Wave; Normal Parallel Rare",
  "ae_sets" : "\nEOJ-AE047; Enemy of Justice; Common",
  "sc_sets" : "\nST21-SCP15; Starter Deck 2021 Special Pack; Super Rare\n23RC-SC053; Rarity Collection Quarter Century Edition; Ultra Rare, Ultimate Rare, Collector's Rare, Secret Rare, Extra Secret Rare, Quarter Century Secret Rare",
  "kr_sets" : "\nEOJ-KR047; Enemy of Justice; Common\nSD14-KR028; Structure Deck: Advent of the Emperor; Common\nHGP4-KR227; Expert Edition Volume 4; Rare\n20AP-KR035; 20th Anniversary Pack 1st Wave; Normal Parallel Rare",
  "banished" : "\n* Banishes negated Summons\n* Banishes cards that would be sent to the Graveyard"
}