{
  "m/s/t" : "\n* Negates the activation of Spell Cards\n* Negates the activation of Trap Cards\n* Destroys Spell Cards\n* Destroys Trap Cards\n* Destroys Monster Cards\n* Destroys negated Summons",
  "fr_name" : "Jugement Solennel",
  "de_name" : "Feierliches Urteil",
  "it_name" : "Giudizio Solenne",
  "es_name" : "Juicio Solemne",
  "ja_name" : "{{Ruby|神|かみ}}の{{Ruby|宣|せん}}{{Ruby|告|こく}}",
  "romaji_name" : "Kami no Senkoku",
  "trans_name" : "God's Judgment",
  "ko_name" : "신의 심판",
  "ko_rr_name" : "Sin-ui Simpan",
  "image" : "\n1;   SolemnJudgment-LART-EN-UR-LE.png; SolemnJudgment-MADU-JP-VG-artwork.png\n1.1; SolemnJudgment-SR14-EN-C-1E.png;  SolemnJudgment-MADU-EN-VG-artwork.png",
  "card_type" : "Trap",
  "property" : "Counter",
  "password" : "41420027",
  "effect_types" : "Activation requirement, Cost, Effect",
  "lore" : "When a [[monster]](s) would be [[Summon]]ed, OR a [[Spell Card|Spell]]/[[Trap Card]] is [[activate]]d: [[Pay]] half your [[LP]]; [[negate]] the Summon or activation, and if you do, [[destroy]] that card.",
  "fr_lore" : "Lorsqu'un ou plusieurs monstres vont être Invoqués, OU qu'une Carte Magie/Piège est activée : payez la moitié de vos LP ; annulez l'Invocation ou l'activation, et si vous le faites, détruisez la carte.",
  "de_lore" : "Wenn ein oder mehr Monster beschworen würden ODER eine Zauber-/Fallenkarte aktiviert wird: Zahle die Hälfte deiner LP; annulliere die Beschwörung oder Aktivierung und falls du dies tust, zerstöre jene Karte.",
  "it_lore" : "Quando uno o più mostri stanno per essere Evocati OPPURE viene attivata una Carta Magia/Trappola: paga la metà dei tuoi LP; annulla l'Evocazione o l'attivazione e, se lo fai, distruggi quella carta.",
  "pt_lore" : "Quando um ou mais monstros seriam Invocados OU um Card de Magia/Armadilha for ativado: pague metade dos seus PV; negue a Invocação ou ativação e, se isso acontecer, destrua esse card.",
  "es_lore" : "Cuando uno o más monstruos fueran a ser Invocados O una Carta Mágica/de Trampa es activada: paga la mitad de tus LP; niega la Invocación o activación y, si lo haces, destruye esa carta.",
  "ja_lore" : "①：ＬＰを半分払って以下の効果を発動できる。<br />●魔法・罠カードが発動した時に発動できる。その発動を無効にし破壊する。<br />●自分または相手がモンスターを召喚・反転召喚・特殊召喚する際に発動できる。それを無効にし、そのモンスターを破壊する。",
  "ko_lore" : "①: LP를 절반 지불하고 이하의 효과를 발동할 수 있다.<br />●마법 / 함정 카드가 발동했을 때에 발동할 수 있다. 그 발동을 무효로 하고 파괴한다.<br />●자신 또는 상대가 몬스터를 일반 소환 / 반전 소환 / 특수 소환할 시기에 발동할 수 있다. 그것을 무효로 하고, 그 몬스터를 파괴한다.",
  "database_id" : "4861",
  "en_sets" : "\nMRD-EN127; Metal Raiders; Ultra Rare\nDB2-EN073; Dark Beginning 2; Super Rare\nCP01-EN008; Champion Pack: Game One; Rare\nGLD2-EN044; Gold Series 2009; Gold Rare\nSDLS-EN038; Lost Sanctuary Structure Deck; Common\nBP01-EN047; Battle Pack: Epic Dawn; Rare, Starfoil Rare\nGLD5-EN045; Gold Series: Haunted Mine; Ghost/Gold Rare\nLCYW-EN152; Legendary Collection 3: Yugi's World Mega Pack; Secret Rare\nLCJW-EN182; Legendary Collection 4: Joey's World Mega Pack; Secret Rare\nBLRR-EN100; Battles of Legend: Relentless Revenge; Ultra Rare\nOP12-EN003; OTS Tournament Pack 12; Ultimate Rare\nLART-EN014; The Lost Art Promotion 2020 B; Ultra Rare\nSESL-EN045; Secret Slayers; Super Rare\nMAGO-EN051; Maximum Gold; Premium Gold Rare\nMAZE-EN063; Maze of Memories; Super Rare, Collector's Rare\nMRD-EN127; Metal Raiders (25th Anniversary Edition); Ultra Rare\nSR14-EN038; Structure Deck: Fire Kings; Common",
  "na_sets" : "\nMRD-127; Metal Raiders; Ultra Rare\nDLG1-EN046; Dark Legends; Super Rare",
  "eu_sets" : "\nMRD-E127; Metal Raiders; Ultra Rare\nRP01-EN045; Retro Pack; Super Rare",
  "fr_sets" : "\nMRD-F127; Metal Raiders; Ultra Rare\nDB2-FR073; Dark Beginning 2; Super Rare\nCP01-FR008; Champion Pack: Game One; Rare\nRP01-FR045; Retro Pack; Super Rare\nGLD2-FR044; Gold Series 2009; Gold Rare\nSDLS-FR038; Lost Sanctuary Structure Deck; Common\nBP01-FR047; Battle Pack: Epic Dawn; Rare, Starfoil Rare\nGLD5-FR045; Gold Series: Haunted Mine; Ghost/Gold Rare\nLCYW-FR152; Legendary Collection 3: Yugi's World Mega Pack; Secret Rare\nLCJW-FR182; Legendary Collection 4: Joey's World Mega Pack; Secret Rare\nBLRR-FR100; Battles of Legend: Relentless Revenge; Ultra Rare\nOP12-FR003; OTS Tournament Pack 12; Ultimate Rare\nLART-FR014; The Lost Art Promotion 2020 B; Ultra Rare\nSESL-FR045; Secret Slayers; Super Rare\nMAGO-FR051; Maximum Gold; Premium Gold Rare\nMAZE-FR063; Maze of Memories; Super Rare, Collector's Rare\nMRD-FR127; Metal Raiders (25th Anniversary Edition); Ultra Rare\nSR14-FR038; Structure Deck: Fire Kings; Common",
  "de_sets" : "\nMRD-G127; Metal Raiders; Ultra Rare\nDB2-DE073; Dark Beginning 2; Super Rare\nCP01-DE008; Champion Pack: Game One; Rare\nRP01-DE045; Retro Pack; Super Rare\nGLD2-DE044; Gold Series 2009; Gold Rare\nSDLS-DE038; Lost Sanctuary Structure Deck; Common\nBP01-DE047; Battle Pack: Epic Dawn; Rare, Starfoil Rare\nGLD5-DE045; Gold Series: Haunted Mine; Ghost/Gold Rare\nLCYW-DE152; Legendary Collection 3: Yugi's World Mega Pack; Secret Rare\nLCJW-DE182; Legendary Collection 4: Joey's World Mega Pack; Secret Rare\nBLRR-DE100; Battles of Legend: Relentless Revenge; Ultra Rare\nOP12-DE003; OTS Tournament Pack 12; Ultimate Rare\nLART-DE014; The Lost Art Promotion 2020 B; Ultra Rare\nSESL-DE045; Secret Slayers; Super Rare\nMAGO-DE051; Maximum Gold; Premium Gold Rare\nMAZE-DE063; Maze of Memories; Super Rare, Collector's Rare\nMRD-DE127; Metal Raiders (25th Anniversary Edition); Ultra Rare\nSR14-DE038; Structure Deck: Fire Kings; Common",
  "it_sets" : "\nPMT-I127; Metal Raiders; Ultra Rare\nDB2-IT073; Dark Beginning 2; Super Rare\nCP01-IT008; Champion Pack: Game One; Rare\nRP01-IT045; Retro Pack; Super Rare\nGLD2-IT044; Gold Series 2009; Gold Rare\nSDLS-IT038; Lost Sanctuary Structure Deck; Common\nBP01-IT047; Battle Pack: Epic Dawn; Rare, Starfoil Rare\nGLD5-IT045; Gold Series: Haunted Mine; Ghost/Gold Rare\nLCYW-IT152; Legendary Collection 3: Yugi's World Mega Pack; Secret Rare\nLCJW-IT182; Legendary Collection 4: Joey's World Mega Pack; Secret Rare\nBLRR-IT100; Battles of Legend: Relentless Revenge; Ultra Rare\nOP12-IT003; OTS Tournament Pack 12; Ultimate Rare\nLART-IT014; The Lost Art Promotion 2020 B; Ultra Rare\nSESL-IT045; Secret Slayers; Super Rare\nMAGO-IT051; Maximum Gold; Premium Gold Rare\nMAZE-IT063; Maze of Memories; Super Rare, Collector's Rare\nMRD-IT127; Metal Raiders (25th Anniversary Edition); Ultra Rare\nSR14-IT038; Structure Deck: Fire Kings; Common",
  "pt_sets" : "\nPMT-P127; Metal Raiders; Ultra Rare\nLCJW-PT182; Legendary Collection 4: Joey's World Mega Pack; Secret Rare\nBLRR-PT100; Battles of Legend: Relentless Revenge; Ultra Rare\nOP12-PT003; OTS Tournament Pack 12; Ultimate Rare\nLART-PT014; The Lost Art Promotion 2020 B; Ultra Rare\nSESL-PT045; Secret Slayers; Super Rare\nMAGO-PT051; Maximum Gold; Premium Gold Rare\nMAZE-PT063; Maze of Memories; Super Rare, Collector's Rare\nMRD-PT127; Metal Raiders (25th Anniversary Edition); Ultra Rare\nSR14-PT038; Structure Deck: Fire Kings; Common",
  "sp_sets" : "\nPMT-S127; Metal Raiders; Ultra Rare\nDB2-SP073; Dark Beginning 2; Super Rare\nGLD2-SP044; Gold Series 2009; Gold Rare\nSDLS-SP038; Lost Sanctuary Structure Deck; Common\nBP01-SP047; Battle Pack: Epic Dawn; Rare, Starfoil Rare\nGLD5-SP045; Gold Series: Haunted Mine; Ghost/Gold Rare\nLCYW-SP152; Legendary Collection 3: Yugi's World Mega Pack; Secret Rare\nLCJW-SP182; Legendary Collection 4: Joey's World Mega Pack; Secret Rare\nBLRR-SP100; Battles of Legend: Relentless Revenge; Ultra Rare\nOP12-SP003; OTS Tournament Pack 12; Ultimate Rare\nLART-SP014; The Lost Art Promotion 2020 B; Ultra Rare\nSESL-SP045; Secret Slayers; Super Rare\nMAGO-SP051; Maximum Gold; Premium Gold Rare\nMAZE-SP063; Maze of Memories; Super Rare, Collector's Rare\nMRD-SP127; Metal Raiders (25th Anniversary Edition); Ultra Rare\nSR14-SP038; Structure Deck: Fire Kings; Common",
  "jp_sets" : "\n; Vol.6; Ultra Rare\nME-66; Metal Raiders (Japanese); Super Rare\nDL4-056; Duelist Legacy Volume.4; Super Rare\nBE2-JP073; Beginner's Edition 2; Super Rare\nSD11-JP032; Structure Deck: Surge of Radiance; Common\nSD14-JP034; Structure Deck: Advent of the Emperor; Common\nGS02-JP018; Gold Series 2010; Common, Gold Rare\nSD20-JP038; Structure Deck: Lost Sanctuary; Common\nBE02-JP057; Beginner's Edition 2 (2011); Ultra Rare\nGDB1-JP038; The Gold Box; Gold Rare\nSD28-JP039; Structure Deck: Synchron Extreme; Common\nGP16-JP019; Gold Pack 2016; Gold Rare, Gold Secret Rare\nSR05-JP037; Structure Deck R: Surge of Divine Light; Common\n20TH-JPC95; 20th Anniversary Legend Collection; Super Parallel Rare, Secret Rare\nDBSS-JP045; Deck Build Pack: Secret Slayers; Common, Normal Parallel Rare",
  "ae_sets" : "\nSDID-AE039; Structure Deck: Illusion of the Dark Magicians; Common",
  "tc_sets" : "\nSP01-TC060; Starter Pack Volume 1; Super Rare",
  "sc_sets" : "\nST20-SC031; Starter Deck 2020; Common\nDBSS-SC045; Deck Build Pack: Secret Slayers; Common, Normal Parallel Rare\nSD28-SC040; Structure Deck: Synchron Extreme; Common\n23RC-SC071; Rarity Collection Quarter Century Edition; Ultra Rare, Ultimate Rare, Collector's Rare, Secret Rare, Extra Secret Rare, Quarter Century Secret Rare",
  "kr_sets" : "\nMRD-K127; Metal Raiders; Ultra Rare\nBP2-KR073; Beginner's Edition 2; Super Rare\nSD14-KR034; Structure Deck: Advent of the Emperor; Common\nGS02-KR018; Gold Series 2010; Common, Gold Rare\nSD20-KR038; Structure Deck: Lost Sanctuary; Common\nAE01-KR004; Advanced Event Pack 2013 Vol.1; Secret Rare\nSD28-KR039; Structure Deck: Synchron Extreme; Common\nSR05-KR037; Structure Deck R: Surge of Divine Light; Common\nLEC1-KR095; 20th Anniversary Legend Collection; Super Parallel Rare, Secret Rare\nDBSS-KR045; Deck Build Pack: Secret Slayers; Common, Normal Parallel Rare\nLART-KR014; The Lost Art Promotion Vol.2; Ultra Rare",
  "archseries" : "Solemn",
  "summoning" : "\n* Negates Normal Summons\n* Negates Flip Summons\n* Negates Special Summons",
  "life_points" : "\n* Halves the player's LP\n* Pays Life Points for cost"
}