CardTable2[cardclass=null, name=null, fr_name=Licorne, Chevalier du Cauchemar, de_name=Albtraumritter Einhorn, it_name=Cavaliere dell'Incubo Unicorno, es_name=Caballero de Pesadilla Unicornio, ja_name=トロイメア・ユニコーン, romaji_name=Toroimea Yunikōn, trans_name=Troymare Unicorn, base_romaji_name=null, base_trans_name=null, zh_name=null, zh_pinyin_name=null, zh_trans_name=null, ko_name=트로이메어 유니콘, ko_rr_name=Teuroime-eo Yunikon, ko_trans_name=null, alt_name=null, alt_name2=null, alt_name3=null, ja_alt_name=null, ja_alt_romaji=null, ja_alt_trans=null, image=
1; KnightmareUnicorn-RA01-EN-SR-1E.png;    KnightmareUnicorn-MADU-EN-VG-artwork.png
2; KnightmareUnicorn-RA01-EN-SR-1E-AA.png; KnightmareUnicorn-MADU-EN-VG-artwork-2.png, image2=null, card_type=Monster, property=null, attribute=DARK, character=null, types=Fiend / Link / Effect, level=null, rank=null, link_arrows=Middle-Left, Bottom-Center, Middle-Right, pendulum_scale=null, maximum_atk=null, atk=2200, def=null, password=38342335, limitation_text=null, ritualcard=null, ritualmonster=null, summon=null, effect_types=Trigger, Condition, Continuous, pendulum_effect_types=null, ocg_status=null, tcg_status=null, tcg_speed_duel_status=null, source_card=null, skill_activation=null, fr_skill_activation=null, de_skill_activation=null, it_skill_activation=null, pt_skill_activation=null, es_skill_activation=null, pendulum_effect=null, fr_pendulum_effect=null, de_pendulum_effect=null, it_pendulum_effect=null, pt_pendulum_effect=null, es_pendulum_effect=null, ja_pendulum_effect=null, trans_pendulum_effect=null, zh_pendulum_effect=null, ko_pendulum_effect=null, lore=2+ [[Monster Card|monsters]] with different names<br />If this card is [[Link Summon]]ed: You can [[discard]] 1 card, then [[target]] 1 card on the [[field]]; [[shuffle]] it into the [[Main Deck|Deck]], then, if this card was [[co-linked]] when this effect was [[activate]]d, you can [[Draw a card|draw]] 1 card. You can only use this [[effect]] of "Knightmare Unicorn" [[once per turn]]. While any co-linked "[[Knightmare]]" monsters are on the field, for your [[normal draw]] in your [[Draw Phase]], draw 1 card for each different card name among those co-linked "Knightmare" monsters, instead of drawing just 1 card., fr_lore=2+ monstres de noms différents<br />Si cette carte est Invoquée par Lien : vous pouvez défausser 1 carte, puis ciblez 1 carte sur le Terrain ; mélangez-la dans le Deck, puis, si cette carte était co-liée lorsque cet effet a été activé, vous pouvez piocher 1 carte. Vous ne pouvez utiliser cet effet de "Licorne, Chevalier du Cauchemar" qu'une fois par tour. Tant que des monstres "Chevalier du Cauchemar" co-liés sont sur le Terrain, pour votre pioche normale dans votre Draw Phase, piochez 1 carte pour chaque nom de carte différent parmi ces monstres "Chevalier du Cauchemar" co-liés, au lieu de piocher uniquement 1 carte., de_lore=2+ Monster mit unterschiedlichen Namen<br />Falls diese Karte als Linkbeschwörung beschworen wird: Du kannst 1 Karte abwerfen und dann 1 Karte auf dem Spielfeld wählen; mische sie ins Deck, dann, falls diese Karte kreuzgelinkt war, als dieser Effekt aktiviert wurde, kannst du 1 Karte ziehen. Du kannst diesen Effekt von „Albtraumritter Einhorn“ nur einmal pro Spielzug verwenden. Solange kreuzgelinkte „Albtraumritter“-Monster auf dem Spielfeld liegen, ziehe für dein normales Ziehen in deiner Draw Phase 1 Karte für jeden unterschiedlichen Kartennamen unter jenen kreuzgelinkten „Albtraumritter“-Monstern, anstatt nur 1 Karte zu ziehen., it_lore=2+ mostri con nomi diversi<br />Se questa carta viene Evocata Link: puoi scartare 1 carta, poi scegliere come bersaglio 1 carta sul Terreno; mischiala nel Deck, poi, se questa carta era co-linkata quando questo effetto è stato attivato, puoi pescare 1 carta. Puoi utilizzare questo effetto di "Cavaliere dell'Incubo Unicorno" una sola volta per turno. Mentre qualsiasi mostro "Cavaliere dell'Incubo" co-linkato è sul Terreno, per la tua normale pescata nella tua Draw Phase, pesca 1 carta per ogni carta con nome diverso tra quei mostri "Cavaliere dell'Incubo" co-linkati, invece di pescare solo 1 carta., pt_lore=2+ monstros com nomes diferentes<br />Se este card for Invocado por Invocação-Link: você pode descartar 1 card e, depois, escolha 1 card no campo; embaralhe-o no Deck e, depois, se este card estava co-linkado quando este efeito foi ativado, você pode comprar 1 card. Você só pode usar este efeito de "Cavaleiro do Pesadelo Unicórnio" uma vez por turno. Enquanto qualquer monstro "Cavaleiro(a) do Pesadelo" co-linkado estiver no campo, em sua compra normal na sua Fase de Compra, em vez de comprar apenas 1 card, compre 1 card para cada nome de card diferente entre esses monstros "Cavaleiro(a) do Pesadelo" co-linkados., es_lore=2+ monstruos con nombres diferentes<br />Si esta carta es Invocada por Enlace: puedes descartar 1 carta, y después selecciona 1 carta en el Campo; barájala al Deck y después, si esta carta fue co-enlazada cuando este efecto fue activado, puedes robar 1 carta. Sólo puedes usar este efecto de "Caballero de Pesadilla Unicornio" una vez por turno. Mientras haya monstruos "Caballero de Pesadilla" co-enlazados en el Campo, en tu robo normal de tu Draw Phase roba 1 carta por cada nombre de carta diferente entre esos monstruos "Caballero de Pesadilla" co-enlazados, en lugar de robar sólo 1 carta., ja_lore=カード名が異なるモンスター２体以上<br />このカード名の①の効果は１ターンに１度しか使用できない。①：このカードがリンク召喚に成功した場合、手札を１枚捨て、フィールドのカード１枚を対象として発動できる。そのカードを持ち主のデッキに戻す。この効果の発動時にこのカードが相互リンク状態だった場合、さらに自分はデッキから１枚ドローできる。②：相互リンク状態の「トロイメア」モンスターが存在する限り、自分ドローフェイズの通常のドローの枚数は、その「トロイメア」モンスターの種類の数になる。, trans_lore=null, zh_lore=null, ko_lore=카드명이 다른 몬스터 2장 이상<br />이 카드명의 ①의 효과는 1턴에 1번밖에 사용할 수 없다. ①: 이 카드가 링크 소환에 성공했을 경우, 패를 1장 버리고, 필드의 카드 1장을 대상으로 하여 발동할 수 있다. 그 카드를 주인의 덱으로 되돌린다. 이 효과의 발동시에 이 카드가 상호 링크 상태였을 경우, 추가로 자신은 덱에서 1장 드로우할 수 있다. ②: 상호 링크 상태의 "트로이메어" 몬스터가 존재하는 한, 자신 드로우 페이즈의 일반 드로우의 매수는, 그 "트로이메어" 몬스터의 종류의 수가 된다., use=null, database_id=13601, en_sets=
FLOD-EN047; Flames of Destruction; Secret Rare
MP19-EN028; 2019 Gold Sarcophagus Tin Mega Pack; Ultra Rare
GEIM-EN050; Genesis Impact; Rare, Collector's Rare
MGED-EN034; Maximum Gold: El Dorado; Premium Gold Rare
RA01-EN043; 25th Anniversary Rarity Collection; Super Rare, Ultra Rare, Secret Rare, Platinum Secret Rare, Quarter Century Secret Rare, Ultimate Rare, Collector's Rare, na_sets=null, eu_sets=null, au_sets=null, fr_sets=
FLOD-FR047; Flames of Destruction; Secret Rare
MP19-FR028; 2019 Gold Sarcophagus Tin Mega Pack; Ultra Rare
GEIM-FR050; Genesis Impact; Rare, Collector's Rare
MGED-FR034; Maximum Gold: El Dorado; Premium Gold Rare
RA01-FR043; 25th Anniversary Rarity Collection; Super Rare, Ultra Rare, Secret Rare, Platinum Secret Rare, Quarter Century Secret Rare, Ultimate Rare, Collector's Rare, fc_sets=null, de_sets=
FLOD-DE047; Flames of Destruction; Secret Rare
MP19-DE028; 2019 Gold Sarcophagus Tin Mega Pack; Ultra Rare
GEIM-DE050; Genesis Impact; Rare, Collector's Rare
MGED-DE034; Maximum Gold: El Dorado; Premium Gold Rare
RA01-DE043; 25th Anniversary Rarity Collection; Super Rare, Ultra Rare, Secret Rare, Platinum Secret Rare, Quarter Century Secret Rare, Ultimate Rare, Collector's Rare, it_sets=
FLOD-IT047; Flames of Destruction; Secret Rare
MP19-IT028; 2019 Gold Sarcophagus Tin Mega Pack; Ultra Rare
GEIM-IT050; Genesis Impact; Rare, Collector's Rare
MGED-IT034; Maximum Gold: El Dorado; Premium Gold Rare
RA01-IT043; 25th Anniversary Rarity Collection; Super Rare, Ultra Rare, Secret Rare, Platinum Secret Rare, Quarter Century Secret Rare, Ultimate Rare, Collector's Rare, pt_sets=
FLOD-PT047; Flames of Destruction; Secret Rare
MP19-PT028; 2019 Gold Sarcophagus Tin Mega Pack; Ultra Rare
GEIM-PT050; Genesis Impact; Rare, Collector's Rare
MGED-PT034; Maximum Gold: El Dorado; Premium Gold Rare
RA01-PT043; 25th Anniversary Rarity Collection; Super Rare, Ultra Rare, Secret Rare, Platinum Secret Rare, Quarter Century Secret Rare, Ultimate Rare, Collector's Rare, sp_sets=
FLOD-SP047; Flames of Destruction; Secret Rare
MP19-SP028; 2019 Gold Sarcophagus Tin Mega Pack; Ultra Rare
GEIM-SP050; Genesis Impact; Rare, Collector's Rare
MGED-SP034; Maximum Gold: El Dorado; Premium Gold Rare
RA01-SP043; 25th Anniversary Rarity Collection; Super Rare, Ultra Rare, Secret Rare, Platinum Secret Rare, Quarter Century Secret Rare, Ultimate Rare, Collector's Rare, jp_sets=
FLOD-JP047; Flames of Destruction; Super Rare, Secret Rare
RC04-JP044; Rarity Collection Quarter Century Edition; Ultra Rare, Ultimate Rare, Collector's Rare, Secret Rare, Extra Secret Rare, Quarter Century Secret Rare, ja_sets=null, ae_sets=null, tc_sets=null, sc_sets=
MGP2-SC029; Mega Pack 02; Ultra Rare, Secret Rare
23RC-SC046; Rarity Collection Quarter Century Edition; Super Rare, Ultimate Rare, Collector's Rare, Secret Rare, Extra Secret Rare, Quarter Century Secret Rare, kr_sets=
FLOD-KR047; Flames of Destruction; Super Rare, Secret Rare
RC04-KR044; Rarity Collection Quarter Century Edition; Ultra Rare, Ultimate Rare, Collector's Rare, Secret Rare, Extra Secret Rare, Quarter Century Secret Rare, supports=null, anti_supports=null, archseries=Knightmare, supports_archetypes=Knightmare, anti_supports_archetypes=null, related_to_archetypes=null, counter=null, action=
* Activates upon Link Summon
* You discard for cost
* You draw cards
* Returns from field to Deck
* Increases normal draw, stat_change=null, m_s_t=null, summoning=
* 2+ Link Materials
* Requires monsters with different names as Link Materials, attack=null, banished=null, life_points=null, fm_for=null, sm_for=null, misc=
* Co-link
* Only once per turn, fusion_material=null, synchro_material=null, material=2+ monsters with different names]