{
  "name" : "Jinzo #7",
  "fr_name" : "Jinzo N°7",
  "de_name" : "Jinzo #7",
  "it_name" : "Jinzo #7",
  "es_name" : "Jinzo #7",
  "ja_name" : "{{Ruby|人|じん}}{{Ruby|造|ぞう}}{{Ruby|人|にん}}{{Ruby|間|げん}}７{{Ruby|号|ごう}}",
  "romaji_name" : "Jinzōningen Nana-gō",
  "trans_name" : "Android #7",
  "ko_name" : "인조인간7호",
  "image" : "Jinzo7-MRD-EN-C-UE-25thAnniversaryEdition.png",
  "card_type" : "Monster",
  "attribute" : "DARK",
  "types" : "Machine / Effect",
  "level" : "2",
  "atk" : "500",
  "def" : "400",
  "password" : "32809211",
  "effect_types" : "Continuous",
  "lore" : "This [[monster]] can [[attack]] your opponent's [[Life Points]] [[Direct attack|directly]].",
  "fr_lore" : "Ce monstre peut attaquer directement les Life Points de votre adversaire.",
  "de_lore" : "Diese Karte kann die Life Points deines Gegners direkt angreifen.",
  "it_lore" : "Questo mostro può attaccare direttamente i Life Points del tuo avversario.",
  "pt_lore" : "Esta carta pode atacar seu oponente diretamente.",
  "es_lore" : "Esta carta puede atacar los Life Points de tu adversario directamente.",
  "ja_lore" : "このカードは相手プレイヤーを直接攻撃する事ができる。",
  "ko_lore" : "이 카드는 상대를 직접 공격할 수 있다.",
  "database_id" : "4428",
  "en_sets" : "\nDB1-EN162; Dark Beginning 1; Common\nMRD-EN035; Metal Raiders; Short Print\nMRD-EN035; Metal Raiders (25th Anniversary Edition); Common",
  "na_sets" : "\nMRD-035; Metal Raiders; Short Print",
  "eu_sets" : "\nMRD-E035; Metal Raiders; Short Print",
  "fr_sets" : "\nMRD-F035; Metal Raiders; Short Print\nMRD-FR035; Metal Raiders (25th Anniversary Edition); Common",
  "de_sets" : "\nMRD-G035; Metal Raiders; Short Print\nDB1-DE162; Dark Beginning 1; Common\nMRD-DE035; Metal Raiders (25th Anniversary Edition); Common",
  "it_sets" : "\nPMT-I035; Metal Raiders; Short Print\nMRD-IT035; Metal Raiders (25th Anniversary Edition); Common",
  "pt_sets" : "\nPMT-P035; Metal Raiders; Short Print\nMRD-PT035; Metal Raiders (25th Anniversary Edition); Common",
  "sp_sets" : "\nPMT-S035; Metal Raiders; Short Print\nDB1-SP162; Dark Beginning 1; Common\nMRD-SP035; Metal Raiders (25th Anniversary Edition); Common",
  "jp_sets" : "\n; Vol.5; Common\nRB-35; Revival of Black Demons Dragon; Common\nDL2-122; Duelist Legacy Volume.2; Common\nBE1-JP162; Beginner's Edition 1; Common",
  "ae_sets" : "\nMRD-035; Metal Raiders; Short Print",
  "kr_sets" : "\nMRD-K035; Metal Raiders; Short Print\nBP1-KR162; Beginner's Edition 1; Common",
  "archseries" : "Jinzo (archetype)",
  "attack" : "Direct attacker"
}