{
  "id" : null,
  "identifiers" : {
    "konamiId" : 12950,
    "password" : 14558127,
    "yugipediaPageId" : 480286
  },
  "name" : "Ash Blossom & Joyous Spring",
  "cardType" : "monster",
  "effectText" : "When a card or effect is activated that includes any of these effects (Quick Effect): You can discard this card; negate that effect.\n● Add a card from the Deck to the hand.\n● Special Summon from the Deck.\n● Send a card from the Deck to the GY.\nYou can only use this effect of \"Ash Blossom & Joyous Spring\" once per turn.",
  "monsterTypes" : [ "zombie", "tuner", "effect" ],
  "attribute" : "fire",
  "atk" : 0,
  "def" : 1800,
  "level" : 3,
  "localizedData" : {
    "de" : {
      "name" : "Aschenblüte & Freudiger Frühling",
      "effectText" : "Wenn eine Karte oder ein Effekt aktiviert wird, die oder der einen dieser Effekte enthält (Schnelleffekt): Du kannst diese Karte abwerfen; annulliere jenen Effekt.\n● Eine Karte vom Deck der Hand hinzufügen.\n● Spezialbeschwörung vom Deck durchführen.\n● Eine Karte vom Deck auf den Friedhof legen.\nDu kannst diesen Effekt von „Aschenblüte & Freudiger Frühling“ nur einmal pro Spielzug verwenden."
    },
    "es" : {
      "name" : "Flor de Ceniza & Primavera Feliz",
      "effectText" : "Cuando es activada una carta o efecto que incluya cualquiera de estos efectos (Efecto Rápido): puedes descartar esta carta; niega ese efecto.\n● Añadir a la mano una carta en el Deck.\n● Invocar de Modo Especial desde el Deck.\n● Mandar al Cementerio una carta en el Deck.\nSólo puedes usar este efecto de \"Flor de Ceniza & Primavera Feliz\" una vez por turno."
    },
    "fr" : {
      "name" : "Floraison de Cendres et Joyeux Printemps",
      "effectText" : "Lorsqu'une carte ou un effet qui inclut n'importe lequel de ces effets est activé (Effet Rapide) : vous pouvez défausser cette carte ; annulez l'effet.\n● Ajouter une carte depuis le Deck à la main.\n● Invoquer Spécialement depuis le Deck.\n● Envoyer une carte depuis le Deck au Cimetière.\nVous ne pouvez utiliser cet effet de \"Floraison de Cendres et Joyeux Printemps\" qu'une fois par tour."
    },
    "it" : {
      "name" : "Fioritura di Cenere & Gioiosa Primavera",
      "effectText" : "Quando viene attivata una carta o un effetto che include uno qualsiasi di questi effetti (Effetto Rapido): puoi scartare questa carta; annulla quell'effetto.\n● Aggiungere una carta dal Deck alla mano.\n● Evocare Specialmente dal Deck.\n● Mandare una carta dal Deck al Cimitero.\nPuoi utilizzare questo effetto di \"Fioritura di Cenere & Gioiosa Primavera\" una sola volta per turno."
    },
    "ja" : {
      "name" : "<ruby>灰<rt>は</rt></ruby><ruby>流<rt>る</rt></ruby>うらら",
      "effectText" : "このカード名の効果は１ターンに１度しか使用できない。①：以下のいずれかの効果を含む魔法・罠・モンスターの効果が発動した時、このカードを手札から捨てて発動できる。その効果を無効にする。\n●デッキからカードを手札に加える効果\n●デッキからモンスターを特殊召喚する効果\n●デッキからカードを墓地へ送る効果"
    },
    "ko" : {
      "name" : "하루 우라라",
      "effectText" : "이 카드명의 효과는 1턴에 1번밖에 사용할 수 없다. ①: 이하의 어느 효과를 포함하는 마법 / 함정 / 몬스터의 효과가 발동했을 때, 이 카드를 패에서 버리고 발동할 수 있다. 그 효과를 무효로 한다.\n●덱에서 카드를 패에 넣는 효과\n●덱에서 몬스터를 특수 소환하는 효과\n●덱에서 카드를 묘지로 보내는 효과"
    },
    "pt" : {
      "name" : "Florescer de Cinzas & Primavera Feliz",
      "effectText" : "Quando um card ou efeito for ativado que inclua qualquer um desses efeitos (Efeito Rápido): você pode descartar este card; negue o efeito.\n● Adicionar um card do Deck à mão.\n● Invocar por Invocação-Especial do Deck.\n● Enviar um card do Deck para o Cemitério.\nVocê só pode usar este efeito de \"Florescer de Cinzas & Primavera Feliz\" uma vez por turno."
    },
    "zh-Hans" : {
      "name" : "灰流丽",
      "effectText" : "此卡名的效果１回合仅可使用１次。\n①：包含以下其中任意效果的魔法・陷阱・怪兽的效果发动时，从手牌将此卡舍弃可以发动。将该效果无效。\n●从牌组将卡加入手牌的效果\n●从牌组将怪兽特殊召唤的效果\n●从牌组将卡送至墓地的效果"
    },
    "zh-Hant" : {
      "effectText" : "此卡名的效果１回合仅可使用１次。\n①：包含以下其中任意效果的魔法・陷阱・怪兽的效果发动时，从手牌将此卡舍弃可以发动。将该效果无效。\n●从牌组将卡加入手牌的效果\n●从牌组将怪兽特殊召唤的效果\n●从牌组将卡送至墓地的效果"
    }
  }
}