[ {
  "id" : null,
  "cardId" : null,
  "setId" : null,
  "printCode" : "NECH-EN021",
  "rarity" : "ultra rare",
  "language" : "en"
}, {
  "id" : null,
  "cardId" : null,
  "setId" : null,
  "printCode" : "MP15-EN144",
  "rarity" : "ultra rare",
  "language" : "en"
}, {
  "id" : null,
  "cardId" : null,
  "setId" : null,
  "printCode" : "PEVO-EN057",
  "rarity" : "super rare",
  "language" : "en"
}, {
  "id" : null,
  "cardId" : null,
  "setId" : null,
  "printCode" : "NECH-DE021",
  "rarity" : "ultra rare",
  "language" : "de"
}, {
  "id" : null,
  "cardId" : null,
  "setId" : null,
  "printCode" : "MP15-DE144",
  "rarity" : "ultra rare",
  "language" : "de"
}, {
  "id" : null,
  "cardId" : null,
  "setId" : null,
  "printCode" : "PEVO-DE057",
  "rarity" : "super rare",
  "language" : "de"
}, {
  "id" : null,
  "cardId" : null,
  "setId" : null,
  "printCode" : "NECH-SP021",
  "rarity" : "ultra rare",
  "language" : "es"
}, {
  "id" : null,
  "cardId" : null,
  "setId" : null,
  "printCode" : "MP15-SP144",
  "rarity" : "ultra rare",
  "language" : "es"
}, {
  "id" : null,
  "cardId" : null,
  "setId" : null,
  "printCode" : "PEVO-SP057",
  "rarity" : "super rare",
  "language" : "es"
}, {
  "id" : null,
  "cardId" : null,
  "setId" : null,
  "printCode" : "NECH-FR021",
  "rarity" : "ultra rare",
  "language" : "fr"
}, {
  "id" : null,
  "cardId" : null,
  "setId" : null,
  "printCode" : "MP15-FR144",
  "rarity" : "ultra rare",
  "language" : "fr"
}, {
  "id" : null,
  "cardId" : null,
  "setId" : null,
  "printCode" : "PEVO-FR057",
  "rarity" : "super rare",
  "language" : "fr"
}, {
  "id" : null,
  "cardId" : null,
  "setId" : null,
  "printCode" : "NECH-IT021",
  "rarity" : "ultra rare",
  "language" : "it"
}, {
  "id" : null,
  "cardId" : null,
  "setId" : null,
  "printCode" : "MP15-IT144",
  "rarity" : "ultra rare",
  "language" : "it"
}, {
  "id" : null,
  "cardId" : null,
  "setId" : null,
  "printCode" : "PEVO-IT057",
  "rarity" : "super rare",
  "language" : "it"
}, {
  "id" : null,
  "cardId" : null,
  "setId" : null,
  "printCode" : "NECH-JP021",
  "rarity" : "rare",
  "language" : "ja"
}, {
  "id" : null,
  "cardId" : null,
  "setId" : null,
  "printCode" : "20AP-JP098",
  "rarity" : "normal parallel rare",
  "language" : "ja"
}, {
  "id" : null,
  "cardId" : null,
  "setId" : null,
  "printCode" : "LVP1-JP062",
  "rarity" : "common",
  "language" : "ja"
}, {
  "id" : null,
  "cardId" : null,
  "setId" : null,
  "printCode" : "NECH-KR021",
  "rarity" : "rare",
  "language" : "ko"
}, {
  "id" : null,
  "cardId" : null,
  "setId" : null,
  "printCode" : "20AP-KR098",
  "rarity" : "normal parallel rare",
  "language" : "ko"
}, {
  "id" : null,
  "cardId" : null,
  "setId" : null,
  "printCode" : "LVP1-KR062",
  "rarity" : "common",
  "language" : "ko"
}, {
  "id" : null,
  "cardId" : null,
  "setId" : null,
  "printCode" : "NECH-PT021",
  "rarity" : "ultra rare",
  "language" : "pt"
}, {
  "id" : null,
  "cardId" : null,
  "setId" : null,
  "printCode" : "MP15-PT144",
  "rarity" : "ultra rare",
  "language" : "pt"
}, {
  "id" : null,
  "cardId" : null,
  "setId" : null,
  "printCode" : "PEVO-PT057",
  "rarity" : "super rare",
  "language" : "pt"
} ]