{
  "id" : null,
  "identifiers" : {
    "konamiId" : 4836,
    "password" : 4206964,
    "yugipediaPageId" : 222
  },
  "name" : "Trap Hole",
  "cardType" : "trap",
  "property" : "normal",
  "effectText" : "When your opponent Normal or Flip Summons a monster with 1000 or more ATK: Target that monster; destroy that target.",
  "localizedData" : {
    "de" : {
      "name" : "Fallgrube",
      "effectText" : "Wenn dein Gegner ein Monster mit 1000 oder mehr ATK als Normal- oder Flippbeschwörung beschwört: Wähle jenes Monster; zerstöre jenes gewählte Ziel."
    },
    "es" : {
      "name" : "Agujero Trampa",
      "effectText" : "Cuando tu adversario Invoca de Modo Normal o por Volteo un monstruo con 1000 ATK o más: selecciona ese monstruo; destruye ese objetivo."
    },
    "fr" : {
      "name" : "Trappe",
      "effectText" : "Lorsque votre adversaire Invoque Normalement ou par Flip un monstre avec min. 1000 ATK : ciblez le monstre ; détruisez la cible."
    },
    "it" : {
      "name" : "Buco Trappola",
      "effectText" : "Quando il tuo avversario Evoca Normalmente o per Scoperta un mostro con ATK 1000 o superiore: scegli come bersaglio quel mostro; distruggi quel bersaglio."
    },
    "ja" : {
      "name" : "<ruby>落<rt>お</rt></ruby>とし<ruby>穴<rt>あな</rt></ruby>",
      "effectText" : "①：相手が攻撃力１０００以上のモンスターの召喚・反転召喚に成功した時、そのモンスター１体を対象として発動できる。その攻撃力１０００以上のモンスターを破壊する。"
    },
    "ko" : {
      "name" : "함정 속으로",
      "effectText" : "①: 상대가 공격력 1000 이상의 몬스터의 일반 소환 / 반전 소환에 성공했을 때, 그 몬스터 1장을 대상으로 하고 발동할 수 있다. 그 공격력 1000 이상의 몬스터를 파괴한다."
    },
    "pt" : {
      "name" : "Buraco Armadilha",
      "effectText" : "Quando seu oponente Invocar por Invocação-Normal ou Virar um monstro com 1000 ou mais de ATK: escolha o monstro; destrua o alvo."
    },
    "zh-Hant" : {
      "name" : "陷坑",
      "effectText" : "對手攻擊力1000或以上的怪獸召喚／反轉召喚成功時，可選擇1隻該怪獸發動。破壞該攻擊力1000或以上的怪獸。"
    }
  }
}