{
  "de_lore" : "2+ Monster mit unterschiedlichen Namen<br />Falls diese Karte als Linkbeschwörung beschworen wird: Du kannst 1 Karte abwerfen und dann 1 Karte auf dem Spielfeld wählen; mische sie ins Deck, dann, falls diese Karte kreuzgelinkt war, als dieser Effekt aktiviert wurde, kannst du 1 Karte ziehen. Du kannst diesen Effekt von „Albtraumritter Einhorn“ nur einmal pro Spielzug verwenden. Solange kreuzgelinkte „Albtraumritter“-Monster auf dem Spielfeld liegen, ziehe für dein normales Ziehen in deiner Draw Phase 1 Karte für jeden unterschiedlichen Kartennamen unter jenen kreuzgelinkten „Albtraumritter“-Monstern, anstatt nur 1 Karte zu ziehen.",
  "lore" : "2+ [[Monster Card|monsters]] with different names<br />If this card is [[Link Summon]]ed: You can [[discard]] 1 card, then [[target]] 1 card on the [[field]]; [[shuffle]] it into the [[Main Deck|Deck]], then, if this card was [[co-linked]] when this effect was [[activate]]d, you can [[Draw a card|draw]] 1 card. You can only use this [[effect]] of \"Knightmare Unicorn\" [[once per turn]]. While any co-linked \"[[Knightmare]]\" monsters are on the field, for your [[normal draw]] in your [[Draw Phase]], draw 1 card for each different card name among those co-linked \"Knightmare\" monsters, instead of drawing just 1 card.",
  "current_image" : "1",
  "it_lore" : "2+ mostri con nomi diversi<br />Se questa carta viene Evocata Link: puoi scartare 1 carta, poi scegliere come bersaglio 1 carta sul Terreno; mischiala nel Deck, poi, se questa carta era co-linkata quando questo effetto è stato attivato, puoi pescare 1 carta. Puoi utilizzare questo effetto di \"Cavaliere dell'Incubo Unicorno\" una sola volta per turno. Mentre qualsiasi mostro \"Cavaliere dell'Incubo\" co-linkato è sul Terreno, per la tua normale pescata nella tua Draw Phase, pesca 1 carta per ogni carta con nome diverso tra quei mostri \"Cavaliere dell'Incubo\" co-linkati, invece di pescare solo 1 carta.",
  "pt_lore" : "2+ monstros com nomes diferentes<br />Se este card for Invocado por Invocação-Link: você pode descartar 1 card e, depois, escolha 1 card no campo; embaralhe-o no Deck e, depois, se este card estava co-linkado quando este efeito foi ativado, você pode comprar 1 card. Você só pode usar este efeito de \"Cavaleiro do Pesadelo Unicórnio\" uma vez por turno. Enquanto qualquer monstro \"Cavaleiro(a) do Pesadelo\" co-linkado estiver no campo, em sua compra normal na sua Fase de Compra, em vez de comprar apenas 1 card, compre 1 card para cada nome de card diferente entre esses monstros \"Cavaleiro(a) do Pesadelo\" co-linkados.",
  "sp_sets" : "FLOD-SP047; Flames of Destruction; Secret Rare\nMP19-SP028; 2019 Gold Sarcophagus Tin Mega Pack; Ultra Rare\nGEIM-SP050; Genesis Impact; Rare, Collector's Rare\nMGED-SP034; Maximum Gold: El Dorado; Premium Gold Rare\nRA01-SP043; 25th Anniversary Rarity Collection; Super Rare, Ultra Rare, Secret Rare, Platinum Secret Rare, Quarter Century Secret Rare, Ultimate Rare, Collector's Rare",
  "jp_sets" : "FLOD-JP047; Flames of Destruction; Super Rare, Secret Rare\nRC04-JP044; Rarity Collection Quarter Century Edition; Ultra Rare, Ultimate Rare, Collector's Rare, Secret Rare, Extra Secret Rare, Quarter Century Secret Rare",
  "sc_lore" : "卡名不同的怪兽２只以上<br />此卡名的①效果１回合仅可使用１次。<br />①：此卡连接召唤的情况下，舍弃１张手牌，以场上的１张卡为对象可以发动。将该卡放回牌组。此效果发动时此卡为相互连接状态的情况下，进而可自己抽１张。<br />②：只要有相互连接状态的“梦魇曲”怪兽存在，自己抽牌阶段的通常抽牌的张数就变为该“梦魇曲”怪兽种类的数量。",
  "supports_archetypes" : "Knightmare",
  "romaji_name" : "Toroimea Yunikōn",
  "sc_name" : "梦魇曲・独角兽",
  "fr_sets" : "FLOD-FR047; Flames of Destruction; Secret Rare\nMP19-FR028; 2019 Gold Sarcophagus Tin Mega Pack; Ultra Rare\nGEIM-FR050; Genesis Impact; Rare, Collector's Rare\nMGED-FR034; Maximum Gold: El Dorado; Premium Gold Rare\nRA01-FR043; 25th Anniversary Rarity Collection; Super Rare, Ultra Rare, Secret Rare, Platinum Secret Rare, Quarter Century Secret Rare, Ultimate Rare, Collector's Rare",
  "it_name" : "Cavaliere dell'Incubo Unicorno",
  "password" : "38342335",
  "ko_name" : "트로이메어 유니콘",
  "atk" : "2200",
  "action" : "* Activates upon Link Summon\n* You discard for cost\n* You draw cards\n* Returns from field to Deck\n* Increases normal draw",
  "kr_sets" : "FLOD-KR047; Flames of Destruction; Super Rare, Secret Rare\nRC04-KR044; Rarity Collection Quarter Century Edition; Ultra Rare, Ultimate Rare, Collector's Rare, Secret Rare, Extra Secret Rare, Quarter Century Secret Rare",
  "ja_name" : "トロイメア・ユニコーン",
  "attribute" : "DARK",
  "effect_types" : "Trigger, Condition, Continuous",
  "en_sets" : "FLOD-EN047; Flames of Destruction; Secret Rare\nMP19-EN028; 2019 Gold Sarcophagus Tin Mega Pack; Ultra Rare\nGEIM-EN050; Genesis Impact; Rare, Collector's Rare\nMGED-EN034; Maximum Gold: El Dorado; Premium Gold Rare\nRA01-EN043; 25th Anniversary Rarity Collection; Super Rare, Ultra Rare, Secret Rare, Platinum Secret Rare, Quarter Century Secret Rare, Ultimate Rare, Collector's Rare",
  "summoning" : "* 2+ Link Materials\n* Requires monsters with different names as Link Materials",
  "misc" : "* Co-link\n* Only once per turn",
  "image" : "1; KnightmareUnicorn-RA01-EN-SR-1E.png;    KnightmareUnicorn-MADU-EN-VG-artwork.png\n2; KnightmareUnicorn-RA01-EN-SR-1E-AA.png; KnightmareUnicorn-MADU-EN-VG-artwork-2.png",
  "types" : "Fiend / Link / Effect",
  "ko_lore" : "카드명이 다른 몬스터 2장 이상<br />이 카드명의 ①의 효과는 1턴에 1번밖에 사용할 수 없다. ①: 이 카드가 링크 소환에 성공했을 경우, 패를 1장 버리고, 필드의 카드 1장을 대상으로 하여 발동할 수 있다. 그 카드를 주인의 덱으로 되돌린다. 이 효과의 발동시에 이 카드가 상호 링크 상태였을 경우, 추가로 자신은 덱에서 1장 드로우할 수 있다. ②: 상호 링크 상태의 \"트로이메어\" 몬스터가 존재하는 한, 자신 드로우 페이즈의 일반 드로우의 매수는, 그 \"트로이메어\" 몬스터의 종류의 수가 된다.",
  "ko_rr_name" : "Teuroime-eo Yunikon",
  "archseries" : "Knightmare",
  "es_lore" : "2+ monstruos con nombres diferentes<br />Si esta carta es Invocada por Enlace: puedes descartar 1 carta, y después selecciona 1 carta en el Campo; barájala al Deck y después, si esta carta fue co-enlazada cuando este efecto fue activado, puedes robar 1 carta. Sólo puedes usar este efecto de \"Caballero de Pesadilla Unicornio\" una vez por turno. Mientras haya monstruos \"Caballero de Pesadilla\" co-enlazados en el Campo, en tu robo normal de tu Draw Phase roba 1 carta por cada nombre de carta diferente entre esos monstruos \"Caballero de Pesadilla\" co-enlazados, en lugar de robar sólo 1 carta.",
  "trans_name" : "Troymare Unicorn",
  "related_to_archseries" : "Mekk-Knight",
  "fr_name" : "Licorne, Chevalier du Cauchemar",
  "sc_sets" : "MGP2-SC029; Mega Pack 02; Ultra Rare, Secret Rare\n23RC-SC046; Rarity Collection Quarter Century Edition; Super Rare, Ultimate Rare, Collector's Rare, Secret Rare, Extra Secret Rare, Quarter Century Secret Rare",
  "pt_sets" : "FLOD-PT047; Flames of Destruction; Secret Rare\nMP19-PT028; 2019 Gold Sarcophagus Tin Mega Pack; Ultra Rare\nGEIM-PT050; Genesis Impact; Rare, Collector's Rare\nMGED-PT034; Maximum Gold: El Dorado; Premium Gold Rare\nRA01-PT043; 25th Anniversary Rarity Collection; Super Rare, Ultra Rare, Secret Rare, Platinum Secret Rare, Quarter Century Secret Rare, Ultimate Rare, Collector's Rare",
  "material" : "2+ monsters with different names",
  "it_sets" : "FLOD-IT047; Flames of Destruction; Secret Rare\nMP19-IT028; 2019 Gold Sarcophagus Tin Mega Pack; Ultra Rare\nGEIM-IT050; Genesis Impact; Rare, Collector's Rare\nMGED-IT034; Maximum Gold: El Dorado; Premium Gold Rare\nRA01-IT043; 25th Anniversary Rarity Collection; Super Rare, Ultra Rare, Secret Rare, Platinum Secret Rare, Quarter Century Secret Rare, Ultimate Rare, Collector's Rare",
  "database_id" : "13601",
  "ja_lore" : "カード名が異なるモンスター２体以上<br />このカード名の①の効果は１ターンに１度しか使用できない。①：このカードがリンク召喚に成功した場合、手札を１枚捨て、フィールドのカード１枚を対象として発動できる。そのカードを持ち主のデッキに戻す。この効果の発動時にこのカードが相互リンク状態だった場合、さらに自分はデッキから１枚ドローできる。②：相互リンク状態の「トロイメア」モンスターが存在する限り、自分ドローフェイズの通常のドローの枚数は、その「トロイメア」モンスターの種類の数になる。",
  "de_sets" : "FLOD-DE047; Flames of Destruction; Secret Rare\nMP19-DE028; 2019 Gold Sarcophagus Tin Mega Pack; Ultra Rare\nGEIM-DE050; Genesis Impact; Rare, Collector's Rare\nMGED-DE034; Maximum Gold: El Dorado; Premium Gold Rare\nRA01-DE043; 25th Anniversary Rarity Collection; Super Rare, Ultra Rare, Secret Rare, Platinum Secret Rare, Quarter Century Secret Rare, Ultimate Rare, Collector's Rare",
  "fr_lore" : "2+ monstres de noms différents<br />Si cette carte est Invoquée par Lien : vous pouvez défausser 1 carte, puis ciblez 1 carte sur le Terrain ; mélangez-la dans le Deck, puis, si cette carte était co-liée lorsque cet effet a été activé, vous pouvez piocher 1 carte. Vous ne pouvez utiliser cet effet de \"Licorne, Chevalier du Cauchemar\" qu'une fois par tour. Tant que des monstres \"Chevalier du Cauchemar\" co-liés sont sur le Terrain, pour votre pioche normale dans votre Draw Phase, piochez 1 carte pour chaque nom de carte différent parmi ces monstres \"Chevalier du Cauchemar\" co-liés, au lieu de piocher uniquement 1 carte.",
  "pt_name" : "Cavaleiro do Pesadelo Unicórnio",
  "es_name" : "Caballero de Pesadilla Unicornio",
  "link_arrows" : "Middle-Left, Bottom-Center, Middle-Right",
  "de_name" : "Albtraumritter Einhorn"
}
