{
  "cover_card" : "Blue-Eyes White Dragon",
  "en_name" : "Vol.1",
  "image" : "V1-BoosterJP.jpg",
  "ja_database_id" : "1101000",
  "ja_name" : "<ruby>Ｖｏｌ．<rt>ボリューム</rt></ruby>１",
  "jp_release_date" : "February 4, 1999",
  "next" : "Vol.2",
  "order_number" : "",
  "romaji_name" : "Boryūmu Wan",
  "series" : "Core Booster",
  "size" : "40",
  "type" : "Booster Pack"
}