{
  "name" : "Vol.1",
  "type" : "booster pack",
  "series" : "core booster",
  "localizedData" : {
    "ja" : {
      "name" : "<ruby>Ｖｏｌ．<rt>ボリューム</rt></ruby>１"
    }
  }
}